[INFO] Scanning for projects...
[INFO] 
[INFO] ---------< hr.algebra.rapid:LogisticsAndFleetManagementSystem >---------
[INFO] Building LogisticsAndFleetManagementSystem 0.0.1-SNAPSHOT
[INFO]   from pom.xml
[INFO] --------------------------------[ jar ]---------------------------------
[INFO] 
[INFO] --- resources:3.3.1:resources (default-resources) @ LogisticsAndFleetManagementSystem ---
[INFO] Copying 2 resources from src\main\resources to target\classes
[INFO] Copying 5 resources from src\main\resources to target\classes
[INFO] 
[INFO] --- compiler:3.13.0:compile (default-compile) @ LogisticsAndFleetManagementSystem ---
[INFO] Nothing to compile - all classes are up to date.
[INFO] 
[INFO] --- resources:3.3.1:testResources (default-testResources) @ LogisticsAndFleetManagementSystem ---
[INFO] Copying 3 resources from src\test\resources to target\test-classes
[INFO] 
[INFO] --- compiler:3.13.0:testCompile (default-testCompile) @ LogisticsAndFleetManagementSystem ---
[INFO] Nothing to compile - all classes are up to date.
[INFO] 
[INFO] --- surefire:3.5.4:test (default-test) @ LogisticsAndFleetManagementSystem ---
[INFO] Using auto detected provider org.apache.maven.surefire.junitplatform.JUnitPlatformProvider
[INFO] 
[INFO] -------------------------------------------------------
[INFO]  T E S T S
[INFO] -------------------------------------------------------
[INFO] Running hr.algebra.rapid.logisticsandfleetmanagementsystem.integration.AssignmentCreationIntegrationTest
15:15:05.763 [main] INFO org.springframework.test.context.support.AnnotationConfigContextLoaderUtils -- Could not detect default configuration classes for test class [hr.algebra.rapid.logisticsandfleetmanagementsystem.integration.AssignmentCreationIntegrationTest]: AssignmentCreationIntegrationTest does not declare any static, non-private, non-final, nested classes annotated with @Configuration.
15:15:05.936 [main] INFO org.springframework.boot.test.context.SpringBootTestContextBootstrapper -- Found @SpringBootConfiguration hr.algebra.rapid.logisticsandfleetmanagementsystem.LogisticsAndFleetManagementSystemApplication for test class hr.algebra.rapid.logisticsandfleetmanagementsystem.integration.AssignmentCreationIntegrationTest
15:15:06.161 [main] INFO org.springframework.boot.devtools.restart.RestartApplicationListener -- Restart disabled due to context in which it is running

  .   ____          _            __ _ _
 /\\ / ___'_ __ _ _(_)_ __  __ _ \ \ \ \
( ( )\___ | '_ | '_| | '_ \/ _` | \ \ \ \
 \\/  ___)| |_)| | | | | || (_| |  ) ) ) )
  '  |____| .__|_| |_|_| |_\__, | / / / /
 =========|_|==============|___/=/_/_/_/

 :: Spring Boot ::                (v3.5.6)

2026-01-01T15:15:06.454+01:00  INFO 151076 --- [           main] .r.l.i.AssignmentCreationIntegrationTest : Starting AssignmentCreationIntegrationTest using Java 23.0.2 with PID 151076 (started by misla in C:\Users\misla\Desktop\3.SEMESTAR ALGEBRA\RapidJava\Project\rapid-java-project)
2026-01-01T15:15:06.456+01:00  INFO 151076 --- [           main] .r.l.i.AssignmentCreationIntegrationTest : The following 1 profile is active: "test"
2026-01-01T15:15:07.752+01:00  INFO 151076 --- [           main] .s.d.r.c.RepositoryConfigurationDelegate : Bootstrapping Spring Data JPA repositories in DEFAULT mode.
2026-01-01T15:15:07.841+01:00  INFO 151076 --- [           main] .s.d.r.c.RepositoryConfigurationDelegate : Finished Spring Data repository scanning in 77 ms. Found 8 JPA repository interfaces.
2026-01-01T15:15:09.602+01:00  INFO 151076 --- [           main] o.hibernate.jpa.internal.util.LogHelper  : HHH000204: Processing PersistenceUnitInfo [name: default]
2026-01-01T15:15:09.721+01:00  INFO 151076 --- [           main] org.hibernate.Version                    : HHH000412: Hibernate ORM core version 6.6.29.Final
2026-01-01T15:15:09.780+01:00  INFO 151076 --- [           main] o.h.c.internal.RegionFactoryInitiator    : HHH000026: Second-level cache disabled
2026-01-01T15:15:10.269+01:00  INFO 151076 --- [           main] o.s.o.j.p.SpringPersistenceUnitInfo      : No LoadTimeWeaver setup: ignoring JPA class transformer
2026-01-01T15:15:10.304+01:00  INFO 151076 --- [           main] com.zaxxer.hikari.HikariDataSource       : HikariPool-1 - Starting...
2026-01-01T15:15:10.488+01:00  INFO 151076 --- [           main] com.zaxxer.hikari.pool.HikariPool        : HikariPool-1 - Added connection conn0: url=jdbc:h2:mem:testdb user=SA
2026-01-01T15:15:10.490+01:00  INFO 151076 --- [           main] com.zaxxer.hikari.HikariDataSource       : HikariPool-1 - Start completed.
2026-01-01T15:15:10.513+01:00  WARN 151076 --- [           main] org.hibernate.orm.deprecation            : HHH90000025: H2Dialect does not need to be specified explicitly using 'hibernate.dialect' (remove the property setting and it will be selected by default)
2026-01-01T15:15:10.546+01:00  INFO 151076 --- [           main] org.hibernate.orm.connections.pooling    : HHH10001005: Database info:
	Database JDBC URL [Connecting through datasource 'HikariDataSource (HikariPool-1)']
	Database driver: undefined/unknown
	Database version: 2.3.232
	Autocommit mode: undefined/unknown
	Isolation level: undefined/unknown
	Minimum pool size: undefined/unknown
	Maximum pool size: undefined/unknown
2026-01-01T15:15:11.628+01:00  INFO 151076 --- [           main] o.h.e.t.j.p.i.JtaPlatformInitiator       : HHH000489: No JTA platform available (set 'hibernate.transaction.jta.platform' to enable JTA platform integration)
Hibernate: drop table if exists app_user cascade 
Hibernate: drop table if exists assignment cascade 
Hibernate: drop table if exists driver cascade 
Hibernate: drop table if exists refresh_token cascade 
Hibernate: drop table if exists roles cascade 
Hibernate: drop table if exists routes cascade 
Hibernate: drop table if exists shipment cascade 
Hibernate: drop table if exists user_roles cascade 
Hibernate: drop table if exists vehicle cascade 
Hibernate: create table app_user (is_enabled boolean, id bigint generated by default as identity, email varchar(255) not null unique, first_name varchar(255), last_name varchar(255), password varchar(255), username varchar(255), primary key (id))
Hibernate: create table assignment (driver_id bigint not null, end_time timestamp(6), id bigint generated by default as identity, route_id bigint not null unique, start_time timestamp(6) not null, vehicle_id bigint not null, status varchar(255) not null, primary key (id))
Hibernate: create table driver (license_expiration_date date, id bigint generated by default as identity, user_info_id bigint not null unique, license_number varchar(255) unique, phone_number varchar(255), primary key (id))
Hibernate: create table refresh_token (id integer generated by default as identity, expiry_date timestamp(6) with time zone, user_id bigint unique, token varchar(255), primary key (id))
Hibernate: create table roles (id bigint generated by default as identity, name varchar(255), primary key (id))
Hibernate: create table routes (destination_latitude float(53), destination_longitude float(53), estimated_distance_km float(53), origin_latitude float(53), origin_longitude float(53), estimated_duration_minutes bigint, id bigint generated by default as identity, destination_address varchar(255), origin_address varchar(255), status enum ('ACTIVE','CALCULATED','CANCELED','COMPLETED','DRAFT') not null, primary key (id))
Hibernate: create table shipment (delivery_sequence integer, destination_latitude float(53), destination_longitude float(53), origin_latitude float(53), origin_longitude float(53), shipment_value numeric(38,2), volume_m3 numeric(38,2), weight_kg numeric(38,2) not null, actual_delivery_date timestamp(6), assignment_id bigint, expected_delivery_date timestamp(6), id bigint generated by default as identity, route_id bigint unique, description varchar(255), destination_address varchar(255) not null, origin_address varchar(255) not null, tracking_number varchar(255) not null unique, status enum ('CANCELED','DELAYED','DELIVERED','IN_TRANSIT','OVERDUE','PENDING','SCHEDULED') not null, primary key (id))
Hibernate: create table user_roles (application_user_id bigint not null, role_id bigint not null)
Hibernate: create table vehicle (fuel_consumption_liters_per_100km numeric(38,2), last_service_date date, load_capacity_kg numeric(38,2), model_year integer, current_driver_id bigint unique, current_mileage_km bigint, id bigint generated by default as identity, next_service_mileage_km bigint, fuel_type varchar(255), license_plate varchar(255) not null unique, make varchar(255) not null, model varchar(255) not null, primary key (id))
Hibernate: alter table if exists assignment add constraint FKlxyhk53rm4gb54bfipxr2i8p8 foreign key (driver_id) references driver
Hibernate: alter table if exists assignment add constraint FK320nijic7fcow72xnld7schta foreign key (route_id) references routes
Hibernate: alter table if exists assignment add constraint FK5s0h3p6bsdhaysqgk03dg10px foreign key (vehicle_id) references vehicle
Hibernate: alter table if exists driver add constraint FKehly913071uevukgy4fx05c4s foreign key (user_info_id) references app_user
Hibernate: alter table if exists refresh_token add constraint FK5wkt2p042y3lwltk29cvpxuh foreign key (user_id) references app_user
Hibernate: alter table if exists shipment add constraint FK6dvmgmimcdtj7e175s93robk6 foreign key (assignment_id) references assignment
Hibernate: alter table if exists shipment add constraint FKghw3j6lueyw6i2udq0973yg1j foreign key (route_id) references routes
Hibernate: alter table if exists user_roles add constraint FKh8ciramu9cc9q3qcqiv4ue8a6 foreign key (role_id) references roles
Hibernate: alter table if exists user_roles add constraint FKj3mvebdkl4w67i9hn3t75fy1w foreign key (application_user_id) references app_user
Hibernate: alter table if exists vehicle add constraint FKqal9l8b6utkrujkgidvju97ww foreign key (current_driver_id) references driver
2026-01-01T15:15:11.692+01:00  INFO 151076 --- [           main] j.LocalContainerEntityManagerFactoryBean : Initialized JPA EntityManagerFactory for persistence unit 'default'
2026-01-01T15:15:12.865+01:00  INFO 151076 --- [           main] r$InitializeUserDetailsManagerConfigurer : Global AuthenticationManager configured with UserDetailsService bean with name userDetailsServiceImpl
2026-01-01T15:15:12.961+01:00  INFO 151076 --- [           main] h.a.r.l.s.ShipmentMaintenanceScheduler   : ShipmentMaintenanceScheduler je inicijaliziran i spreman za rad.
2026-01-01T15:15:13.156+01:00  WARN 151076 --- [           main] JpaBaseConfiguration$JpaWebConfiguration : spring.jpa.open-in-view is enabled by default. Therefore, database queries may be performed during view rendering. Explicitly configure spring.jpa.open-in-view to disable this warning
2026-01-01T15:15:13.887+01:00  INFO 151076 --- [           main] o.s.b.a.e.web.EndpointLinksResolver      : Exposing 2 endpoints beneath base path '/actuator'
2026-01-01T15:15:14.711+01:00  INFO 151076 --- [           main] .r.l.i.AssignmentCreationIntegrationTest : Started AssignmentCreationIntegrationTest in 8.56 seconds (process running for 9.579)
mvn : Mockito is currently self-attaching to enable the inline-mock-maker. This will no longer work in future releases of the JDK. Please add Mockito as an agent to your build as
 described in Mockito's documentation: https://javadoc.io/doc/org.mockito/mockito-core/latest/org.mockito/org/mockito/Mockito.html#0.3
At line:1 char:1
+ mvn test -Dtest=AssignmentCreationIntegrationTest > test-log.txt 2>&1
+ ~~~~~~~~~~~~~~~~~~~~~~~~~~~~~~~~~~~~~~~~~~~~~~~~~~~~~~~~~~~~~~~~~~~~~
    + CategoryInfo          : NotSpecified: (Mockito is curr...ockito.html#0.3:String) [], RemoteException
    + FullyQualifiedErrorId : NativeCommandError
 
WARNING: A Java agent has been loaded dynamically (C:\Users\misla\.m2\repository\net\bytebuddy\byte-buddy-agent\1.17.7\byte-buddy-agent-1.17.7.jar)
WARNING: If a serviceability tool is in use, please run with -XX:+EnableDynamicAgentLoading to hide this warning
WARNING: If a serviceability tool is not in use, please run with -Djdk.instrument.traceUsage for more information
WARNING: Dynamic loading of agents will be disallowed by default in a future release
OpenJDK 64-Bit Server VM warning: Sharing is only supported for boot loader classes because bootstrap classpath has been appended
Hibernate: insert into app_user (email,first_name,is_enabled,last_name,password,username,id) values (?,?,?,?,?,?,default)
Hibernate: insert into driver (license_expiration_date,license_number,phone_number,user_info_id,id) values (?,?,?,?,default)
Hibernate: insert into vehicle (current_driver_id,current_mileage_km,fuel_consumption_liters_per_100km,fuel_type,last_service_date,license_plate,load_capacity_kg,make,model,next_service_mileage_km,model_year,id) values (?,?,?,?,?,?,?,?,?,?,?,default)
Hibernate: insert into shipment (actual_delivery_date,assignment_id,delivery_sequence,description,destination_address,destination_latitude,destination_longitude,expected_delivery_date,origin_address,origin_latitude,origin_longitude,route_id,shipment_value,status,tracking_number,volume_m3,weight_kg,id) values (?,?,?,?,?,?,?,?,?,?,?,?,?,?,?,?,?,default)
Hibernate: select a1_0.id,a1_0.driver_id,a1_0.end_time,a1_0.route_id,r1_0.id,r1_0.destination_address,r1_0.destination_latitude,r1_0.destination_longitude,r1_0.estimated_distance_km,r1_0.estimated_duration_minutes,r1_0.origin_address,r1_0.origin_latitude,r1_0.origin_longitude,r1_0.status,a1_0.start_time,a1_0.status,a1_0.vehicle_id from assignment a1_0 join routes r1_0 on r1_0.id=a1_0.route_id where a1_0.id=?
2026-01-01T15:15:15.484+01:00  INFO 151076 --- [           main] j.LocalContainerEntityManagerFactoryBean : Closing JPA EntityManagerFactory for persistence unit 'default'
Hibernate: drop table if exists app_user cascade 
Hibernate: drop table if exists assignment cascade 
Hibernate: drop table if exists driver cascade 
Hibernate: drop table if exists refresh_token cascade 
Hibernate: drop table if exists roles cascade 
Hibernate: drop table if exists routes cascade 
Hibernate: drop table if exists shipment cascade 
Hibernate: drop table if exists user_roles cascade 
Hibernate: drop table if exists vehicle cascade 
2026-01-01T15:15:15.496+01:00  INFO 151076 --- [           main] com.zaxxer.hikari.HikariDataSource       : HikariPool-1 - Shutdown initiated...
2026-01-01T15:15:15.499+01:00  INFO 151076 --- [           main] com.zaxxer.hikari.HikariDataSource       : HikariPool-1 - Shutdown completed.
2026-01-01T15:15:15.515+01:00  INFO 151076 --- [           main] o.s.b.d.r.RestartApplicationListener     : Restart disabled due to context in which it is running

  .   ____          _            __ _ _
 /\\ / ___'_ __ _ _(_)_ __  __ _ \ \ \ \
( ( )\___ | '_ | '_| | '_ \/ _` | \ \ \ \
 \\/  ___)| |_)| | | | | || (_| |  ) ) ) )
  '  |____| .__|_| |_|_| |_\__, | / / / /
 =========|_|==============|___/=/_/_/_/

 :: Spring Boot ::                (v3.5.6)

2026-01-01T15:15:15.538+01:00  INFO 151076 --- [           main] .r.l.i.AssignmentCreationIntegrationTest : Starting AssignmentCreationIntegrationTest using Java 23.0.2 with PID 151076 (started by misla in C:\Users\misla\Desktop\3.SEMESTAR ALGEBRA\RapidJava\Project\rapid-java-project)
2026-01-01T15:15:15.538+01:00  INFO 151076 --- [           main] .r.l.i.AssignmentCreationIntegrationTest : The following 1 profile is active: "test"
2026-01-01T15:15:15.797+01:00  INFO 151076 --- [           main] .s.d.r.c.RepositoryConfigurationDelegate : Bootstrapping Spring Data JPA repositories in DEFAULT mode.
2026-01-01T15:15:15.813+01:00  INFO 151076 --- [           main] .s.d.r.c.RepositoryConfigurationDelegate : Finished Spring Data repository scanning in 15 ms. Found 8 JPA repository interfaces.
2026-01-01T15:15:15.958+01:00  INFO 151076 --- [           main] o.hibernate.jpa.internal.util.LogHelper  : HHH000204: Processing PersistenceUnitInfo [name: default]
2026-01-01T15:15:15.961+01:00  INFO 151076 --- [           main] o.h.c.internal.RegionFactoryInitiator    : HHH000026: Second-level cache disabled
2026-01-01T15:15:15.969+01:00  INFO 151076 --- [           main] o.s.o.j.p.SpringPersistenceUnitInfo      : No LoadTimeWeaver setup: ignoring JPA class transformer
2026-01-01T15:15:15.970+01:00  INFO 151076 --- [           main] com.zaxxer.hikari.HikariDataSource       : HikariPool-2 - Starting...
2026-01-01T15:15:15.972+01:00  INFO 151076 --- [           main] com.zaxxer.hikari.pool.HikariPool        : HikariPool-2 - Added connection conn10: url=jdbc:h2:mem:testdb user=SA
2026-01-01T15:15:15.972+01:00  INFO 151076 --- [           main] com.zaxxer.hikari.HikariDataSource       : HikariPool-2 - Start completed.
2026-01-01T15:15:15.973+01:00  WARN 151076 --- [           main] org.hibernate.orm.deprecation            : HHH90000025: H2Dialect does not need to be specified explicitly using 'hibernate.dialect' (remove the property setting and it will be selected by default)
2026-01-01T15:15:15.973+01:00  INFO 151076 --- [           main] org.hibernate.orm.connections.pooling    : HHH10001005: Database info:
	Database JDBC URL [Connecting through datasource 'HikariDataSource (HikariPool-2)']
	Database driver: undefined/unknown
	Database version: 2.3.232
	Autocommit mode: undefined/unknown
	Isolation level: undefined/unknown
	Minimum pool size: undefined/unknown
	Maximum pool size: undefined/unknown
2026-01-01T15:15:16.091+01:00  INFO 151076 --- [           main] o.h.e.t.j.p.i.JtaPlatformInitiator       : HHH000489: No JTA platform available (set 'hibernate.transaction.jta.platform' to enable JTA platform integration)
Hibernate: drop table if exists app_user cascade 
Hibernate: drop table if exists assignment cascade 
Hibernate: drop table if exists driver cascade 
Hibernate: drop table if exists refresh_token cascade 
Hibernate: drop table if exists roles cascade 
Hibernate: drop table if exists routes cascade 
Hibernate: drop table if exists shipment cascade 
Hibernate: drop table if exists user_roles cascade 
Hibernate: drop table if exists vehicle cascade 
Hibernate: create table app_user (is_enabled boolean, id bigint generated by default as identity, email varchar(255) not null unique, first_name varchar(255), last_name varchar(255), password varchar(255), username varchar(255), primary key (id))
Hibernate: create table assignment (driver_id bigint not null, end_time timestamp(6), id bigint generated by default as identity, route_id bigint not null unique, start_time timestamp(6) not null, vehicle_id bigint not null, status varchar(255) not null, primary key (id))
Hibernate: create table driver (license_expiration_date date, id bigint generated by default as identity, user_info_id bigint not null unique, license_number varchar(255) unique, phone_number varchar(255), primary key (id))
Hibernate: create table refresh_token (id integer generated by default as identity, expiry_date timestamp(6) with time zone, user_id bigint unique, token varchar(255), primary key (id))
Hibernate: create table roles (id bigint generated by default as identity, name varchar(255), primary key (id))
Hibernate: create table routes (destination_latitude float(53), destination_longitude float(53), estimated_distance_km float(53), origin_latitude float(53), origin_longitude float(53), estimated_duration_minutes bigint, id bigint generated by default as identity, destination_address varchar(255), origin_address varchar(255), status enum ('ACTIVE','CALCULATED','CANCELED','COMPLETED','DRAFT') not null, primary key (id))
Hibernate: create table shipment (delivery_sequence integer, destination_latitude float(53), destination_longitude float(53), origin_latitude float(53), origin_longitude float(53), shipment_value numeric(38,2), volume_m3 numeric(38,2), weight_kg numeric(38,2) not null, actual_delivery_date timestamp(6), assignment_id bigint, expected_delivery_date timestamp(6), id bigint generated by default as identity, route_id bigint unique, description varchar(255), destination_address varchar(255) not null, origin_address varchar(255) not null, tracking_number varchar(255) not null unique, status enum ('CANCELED','DELAYED','DELIVERED','IN_TRANSIT','OVERDUE','PENDING','SCHEDULED') not null, primary key (id))
Hibernate: create table user_roles (application_user_id bigint not null, role_id bigint not null)
Hibernate: create table vehicle (fuel_consumption_liters_per_100km numeric(38,2), last_service_date date, load_capacity_kg numeric(38,2), model_year integer, current_driver_id bigint unique, current_mileage_km bigint, id bigint generated by default as identity, next_service_mileage_km bigint, fuel_type varchar(255), license_plate varchar(255) not null unique, make varchar(255) not null, model varchar(255) not null, primary key (id))
Hibernate: alter table if exists assignment add constraint FKlxyhk53rm4gb54bfipxr2i8p8 foreign key (driver_id) references driver
Hibernate: alter table if exists assignment add constraint FK320nijic7fcow72xnld7schta foreign key (route_id) references routes
Hibernate: alter table if exists assignment add constraint FK5s0h3p6bsdhaysqgk03dg10px foreign key (vehicle_id) references vehicle
Hibernate: alter table if exists driver add constraint FKehly913071uevukgy4fx05c4s foreign key (user_info_id) references app_user
Hibernate: alter table if exists refresh_token add constraint FK5wkt2p042y3lwltk29cvpxuh foreign key (user_id) references app_user
Hibernate: alter table if exists shipment add constraint FK6dvmgmimcdtj7e175s93robk6 foreign key (assignment_id) references assignment
Hibernate: alter table if exists shipment add constraint FKghw3j6lueyw6i2udq0973yg1j foreign key (route_id) references routes
Hibernate: alter table if exists user_roles add constraint FKh8ciramu9cc9q3qcqiv4ue8a6 foreign key (role_id) references roles
Hibernate: alter table if exists user_roles add constraint FKj3mvebdkl4w67i9hn3t75fy1w foreign key (application_user_id) references app_user
Hibernate: alter table if exists vehicle add constraint FKqal9l8b6utkrujkgidvju97ww foreign key (current_driver_id) references driver
2026-01-01T15:15:16.111+01:00  INFO 151076 --- [           main] j.LocalContainerEntityManagerFactoryBean : Initialized JPA EntityManagerFactory for persistence unit 'default'
2026-01-01T15:15:16.235+01:00  INFO 151076 --- [           main] r$InitializeUserDetailsManagerConfigurer : Global AuthenticationManager configured with UserDetailsService bean with name userDetailsServiceImpl
2026-01-01T15:15:16.249+01:00  INFO 151076 --- [           main] h.a.r.l.s.ShipmentMaintenanceScheduler   : ShipmentMaintenanceScheduler je inicijaliziran i spreman za rad.
2026-01-01T15:15:16.275+01:00  WARN 151076 --- [           main] JpaBaseConfiguration$JpaWebConfiguration : spring.jpa.open-in-view is enabled by default. Therefore, database queries may be performed during view rendering. Explicitly configure spring.jpa.open-in-view to disable this warning
2026-01-01T15:15:16.401+01:00  INFO 151076 --- [           main] o.s.b.a.e.web.EndpointLinksResolver      : Exposing 2 endpoints beneath base path '/actuator'
2026-01-01T15:15:16.554+01:00  INFO 151076 --- [           main] .r.l.i.AssignmentCreationIntegrationTest : Started AssignmentCreationIntegrationTest in 1.04 seconds (process running for 11.422)
Hibernate: insert into app_user (email,first_name,is_enabled,last_name,password,username,id) values (?,?,?,?,?,?,default)
Hibernate: insert into driver (license_expiration_date,license_number,phone_number,user_info_id,id) values (?,?,?,?,default)
Hibernate: insert into vehicle (current_driver_id,current_mileage_km,fuel_consumption_liters_per_100km,fuel_type,last_service_date,license_plate,load_capacity_kg,make,model,next_service_mileage_km,model_year,id) values (?,?,?,?,?,?,?,?,?,?,?,default)
Hibernate: insert into shipment (actual_delivery_date,assignment_id,delivery_sequence,description,destination_address,destination_latitude,destination_longitude,expected_delivery_date,origin_address,origin_latitude,origin_longitude,route_id,shipment_value,status,tracking_number,volume_m3,weight_kg,id) values (?,?,?,?,?,?,?,?,?,?,?,?,?,?,?,?,?,default)
Hibernate: insert into routes (destination_address,destination_latitude,destination_longitude,estimated_distance_km,estimated_duration_minutes,origin_address,origin_latitude,origin_longitude,status,id) values (?,?,?,?,?,?,?,?,?,default)
Hibernate: select s1_0.id,s1_0.actual_delivery_date,a1_0.id,a1_0.driver_id,a1_0.end_time,a1_0.route_id,r1_0.id,r1_0.destination_address,r1_0.destination_latitude,r1_0.destination_longitude,r1_0.estimated_distance_km,r1_0.estimated_duration_minutes,r1_0.origin_address,r1_0.origin_latitude,r1_0.origin_longitude,r1_0.status,a1_0.start_time,a1_0.status,a1_0.vehicle_id,s1_0.delivery_sequence,s1_0.description,s1_0.destination_address,s1_0.destination_latitude,s1_0.destination_longitude,s1_0.expected_delivery_date,s1_0.origin_address,s1_0.origin_latitude,s1_0.origin_longitude,r2_0.id,a2_0.id,a2_0.driver_id,a2_0.end_time,a2_0.route_id,a2_0.start_time,a2_0.status,a2_0.vehicle_id,r2_0.destination_address,r2_0.destination_latitude,r2_0.destination_longitude,r2_0.estimated_distance_km,r2_0.estimated_duration_minutes,r2_0.origin_address,r2_0.origin_latitude,r2_0.origin_longitude,r2_0.status,s1_0.shipment_value,s1_0.status,s1_0.tracking_number,s1_0.volume_m3,s1_0.weight_kg from shipment s1_0 left join assignment a1_0 on a1_0.id=s1_0.assignment_id left join routes r1_0 on r1_0.id=a1_0.route_id left join routes r2_0 on r2_0.id=s1_0.route_id left join assignment a2_0 on r2_0.id=a2_0.route_id where s1_0.id=?
Hibernate: update shipment set actual_delivery_date=?,assignment_id=?,delivery_sequence=?,description=?,destination_address=?,destination_latitude=?,destination_longitude=?,expected_delivery_date=?,origin_address=?,origin_latitude=?,origin_longitude=?,route_id=?,shipment_value=?,status=?,tracking_number=?,volume_m3=?,weight_kg=? where id=?
Hibernate: select d1_0.id,d1_0.license_expiration_date,d1_0.license_number,d1_0.phone_number,d1_0.user_info_id,ui1_0.id,ui1_0.email,ui1_0.first_name,ui1_0.is_enabled,ui1_0.last_name,ui1_0.password,ui1_0.username,r1_0.application_user_id,r1_1.id,r1_1.name from driver d1_0 join app_user ui1_0 on ui1_0.id=d1_0.user_info_id left join user_roles r1_0 on ui1_0.id=r1_0.application_user_id left join roles r1_1 on r1_1.id=r1_0.role_id where d1_0.id=?
Hibernate: select v1_0.id,v1_0.current_driver_id,v1_0.current_mileage_km,v1_0.fuel_consumption_liters_per_100km,v1_0.fuel_type,v1_0.last_service_date,v1_0.license_plate,v1_0.load_capacity_kg,v1_0.make,v1_0.model,v1_0.next_service_mileage_km,v1_0.model_year from vehicle v1_0 where v1_0.current_driver_id=?
Hibernate: select v1_0.id,v1_0.current_driver_id,v1_0.current_mileage_km,v1_0.fuel_consumption_liters_per_100km,v1_0.fuel_type,v1_0.last_service_date,v1_0.license_plate,v1_0.load_capacity_kg,v1_0.make,v1_0.model,v1_0.next_service_mileage_km,v1_0.model_year from vehicle v1_0 where v1_0.id=?
Hibernate: select s1_0.id,s1_0.actual_delivery_date,s1_0.assignment_id,s1_0.delivery_sequence,s1_0.description,s1_0.destination_address,s1_0.destination_latitude,s1_0.destination_longitude,s1_0.expected_delivery_date,s1_0.origin_address,s1_0.origin_latitude,s1_0.origin_longitude,s1_0.route_id,s1_0.shipment_value,s1_0.status,s1_0.tracking_number,s1_0.volume_m3,s1_0.weight_kg from shipment s1_0 where s1_0.id in (?)
Hibernate: select r1_0.id,a1_0.id,a1_0.driver_id,a1_0.end_time,a1_0.route_id,a1_0.start_time,a1_0.status,a1_0.vehicle_id,r1_0.destination_address,r1_0.destination_latitude,r1_0.destination_longitude,r1_0.estimated_distance_km,r1_0.estimated_duration_minutes,r1_0.origin_address,r1_0.origin_latitude,r1_0.origin_longitude,r1_0.status from routes r1_0 left join assignment a1_0 on r1_0.id=a1_0.route_id where r1_0.id=?
Hibernate: insert into routes (destination_address,destination_latitude,destination_longitude,estimated_distance_km,estimated_duration_minutes,origin_address,origin_latitude,origin_longitude,status,id) values (?,?,?,?,?,?,?,?,?,default)
Hibernate: insert into assignment (driver_id,end_time,route_id,start_time,status,vehicle_id,id) values (?,?,?,?,?,?,default)
2026-01-01T15:15:16.765+01:00  INFO 151076 --- [           main] j.LocalContainerEntityManagerFactoryBean : Closing JPA EntityManagerFactory for persistence unit 'default'
Hibernate: drop table if exists app_user cascade 
Hibernate: drop table if exists assignment cascade 
Hibernate: drop table if exists driver cascade 
Hibernate: drop table if exists refresh_token cascade 
Hibernate: drop table if exists roles cascade 
Hibernate: drop table if exists routes cascade 
Hibernate: drop table if exists shipment cascade 
Hibernate: drop table if exists user_roles cascade 
Hibernate: drop table if exists vehicle cascade 
2026-01-01T15:15:16.769+01:00  INFO 151076 --- [           main] com.zaxxer.hikari.HikariDataSource       : HikariPool-2 - Shutdown initiated...
2026-01-01T15:15:16.770+01:00  INFO 151076 --- [           main] com.zaxxer.hikari.HikariDataSource       : HikariPool-2 - Shutdown completed.
2026-01-01T15:15:16.777+01:00  INFO 151076 --- [           main] o.s.b.d.r.RestartApplicationListener     : Restart disabled due to context in which it is running

  .   ____          _            __ _ _
 /\\ / ___'_ __ _ _(_)_ __  __ _ \ \ \ \
( ( )\___ | '_ | '_| | '_ \/ _` | \ \ \ \
 \\/  ___)| |_)| | | | | || (_| |  ) ) ) )
  '  |____| .__|_| |_|_| |_\__, | / / / /
 =========|_|==============|___/=/_/_/_/

 :: Spring Boot ::                (v3.5.6)

2026-01-01T15:15:16.801+01:00  INFO 151076 --- [           main] .r.l.i.AssignmentCreationIntegrationTest : Starting AssignmentCreationIntegrationTest using Java 23.0.2 with PID 151076 (started by misla in C:\Users\misla\Desktop\3.SEMESTAR ALGEBRA\RapidJava\Project\rapid-java-project)
2026-01-01T15:15:16.801+01:00  INFO 151076 --- [           main] .r.l.i.AssignmentCreationIntegrationTest : The following 1 profile is active: "test"
2026-01-01T15:15:17.031+01:00  INFO 151076 --- [           main] .s.d.r.c.RepositoryConfigurationDelegate : Bootstrapping Spring Data JPA repositories in DEFAULT mode.
2026-01-01T15:15:17.051+01:00  INFO 151076 --- [           main] .s.d.r.c.RepositoryConfigurationDelegate : Finished Spring Data repository scanning in 19 ms. Found 8 JPA repository interfaces.
2026-01-01T15:15:17.212+01:00  INFO 151076 --- [           main] o.hibernate.jpa.internal.util.LogHelper  : HHH000204: Processing PersistenceUnitInfo [name: default]
2026-01-01T15:15:17.214+01:00  INFO 151076 --- [           main] o.h.c.internal.RegionFactoryInitiator    : HHH000026: Second-level cache disabled
2026-01-01T15:15:17.223+01:00  INFO 151076 --- [           main] o.s.o.j.p.SpringPersistenceUnitInfo      : No LoadTimeWeaver setup: ignoring JPA class transformer
2026-01-01T15:15:17.223+01:00  INFO 151076 --- [           main] com.zaxxer.hikari.HikariDataSource       : HikariPool-3 - Starting...
2026-01-01T15:15:17.226+01:00  INFO 151076 --- [           main] com.zaxxer.hikari.pool.HikariPool        : HikariPool-3 - Added connection conn20: url=jdbc:h2:mem:testdb user=SA
2026-01-01T15:15:17.226+01:00  INFO 151076 --- [           main] com.zaxxer.hikari.HikariDataSource       : HikariPool-3 - Start completed.
2026-01-01T15:15:17.226+01:00  WARN 151076 --- [           main] org.hibernate.orm.deprecation            : HHH90000025: H2Dialect does not need to be specified explicitly using 'hibernate.dialect' (remove the property setting and it will be selected by default)
2026-01-01T15:15:17.227+01:00  INFO 151076 --- [           main] org.hibernate.orm.connections.pooling    : HHH10001005: Database info:
	Database JDBC URL [Connecting through datasource 'HikariDataSource (HikariPool-3)']
	Database driver: undefined/unknown
	Database version: 2.3.232
	Autocommit mode: undefined/unknown
	Isolation level: undefined/unknown
	Minimum pool size: undefined/unknown
	Maximum pool size: undefined/unknown
2026-01-01T15:15:17.335+01:00  INFO 151076 --- [           main] o.h.e.t.j.p.i.JtaPlatformInitiator       : HHH000489: No JTA platform available (set 'hibernate.transaction.jta.platform' to enable JTA platform integration)
Hibernate: drop table if exists app_user cascade 
Hibernate: drop table if exists assignment cascade 
Hibernate: drop table if exists driver cascade 
Hibernate: drop table if exists refresh_token cascade 
Hibernate: drop table if exists roles cascade 
Hibernate: drop table if exists routes cascade 
Hibernate: drop table if exists shipment cascade 
Hibernate: drop table if exists user_roles cascade 
Hibernate: drop table if exists vehicle cascade 
Hibernate: create table app_user (is_enabled boolean, id bigint generated by default as identity, email varchar(255) not null unique, first_name varchar(255), last_name varchar(255), password varchar(255), username varchar(255), primary key (id))
Hibernate: create table assignment (driver_id bigint not null, end_time timestamp(6), id bigint generated by default as identity, route_id bigint not null unique, start_time timestamp(6) not null, vehicle_id bigint not null, status varchar(255) not null, primary key (id))
Hibernate: create table driver (license_expiration_date date, id bigint generated by default as identity, user_info_id bigint not null unique, license_number varchar(255) unique, phone_number varchar(255), primary key (id))
Hibernate: create table refresh_token (id integer generated by default as identity, expiry_date timestamp(6) with time zone, user_id bigint unique, token varchar(255), primary key (id))
Hibernate: create table roles (id bigint generated by default as identity, name varchar(255), primary key (id))
Hibernate: create table routes (destination_latitude float(53), destination_longitude float(53), estimated_distance_km float(53), origin_latitude float(53), origin_longitude float(53), estimated_duration_minutes bigint, id bigint generated by default as identity, destination_address varchar(255), origin_address varchar(255), status enum ('ACTIVE','CALCULATED','CANCELED','COMPLETED','DRAFT') not null, primary key (id))
Hibernate: create table shipment (delivery_sequence integer, destination_latitude float(53), destination_longitude float(53), origin_latitude float(53), origin_longitude float(53), shipment_value numeric(38,2), volume_m3 numeric(38,2), weight_kg numeric(38,2) not null, actual_delivery_date timestamp(6), assignment_id bigint, expected_delivery_date timestamp(6), id bigint generated by default as identity, route_id bigint unique, description varchar(255), destination_address varchar(255) not null, origin_address varchar(255) not null, tracking_number varchar(255) not null unique, status enum ('CANCELED','DELAYED','DELIVERED','IN_TRANSIT','OVERDUE','PENDING','SCHEDULED') not null, primary key (id))
Hibernate: create table user_roles (application_user_id bigint not null, role_id bigint not null)
Hibernate: create table vehicle (fuel_consumption_liters_per_100km numeric(38,2), last_service_date date, load_capacity_kg numeric(38,2), model_year integer, current_driver_id bigint unique, current_mileage_km bigint, id bigint generated by default as identity, next_service_mileage_km bigint, fuel_type varchar(255), license_plate varchar(255) not null unique, make varchar(255) not null, model varchar(255) not null, primary key (id))
Hibernate: alter table if exists assignment add constraint FKlxyhk53rm4gb54bfipxr2i8p8 foreign key (driver_id) references driver
Hibernate: alter table if exists assignment add constraint FK320nijic7fcow72xnld7schta foreign key (route_id) references routes
Hibernate: alter table if exists assignment add constraint FK5s0h3p6bsdhaysqgk03dg10px foreign key (vehicle_id) references vehicle
Hibernate: alter table if exists driver add constraint FKehly913071uevukgy4fx05c4s foreign key (user_info_id) references app_user
Hibernate: alter table if exists refresh_token add constraint FK5wkt2p042y3lwltk29cvpxuh foreign key (user_id) references app_user
Hibernate: alter table if exists shipment add constraint FK6dvmgmimcdtj7e175s93robk6 foreign key (assignment_id) references assignment
Hibernate: alter table if exists shipment add constraint FKghw3j6lueyw6i2udq0973yg1j foreign key (route_id) references routes
Hibernate: alter table if exists user_roles add constraint FKh8ciramu9cc9q3qcqiv4ue8a6 foreign key (role_id) references roles
Hibernate: alter table if exists user_roles add constraint FKj3mvebdkl4w67i9hn3t75fy1w foreign key (application_user_id) references app_user
Hibernate: alter table if exists vehicle add constraint FKqal9l8b6utkrujkgidvju97ww foreign key (current_driver_id) references driver
2026-01-01T15:15:17.353+01:00  INFO 151076 --- [           main] j.LocalContainerEntityManagerFactoryBean : Initialized JPA EntityManagerFactory for persistence unit 'default'
2026-01-01T15:15:17.466+01:00  INFO 151076 --- [           main] r$InitializeUserDetailsManagerConfigurer : Global AuthenticationManager configured with UserDetailsService bean with name userDetailsServiceImpl
2026-01-01T15:15:17.476+01:00  INFO 151076 --- [           main] h.a.r.l.s.ShipmentMaintenanceScheduler   : ShipmentMaintenanceScheduler je inicijaliziran i spreman za rad.
2026-01-01T15:15:17.493+01:00  WARN 151076 --- [           main] JpaBaseConfiguration$JpaWebConfiguration : spring.jpa.open-in-view is enabled by default. Therefore, database queries may be performed during view rendering. Explicitly configure spring.jpa.open-in-view to disable this warning
2026-01-01T15:15:17.602+01:00  INFO 151076 --- [           main] o.s.b.a.e.web.EndpointLinksResolver      : Exposing 2 endpoints beneath base path '/actuator'
2026-01-01T15:15:17.725+01:00  INFO 151076 --- [           main] .r.l.i.AssignmentCreationIntegrationTest : Started AssignmentCreationIntegrationTest in 0.948 seconds (process running for 12.593)
Hibernate: insert into app_user (email,first_name,is_enabled,last_name,password,username,id) values (?,?,?,?,?,?,default)
Hibernate: insert into driver (license_expiration_date,license_number,phone_number,user_info_id,id) values (?,?,?,?,default)
Hibernate: insert into vehicle (current_driver_id,current_mileage_km,fuel_consumption_liters_per_100km,fuel_type,last_service_date,license_plate,load_capacity_kg,make,model,next_service_mileage_km,model_year,id) values (?,?,?,?,?,?,?,?,?,?,?,default)
Hibernate: insert into shipment (actual_delivery_date,assignment_id,delivery_sequence,description,destination_address,destination_latitude,destination_longitude,expected_delivery_date,origin_address,origin_latitude,origin_longitude,route_id,shipment_value,status,tracking_number,volume_m3,weight_kg,id) values (?,?,?,?,?,?,?,?,?,?,?,?,?,?,?,?,?,default)
Hibernate: select d1_0.id,d1_0.license_expiration_date,d1_0.license_number,d1_0.phone_number,d1_0.user_info_id,ui1_0.id,ui1_0.email,ui1_0.first_name,ui1_0.is_enabled,ui1_0.last_name,ui1_0.password,ui1_0.username,r1_0.application_user_id,r1_1.id,r1_1.name from driver d1_0 join app_user ui1_0 on ui1_0.id=d1_0.user_info_id left join user_roles r1_0 on ui1_0.id=r1_0.application_user_id left join roles r1_1 on r1_1.id=r1_0.role_id where d1_0.id=?
Hibernate: select v1_0.id,v1_0.current_driver_id,v1_0.current_mileage_km,v1_0.fuel_consumption_liters_per_100km,v1_0.fuel_type,v1_0.last_service_date,v1_0.license_plate,v1_0.load_capacity_kg,v1_0.make,v1_0.model,v1_0.next_service_mileage_km,v1_0.model_year from vehicle v1_0 where v1_0.current_driver_id=?
Hibernate: select v1_0.id,v1_0.current_driver_id,v1_0.current_mileage_km,v1_0.fuel_consumption_liters_per_100km,v1_0.fuel_type,v1_0.last_service_date,v1_0.license_plate,v1_0.load_capacity_kg,v1_0.make,v1_0.model,v1_0.next_service_mileage_km,v1_0.model_year from vehicle v1_0 where v1_0.id=?
Hibernate: select s1_0.id,s1_0.actual_delivery_date,s1_0.assignment_id,s1_0.delivery_sequence,s1_0.description,s1_0.destination_address,s1_0.destination_latitude,s1_0.destination_longitude,s1_0.expected_delivery_date,s1_0.origin_address,s1_0.origin_latitude,s1_0.origin_longitude,s1_0.route_id,s1_0.shipment_value,s1_0.status,s1_0.tracking_number,s1_0.volume_m3,s1_0.weight_kg from shipment s1_0 where s1_0.id in (?)
Hibernate: insert into routes (destination_address,destination_latitude,destination_longitude,estimated_distance_km,estimated_duration_minutes,origin_address,origin_latitude,origin_longitude,status,id) values (?,?,?,?,?,?,?,?,?,default)
Hibernate: insert into assignment (driver_id,end_time,route_id,start_time,status,vehicle_id,id) values (?,?,?,?,?,?,default)
2026-01-01T15:15:17.758+01:00  INFO 151076 --- [           main] j.LocalContainerEntityManagerFactoryBean : Closing JPA EntityManagerFactory for persistence unit 'default'
Hibernate: drop table if exists app_user cascade 
Hibernate: drop table if exists assignment cascade 
Hibernate: drop table if exists driver cascade 
Hibernate: drop table if exists refresh_token cascade 
Hibernate: drop table if exists roles cascade 
Hibernate: drop table if exists routes cascade 
Hibernate: drop table if exists shipment cascade 
Hibernate: drop table if exists user_roles cascade 
Hibernate: drop table if exists vehicle cascade 
2026-01-01T15:15:17.762+01:00  INFO 151076 --- [           main] com.zaxxer.hikari.HikariDataSource       : HikariPool-3 - Shutdown initiated...
2026-01-01T15:15:17.763+01:00  INFO 151076 --- [           main] com.zaxxer.hikari.HikariDataSource       : HikariPool-3 - Shutdown completed.
2026-01-01T15:15:17.766+01:00  INFO 151076 --- [           main] o.s.b.d.r.RestartApplicationListener     : Restart disabled due to context in which it is running

  .   ____          _            __ _ _
 /\\ / ___'_ __ _ _(_)_ __  __ _ \ \ \ \
( ( )\___ | '_ | '_| | '_ \/ _` | \ \ \ \
 \\/  ___)| |_)| | | | | || (_| |  ) ) ) )
  '  |____| .__|_| |_|_| |_\__, | / / / /
 =========|_|==============|___/=/_/_/_/

 :: Spring Boot ::                (v3.5.6)

2026-01-01T15:15:17.786+01:00  INFO 151076 --- [           main] .r.l.i.AssignmentCreationIntegrationTest : Starting AssignmentCreationIntegrationTest using Java 23.0.2 with PID 151076 (started by misla in C:\Users\misla\Desktop\3.SEMESTAR ALGEBRA\RapidJava\Project\rapid-java-project)
2026-01-01T15:15:17.786+01:00  INFO 151076 --- [           main] .r.l.i.AssignmentCreationIntegrationTest : The following 1 profile is active: "test"
2026-01-01T15:15:17.979+01:00  INFO 151076 --- [           main] .s.d.r.c.RepositoryConfigurationDelegate : Bootstrapping Spring Data JPA repositories in DEFAULT mode.
2026-01-01T15:15:17.993+01:00  INFO 151076 --- [           main] .s.d.r.c.RepositoryConfigurationDelegate : Finished Spring Data repository scanning in 12 ms. Found 8 JPA repository interfaces.
2026-01-01T15:15:18.110+01:00  INFO 151076 --- [           main] o.hibernate.jpa.internal.util.LogHelper  : HHH000204: Processing PersistenceUnitInfo [name: default]
2026-01-01T15:15:18.113+01:00  INFO 151076 --- [           main] o.h.c.internal.RegionFactoryInitiator    : HHH000026: Second-level cache disabled
2026-01-01T15:15:18.120+01:00  INFO 151076 --- [           main] o.s.o.j.p.SpringPersistenceUnitInfo      : No LoadTimeWeaver setup: ignoring JPA class transformer
2026-01-01T15:15:18.121+01:00  INFO 151076 --- [           main] com.zaxxer.hikari.HikariDataSource       : HikariPool-4 - Starting...
2026-01-01T15:15:18.123+01:00  INFO 151076 --- [           main] com.zaxxer.hikari.pool.HikariPool        : HikariPool-4 - Added connection conn30: url=jdbc:h2:mem:testdb user=SA
2026-01-01T15:15:18.123+01:00  INFO 151076 --- [           main] com.zaxxer.hikari.HikariDataSource       : HikariPool-4 - Start completed.
2026-01-01T15:15:18.124+01:00  WARN 151076 --- [           main] org.hibernate.orm.deprecation            : HHH90000025: H2Dialect does not need to be specified explicitly using 'hibernate.dialect' (remove the property setting and it will be selected by default)
2026-01-01T15:15:18.124+01:00  INFO 151076 --- [           main] org.hibernate.orm.connections.pooling    : HHH10001005: Database info:
	Database JDBC URL [Connecting through datasource 'HikariDataSource (HikariPool-4)']
	Database driver: undefined/unknown
	Database version: 2.3.232
	Autocommit mode: undefined/unknown
	Isolation level: undefined/unknown
	Minimum pool size: undefined/unknown
	Maximum pool size: undefined/unknown
2026-01-01T15:15:18.208+01:00  INFO 151076 --- [           main] o.h.e.t.j.p.i.JtaPlatformInitiator       : HHH000489: No JTA platform available (set 'hibernate.transaction.jta.platform' to enable JTA platform integration)
Hibernate: drop table if exists app_user cascade 
Hibernate: drop table if exists assignment cascade 
Hibernate: drop table if exists driver cascade 
Hibernate: drop table if exists refresh_token cascade 
Hibernate: drop table if exists roles cascade 
Hibernate: drop table if exists routes cascade 
Hibernate: drop table if exists shipment cascade 
Hibernate: drop table if exists user_roles cascade 
Hibernate: drop table if exists vehicle cascade 
Hibernate: create table app_user (is_enabled boolean, id bigint generated by default as identity, email varchar(255) not null unique, first_name varchar(255), last_name varchar(255), password varchar(255), username varchar(255), primary key (id))
Hibernate: create table assignment (driver_id bigint not null, end_time timestamp(6), id bigint generated by default as identity, route_id bigint not null unique, start_time timestamp(6) not null, vehicle_id bigint not null, status varchar(255) not null, primary key (id))
Hibernate: create table driver (license_expiration_date date, id bigint generated by default as identity, user_info_id bigint not null unique, license_number varchar(255) unique, phone_number varchar(255), primary key (id))
Hibernate: create table refresh_token (id integer generated by default as identity, expiry_date timestamp(6) with time zone, user_id bigint unique, token varchar(255), primary key (id))
Hibernate: create table roles (id bigint generated by default as identity, name varchar(255), primary key (id))
Hibernate: create table routes (destination_latitude float(53), destination_longitude float(53), estimated_distance_km float(53), origin_latitude float(53), origin_longitude float(53), estimated_duration_minutes bigint, id bigint generated by default as identity, destination_address varchar(255), origin_address varchar(255), status enum ('ACTIVE','CALCULATED','CANCELED','COMPLETED','DRAFT') not null, primary key (id))
Hibernate: create table shipment (delivery_sequence integer, destination_latitude float(53), destination_longitude float(53), origin_latitude float(53), origin_longitude float(53), shipment_value numeric(38,2), volume_m3 numeric(38,2), weight_kg numeric(38,2) not null, actual_delivery_date timestamp(6), assignment_id bigint, expected_delivery_date timestamp(6), id bigint generated by default as identity, route_id bigint unique, description varchar(255), destination_address varchar(255) not null, origin_address varchar(255) not null, tracking_number varchar(255) not null unique, status enum ('CANCELED','DELAYED','DELIVERED','IN_TRANSIT','OVERDUE','PENDING','SCHEDULED') not null, primary key (id))
Hibernate: create table user_roles (application_user_id bigint not null, role_id bigint not null)
Hibernate: create table vehicle (fuel_consumption_liters_per_100km numeric(38,2), last_service_date date, load_capacity_kg numeric(38,2), model_year integer, current_driver_id bigint unique, current_mileage_km bigint, id bigint generated by default as identity, next_service_mileage_km bigint, fuel_type varchar(255), license_plate varchar(255) not null unique, make varchar(255) not null, model varchar(255) not null, primary key (id))
Hibernate: alter table if exists assignment add constraint FKlxyhk53rm4gb54bfipxr2i8p8 foreign key (driver_id) references driver
Hibernate: alter table if exists assignment add constraint FK320nijic7fcow72xnld7schta foreign key (route_id) references routes
Hibernate: alter table if exists assignment add constraint FK5s0h3p6bsdhaysqgk03dg10px foreign key (vehicle_id) references vehicle
Hibernate: alter table if exists driver add constraint FKehly913071uevukgy4fx05c4s foreign key (user_info_id) references app_user
Hibernate: alter table if exists refresh_token add constraint FK5wkt2p042y3lwltk29cvpxuh foreign key (user_id) references app_user
Hibernate: alter table if exists shipment add constraint FK6dvmgmimcdtj7e175s93robk6 foreign key (assignment_id) references assignment
Hibernate: alter table if exists shipment add constraint FKghw3j6lueyw6i2udq0973yg1j foreign key (route_id) references routes
Hibernate: alter table if exists user_roles add constraint FKh8ciramu9cc9q3qcqiv4ue8a6 foreign key (role_id) references roles
Hibernate: alter table if exists user_roles add constraint FKj3mvebdkl4w67i9hn3t75fy1w foreign key (application_user_id) references app_user
Hibernate: alter table if exists vehicle add constraint FKqal9l8b6utkrujkgidvju97ww foreign key (current_driver_id) references driver
2026-01-01T15:15:18.227+01:00  INFO 151076 --- [           main] j.LocalContainerEntityManagerFactoryBean : Initialized JPA EntityManagerFactory for persistence unit 'default'
2026-01-01T15:15:18.325+01:00  INFO 151076 --- [           main] r$InitializeUserDetailsManagerConfigurer : Global AuthenticationManager configured with UserDetailsService bean with name userDetailsServiceImpl
2026-01-01T15:15:18.336+01:00  INFO 151076 --- [           main] h.a.r.l.s.ShipmentMaintenanceScheduler   : ShipmentMaintenanceScheduler je inicijaliziran i spreman za rad.
2026-01-01T15:15:18.355+01:00  WARN 151076 --- [           main] JpaBaseConfiguration$JpaWebConfiguration : spring.jpa.open-in-view is enabled by default. Therefore, database queries may be performed during view rendering. Explicitly configure spring.jpa.open-in-view to disable this warning
2026-01-01T15:15:18.442+01:00  INFO 151076 --- [           main] o.s.b.a.e.web.EndpointLinksResolver      : Exposing 2 endpoints beneath base path '/actuator'
2026-01-01T15:15:18.558+01:00  INFO 151076 --- [           main] .r.l.i.AssignmentCreationIntegrationTest : Started AssignmentCreationIntegrationTest in 0.792 seconds (process running for 13.426)
Hibernate: insert into app_user (email,first_name,is_enabled,last_name,password,username,id) values (?,?,?,?,?,?,default)
Hibernate: insert into driver (license_expiration_date,license_number,phone_number,user_info_id,id) values (?,?,?,?,default)
Hibernate: insert into vehicle (current_driver_id,current_mileage_km,fuel_consumption_liters_per_100km,fuel_type,last_service_date,license_plate,load_capacity_kg,make,model,next_service_mileage_km,model_year,id) values (?,?,?,?,?,?,?,?,?,?,?,default)
Hibernate: insert into shipment (actual_delivery_date,assignment_id,delivery_sequence,description,destination_address,destination_latitude,destination_longitude,expected_delivery_date,origin_address,origin_latitude,origin_longitude,route_id,shipment_value,status,tracking_number,volume_m3,weight_kg,id) values (?,?,?,?,?,?,?,?,?,?,?,?,?,?,?,?,?,default)
Hibernate: select d1_0.id,d1_0.license_expiration_date,d1_0.license_number,d1_0.phone_number,d1_0.user_info_id,ui1_0.id,ui1_0.email,ui1_0.first_name,ui1_0.is_enabled,ui1_0.last_name,ui1_0.password,ui1_0.username,r1_0.application_user_id,r1_1.id,r1_1.name from driver d1_0 join app_user ui1_0 on ui1_0.id=d1_0.user_info_id left join user_roles r1_0 on ui1_0.id=r1_0.application_user_id left join roles r1_1 on r1_1.id=r1_0.role_id where d1_0.id=?
Hibernate: select v1_0.id,v1_0.current_driver_id,v1_0.current_mileage_km,v1_0.fuel_consumption_liters_per_100km,v1_0.fuel_type,v1_0.last_service_date,v1_0.license_plate,v1_0.load_capacity_kg,v1_0.make,v1_0.model,v1_0.next_service_mileage_km,v1_0.model_year from vehicle v1_0 where v1_0.current_driver_id=?
Hibernate: select v1_0.id,v1_0.current_driver_id,v1_0.current_mileage_km,v1_0.fuel_consumption_liters_per_100km,v1_0.fuel_type,v1_0.last_service_date,v1_0.license_plate,v1_0.load_capacity_kg,v1_0.make,v1_0.model,v1_0.next_service_mileage_km,v1_0.model_year from vehicle v1_0 where v1_0.id=?
Hibernate: select s1_0.id,s1_0.actual_delivery_date,s1_0.assignment_id,s1_0.delivery_sequence,s1_0.description,s1_0.destination_address,s1_0.destination_latitude,s1_0.destination_longitude,s1_0.expected_delivery_date,s1_0.origin_address,s1_0.origin_latitude,s1_0.origin_longitude,s1_0.route_id,s1_0.shipment_value,s1_0.status,s1_0.tracking_number,s1_0.volume_m3,s1_0.weight_kg from shipment s1_0 where s1_0.id in (?)
Hibernate: insert into routes (destination_address,destination_latitude,destination_longitude,estimated_distance_km,estimated_duration_minutes,origin_address,origin_latitude,origin_longitude,status,id) values (?,?,?,?,?,?,?,?,?,default)
Hibernate: insert into assignment (driver_id,end_time,route_id,start_time,status,vehicle_id,id) values (?,?,?,?,?,?,default)
2026-01-01T15:15:18.589+01:00  INFO 151076 --- [           main] j.LocalContainerEntityManagerFactoryBean : Closing JPA EntityManagerFactory for persistence unit 'default'
Hibernate: drop table if exists app_user cascade 
Hibernate: drop table if exists assignment cascade 
Hibernate: drop table if exists driver cascade 
Hibernate: drop table if exists refresh_token cascade 
Hibernate: drop table if exists roles cascade 
Hibernate: drop table if exists routes cascade 
Hibernate: drop table if exists shipment cascade 
Hibernate: drop table if exists user_roles cascade 
Hibernate: drop table if exists vehicle cascade 
2026-01-01T15:15:18.594+01:00  INFO 151076 --- [           main] com.zaxxer.hikari.HikariDataSource       : HikariPool-4 - Shutdown initiated...
2026-01-01T15:15:18.595+01:00  INFO 151076 --- [           main] com.zaxxer.hikari.HikariDataSource       : HikariPool-4 - Shutdown completed.
2026-01-01T15:15:18.599+01:00  INFO 151076 --- [           main] o.s.b.d.r.RestartApplicationListener     : Restart disabled due to context in which it is running

  .   ____          _            __ _ _
 /\\ / ___'_ __ _ _(_)_ __  __ _ \ \ \ \
( ( )\___ | '_ | '_| | '_ \/ _` | \ \ \ \
 \\/  ___)| |_)| | | | | || (_| |  ) ) ) )
  '  |____| .__|_| |_|_| |_\__, | / / / /
 =========|_|==============|___/=/_/_/_/

 :: Spring Boot ::                (v3.5.6)

2026-01-01T15:15:18.621+01:00  INFO 151076 --- [           main] .r.l.i.AssignmentCreationIntegrationTest : Starting AssignmentCreationIntegrationTest using Java 23.0.2 with PID 151076 (started by misla in C:\Users\misla\Desktop\3.SEMESTAR ALGEBRA\RapidJava\Project\rapid-java-project)
2026-01-01T15:15:18.621+01:00  INFO 151076 --- [           main] .r.l.i.AssignmentCreationIntegrationTest : The following 1 profile is active: "test"
2026-01-01T15:15:18.794+01:00  INFO 151076 --- [           main] .s.d.r.c.RepositoryConfigurationDelegate : Bootstrapping Spring Data JPA repositories in DEFAULT mode.
2026-01-01T15:15:18.810+01:00  INFO 151076 --- [           main] .s.d.r.c.RepositoryConfigurationDelegate : Finished Spring Data repository scanning in 14 ms. Found 8 JPA repository interfaces.
2026-01-01T15:15:18.924+01:00  INFO 151076 --- [           main] o.hibernate.jpa.internal.util.LogHelper  : HHH000204: Processing PersistenceUnitInfo [name: default]
2026-01-01T15:15:18.926+01:00  INFO 151076 --- [           main] o.h.c.internal.RegionFactoryInitiator    : HHH000026: Second-level cache disabled
2026-01-01T15:15:18.934+01:00  INFO 151076 --- [           main] o.s.o.j.p.SpringPersistenceUnitInfo      : No LoadTimeWeaver setup: ignoring JPA class transformer
2026-01-01T15:15:18.935+01:00  INFO 151076 --- [           main] com.zaxxer.hikari.HikariDataSource       : HikariPool-5 - Starting...
2026-01-01T15:15:18.937+01:00  INFO 151076 --- [           main] com.zaxxer.hikari.pool.HikariPool        : HikariPool-5 - Added connection conn40: url=jdbc:h2:mem:testdb user=SA
2026-01-01T15:15:18.938+01:00  INFO 151076 --- [           main] com.zaxxer.hikari.HikariDataSource       : HikariPool-5 - Start completed.
2026-01-01T15:15:18.938+01:00  WARN 151076 --- [           main] org.hibernate.orm.deprecation            : HHH90000025: H2Dialect does not need to be specified explicitly using 'hibernate.dialect' (remove the property setting and it will be selected by default)
2026-01-01T15:15:18.938+01:00  INFO 151076 --- [           main] org.hibernate.orm.connections.pooling    : HHH10001005: Database info:
	Database JDBC URL [Connecting through datasource 'HikariDataSource (HikariPool-5)']
	Database driver: undefined/unknown
	Database version: 2.3.232
	Autocommit mode: undefined/unknown
	Isolation level: undefined/unknown
	Minimum pool size: undefined/unknown
	Maximum pool size: undefined/unknown
2026-01-01T15:15:19.020+01:00  INFO 151076 --- [           main] o.h.e.t.j.p.i.JtaPlatformInitiator       : HHH000489: No JTA platform available (set 'hibernate.transaction.jta.platform' to enable JTA platform integration)
Hibernate: drop table if exists app_user cascade 
Hibernate: drop table if exists assignment cascade 
Hibernate: drop table if exists driver cascade 
Hibernate: drop table if exists refresh_token cascade 
Hibernate: drop table if exists roles cascade 
Hibernate: drop table if exists routes cascade 
Hibernate: drop table if exists shipment cascade 
Hibernate: drop table if exists user_roles cascade 
Hibernate: drop table if exists vehicle cascade 
Hibernate: create table app_user (is_enabled boolean, id bigint generated by default as identity, email varchar(255) not null unique, first_name varchar(255), last_name varchar(255), password varchar(255), username varchar(255), primary key (id))
Hibernate: create table assignment (driver_id bigint not null, end_time timestamp(6), id bigint generated by default as identity, route_id bigint not null unique, start_time timestamp(6) not null, vehicle_id bigint not null, status varchar(255) not null, primary key (id))
Hibernate: create table driver (license_expiration_date date, id bigint generated by default as identity, user_info_id bigint not null unique, license_number varchar(255) unique, phone_number varchar(255), primary key (id))
Hibernate: create table refresh_token (id integer generated by default as identity, expiry_date timestamp(6) with time zone, user_id bigint unique, token varchar(255), primary key (id))
Hibernate: create table roles (id bigint generated by default as identity, name varchar(255), primary key (id))
Hibernate: create table routes (destination_latitude float(53), destination_longitude float(53), estimated_distance_km float(53), origin_latitude float(53), origin_longitude float(53), estimated_duration_minutes bigint, id bigint generated by default as identity, destination_address varchar(255), origin_address varchar(255), status enum ('ACTIVE','CALCULATED','CANCELED','COMPLETED','DRAFT') not null, primary key (id))
Hibernate: create table shipment (delivery_sequence integer, destination_latitude float(53), destination_longitude float(53), origin_latitude float(53), origin_longitude float(53), shipment_value numeric(38,2), volume_m3 numeric(38,2), weight_kg numeric(38,2) not null, actual_delivery_date timestamp(6), assignment_id bigint, expected_delivery_date timestamp(6), id bigint generated by default as identity, route_id bigint unique, description varchar(255), destination_address varchar(255) not null, origin_address varchar(255) not null, tracking_number varchar(255) not null unique, status enum ('CANCELED','DELAYED','DELIVERED','IN_TRANSIT','OVERDUE','PENDING','SCHEDULED') not null, primary key (id))
Hibernate: create table user_roles (application_user_id bigint not null, role_id bigint not null)
Hibernate: create table vehicle (fuel_consumption_liters_per_100km numeric(38,2), last_service_date date, load_capacity_kg numeric(38,2), model_year integer, current_driver_id bigint unique, current_mileage_km bigint, id bigint generated by default as identity, next_service_mileage_km bigint, fuel_type varchar(255), license_plate varchar(255) not null unique, make varchar(255) not null, model varchar(255) not null, primary key (id))
Hibernate: alter table if exists assignment add constraint FKlxyhk53rm4gb54bfipxr2i8p8 foreign key (driver_id) references driver
Hibernate: alter table if exists assignment add constraint FK320nijic7fcow72xnld7schta foreign key (route_id) references routes
Hibernate: alter table if exists assignment add constraint FK5s0h3p6bsdhaysqgk03dg10px foreign key (vehicle_id) references vehicle
Hibernate: alter table if exists driver add constraint FKehly913071uevukgy4fx05c4s foreign key (user_info_id) references app_user
Hibernate: alter table if exists refresh_token add constraint FK5wkt2p042y3lwltk29cvpxuh foreign key (user_id) references app_user
Hibernate: alter table if exists shipment add constraint FK6dvmgmimcdtj7e175s93robk6 foreign key (assignment_id) references assignment
Hibernate: alter table if exists shipment add constraint FKghw3j6lueyw6i2udq0973yg1j foreign key (route_id) references routes
Hibernate: alter table if exists user_roles add constraint FKh8ciramu9cc9q3qcqiv4ue8a6 foreign key (role_id) references roles
Hibernate: alter table if exists user_roles add constraint FKj3mvebdkl4w67i9hn3t75fy1w foreign key (application_user_id) references app_user
Hibernate: alter table if exists vehicle add constraint FKqal9l8b6utkrujkgidvju97ww foreign key (current_driver_id) references driver
2026-01-01T15:15:19.038+01:00  INFO 151076 --- [           main] j.LocalContainerEntityManagerFactoryBean : Initialized JPA EntityManagerFactory for persistence unit 'default'
2026-01-01T15:15:19.138+01:00  INFO 151076 --- [           main] r$InitializeUserDetailsManagerConfigurer : Global AuthenticationManager configured with UserDetailsService bean with name userDetailsServiceImpl
2026-01-01T15:15:19.154+01:00  INFO 151076 --- [           main] h.a.r.l.s.ShipmentMaintenanceScheduler   : ShipmentMaintenanceScheduler je inicijaliziran i spreman za rad.
2026-01-01T15:15:19.171+01:00  WARN 151076 --- [           main] JpaBaseConfiguration$JpaWebConfiguration : spring.jpa.open-in-view is enabled by default. Therefore, database queries may be performed during view rendering. Explicitly configure spring.jpa.open-in-view to disable this warning
2026-01-01T15:15:19.281+01:00  INFO 151076 --- [           main] o.s.b.a.e.web.EndpointLinksResolver      : Exposing 2 endpoints beneath base path '/actuator'
2026-01-01T15:15:19.419+01:00  INFO 151076 --- [           main] .r.l.i.AssignmentCreationIntegrationTest : Started AssignmentCreationIntegrationTest in 0.821 seconds (process running for 14.287)
Hibernate: insert into app_user (email,first_name,is_enabled,last_name,password,username,id) values (?,?,?,?,?,?,default)
Hibernate: insert into driver (license_expiration_date,license_number,phone_number,user_info_id,id) values (?,?,?,?,default)
Hibernate: insert into vehicle (current_driver_id,current_mileage_km,fuel_consumption_liters_per_100km,fuel_type,last_service_date,license_plate,load_capacity_kg,make,model,next_service_mileage_km,model_year,id) values (?,?,?,?,?,?,?,?,?,?,?,default)
Hibernate: insert into shipment (actual_delivery_date,assignment_id,delivery_sequence,description,destination_address,destination_latitude,destination_longitude,expected_delivery_date,origin_address,origin_latitude,origin_longitude,route_id,shipment_value,status,tracking_number,volume_m3,weight_kg,id) values (?,?,?,?,?,?,?,?,?,?,?,?,?,?,?,?,?,default)
Hibernate: select d1_0.id,d1_0.license_expiration_date,d1_0.license_number,d1_0.phone_number,d1_0.user_info_id,ui1_0.id,ui1_0.email,ui1_0.first_name,ui1_0.is_enabled,ui1_0.last_name,ui1_0.password,ui1_0.username,r1_0.application_user_id,r1_1.id,r1_1.name from driver d1_0 join app_user ui1_0 on ui1_0.id=d1_0.user_info_id left join user_roles r1_0 on ui1_0.id=r1_0.application_user_id left join roles r1_1 on r1_1.id=r1_0.role_id where d1_0.id=?
Hibernate: select v1_0.id,v1_0.current_driver_id,v1_0.current_mileage_km,v1_0.fuel_consumption_liters_per_100km,v1_0.fuel_type,v1_0.last_service_date,v1_0.license_plate,v1_0.load_capacity_kg,v1_0.make,v1_0.model,v1_0.next_service_mileage_km,v1_0.model_year from vehicle v1_0 where v1_0.current_driver_id=?
Hibernate: select v1_0.id,v1_0.current_driver_id,v1_0.current_mileage_km,v1_0.fuel_consumption_liters_per_100km,v1_0.fuel_type,v1_0.last_service_date,v1_0.license_plate,v1_0.load_capacity_kg,v1_0.make,v1_0.model,v1_0.next_service_mileage_km,v1_0.model_year from vehicle v1_0 where v1_0.id=?
2026-01-01T15:15:19.446+01:00  INFO 151076 --- [           main] j.LocalContainerEntityManagerFactoryBean : Closing JPA EntityManagerFactory for persistence unit 'default'
Hibernate: drop table if exists app_user cascade 
Hibernate: drop table if exists assignment cascade 
Hibernate: drop table if exists driver cascade 
Hibernate: drop table if exists refresh_token cascade 
Hibernate: drop table if exists roles cascade 
Hibernate: drop table if exists routes cascade 
Hibernate: drop table if exists shipment cascade 
Hibernate: drop table if exists user_roles cascade 
Hibernate: drop table if exists vehicle cascade 
2026-01-01T15:15:19.450+01:00  INFO 151076 --- [           main] com.zaxxer.hikari.HikariDataSource       : HikariPool-5 - Shutdown initiated...
2026-01-01T15:15:19.451+01:00  INFO 151076 --- [           main] com.zaxxer.hikari.HikariDataSource       : HikariPool-5 - Shutdown completed.
2026-01-01T15:15:19.454+01:00  INFO 151076 --- [           main] o.s.b.d.r.RestartApplicationListener     : Restart disabled due to context in which it is running

  .   ____          _            __ _ _
 /\\ / ___'_ __ _ _(_)_ __  __ _ \ \ \ \
( ( )\___ | '_ | '_| | '_ \/ _` | \ \ \ \
 \\/  ___)| |_)| | | | | || (_| |  ) ) ) )
  '  |____| .__|_| |_|_| |_\__, | / / / /
 =========|_|==============|___/=/_/_/_/

 :: Spring Boot ::                (v3.5.6)

2026-01-01T15:15:19.473+01:00  INFO 151076 --- [           main] .r.l.i.AssignmentCreationIntegrationTest : Starting AssignmentCreationIntegrationTest using Java 23.0.2 with PID 151076 (started by misla in C:\Users\misla\Desktop\3.SEMESTAR ALGEBRA\RapidJava\Project\rapid-java-project)
2026-01-01T15:15:19.473+01:00  INFO 151076 --- [           main] .r.l.i.AssignmentCreationIntegrationTest : The following 1 profile is active: "test"
2026-01-01T15:15:19.649+01:00  INFO 151076 --- [           main] .s.d.r.c.RepositoryConfigurationDelegate : Bootstrapping Spring Data JPA repositories in DEFAULT mode.
2026-01-01T15:15:19.659+01:00  INFO 151076 --- [           main] .s.d.r.c.RepositoryConfigurationDelegate : Finished Spring Data repository scanning in 8 ms. Found 8 JPA repository interfaces.
2026-01-01T15:15:19.759+01:00  INFO 151076 --- [           main] o.hibernate.jpa.internal.util.LogHelper  : HHH000204: Processing PersistenceUnitInfo [name: default]
2026-01-01T15:15:19.761+01:00  INFO 151076 --- [           main] o.h.c.internal.RegionFactoryInitiator    : HHH000026: Second-level cache disabled
2026-01-01T15:15:19.769+01:00  INFO 151076 --- [           main] o.s.o.j.p.SpringPersistenceUnitInfo      : No LoadTimeWeaver setup: ignoring JPA class transformer
2026-01-01T15:15:19.770+01:00  INFO 151076 --- [           main] com.zaxxer.hikari.HikariDataSource       : HikariPool-6 - Starting...
2026-01-01T15:15:19.772+01:00  INFO 151076 --- [           main] com.zaxxer.hikari.pool.HikariPool        : HikariPool-6 - Added connection conn50: url=jdbc:h2:mem:testdb user=SA
2026-01-01T15:15:19.772+01:00  INFO 151076 --- [           main] com.zaxxer.hikari.HikariDataSource       : HikariPool-6 - Start completed.
2026-01-01T15:15:19.772+01:00  WARN 151076 --- [           main] org.hibernate.orm.deprecation            : HHH90000025: H2Dialect does not need to be specified explicitly using 'hibernate.dialect' (remove the property setting and it will be selected by default)
2026-01-01T15:15:19.773+01:00  INFO 151076 --- [           main] org.hibernate.orm.connections.pooling    : HHH10001005: Database info:
	Database JDBC URL [Connecting through datasource 'HikariDataSource (HikariPool-6)']
	Database driver: undefined/unknown
	Database version: 2.3.232
	Autocommit mode: undefined/unknown
	Isolation level: undefined/unknown
	Minimum pool size: undefined/unknown
	Maximum pool size: undefined/unknown
2026-01-01T15:15:19.854+01:00  INFO 151076 --- [           main] o.h.e.t.j.p.i.JtaPlatformInitiator       : HHH000489: No JTA platform available (set 'hibernate.transaction.jta.platform' to enable JTA platform integration)
Hibernate: drop table if exists app_user cascade 
Hibernate: drop table if exists assignment cascade 
Hibernate: drop table if exists driver cascade 
Hibernate: drop table if exists refresh_token cascade 
Hibernate: drop table if exists roles cascade 
Hibernate: drop table if exists routes cascade 
Hibernate: drop table if exists shipment cascade 
Hibernate: drop table if exists user_roles cascade 
Hibernate: drop table if exists vehicle cascade 
Hibernate: create table app_user (is_enabled boolean, id bigint generated by default as identity, email varchar(255) not null unique, first_name varchar(255), last_name varchar(255), password varchar(255), username varchar(255), primary key (id))
Hibernate: create table assignment (driver_id bigint not null, end_time timestamp(6), id bigint generated by default as identity, route_id bigint not null unique, start_time timestamp(6) not null, vehicle_id bigint not null, status varchar(255) not null, primary key (id))
Hibernate: create table driver (license_expiration_date date, id bigint generated by default as identity, user_info_id bigint not null unique, license_number varchar(255) unique, phone_number varchar(255), primary key (id))
Hibernate: create table refresh_token (id integer generated by default as identity, expiry_date timestamp(6) with time zone, user_id bigint unique, token varchar(255), primary key (id))
Hibernate: create table roles (id bigint generated by default as identity, name varchar(255), primary key (id))
Hibernate: create table routes (destination_latitude float(53), destination_longitude float(53), estimated_distance_km float(53), origin_latitude float(53), origin_longitude float(53), estimated_duration_minutes bigint, id bigint generated by default as identity, destination_address varchar(255), origin_address varchar(255), status enum ('ACTIVE','CALCULATED','CANCELED','COMPLETED','DRAFT') not null, primary key (id))
Hibernate: create table shipment (delivery_sequence integer, destination_latitude float(53), destination_longitude float(53), origin_latitude float(53), origin_longitude float(53), shipment_value numeric(38,2), volume_m3 numeric(38,2), weight_kg numeric(38,2) not null, actual_delivery_date timestamp(6), assignment_id bigint, expected_delivery_date timestamp(6), id bigint generated by default as identity, route_id bigint unique, description varchar(255), destination_address varchar(255) not null, origin_address varchar(255) not null, tracking_number varchar(255) not null unique, status enum ('CANCELED','DELAYED','DELIVERED','IN_TRANSIT','OVERDUE','PENDING','SCHEDULED') not null, primary key (id))
Hibernate: create table user_roles (application_user_id bigint not null, role_id bigint not null)
Hibernate: create table vehicle (fuel_consumption_liters_per_100km numeric(38,2), last_service_date date, load_capacity_kg numeric(38,2), model_year integer, current_driver_id bigint unique, current_mileage_km bigint, id bigint generated by default as identity, next_service_mileage_km bigint, fuel_type varchar(255), license_plate varchar(255) not null unique, make varchar(255) not null, model varchar(255) not null, primary key (id))
Hibernate: alter table if exists assignment add constraint FKlxyhk53rm4gb54bfipxr2i8p8 foreign key (driver_id) references driver
Hibernate: alter table if exists assignment add constraint FK320nijic7fcow72xnld7schta foreign key (route_id) references routes
Hibernate: alter table if exists assignment add constraint FK5s0h3p6bsdhaysqgk03dg10px foreign key (vehicle_id) references vehicle
Hibernate: alter table if exists driver add constraint FKehly913071uevukgy4fx05c4s foreign key (user_info_id) references app_user
Hibernate: alter table if exists refresh_token add constraint FK5wkt2p042y3lwltk29cvpxuh foreign key (user_id) references app_user
Hibernate: alter table if exists shipment add constraint FK6dvmgmimcdtj7e175s93robk6 foreign key (assignment_id) references assignment
Hibernate: alter table if exists shipment add constraint FKghw3j6lueyw6i2udq0973yg1j foreign key (route_id) references routes
Hibernate: alter table if exists user_roles add constraint FKh8ciramu9cc9q3qcqiv4ue8a6 foreign key (role_id) references roles
Hibernate: alter table if exists user_roles add constraint FKj3mvebdkl4w67i9hn3t75fy1w foreign key (application_user_id) references app_user
Hibernate: alter table if exists vehicle add constraint FKqal9l8b6utkrujkgidvju97ww foreign key (current_driver_id) references driver
2026-01-01T15:15:19.870+01:00  INFO 151076 --- [           main] j.LocalContainerEntityManagerFactoryBean : Initialized JPA EntityManagerFactory for persistence unit 'default'
2026-01-01T15:15:19.967+01:00  INFO 151076 --- [           main] r$InitializeUserDetailsManagerConfigurer : Global AuthenticationManager configured with UserDetailsService bean with name userDetailsServiceImpl
2026-01-01T15:15:19.977+01:00  INFO 151076 --- [           main] h.a.r.l.s.ShipmentMaintenanceScheduler   : ShipmentMaintenanceScheduler je inicijaliziran i spreman za rad.
2026-01-01T15:15:19.990+01:00  WARN 151076 --- [           main] JpaBaseConfiguration$JpaWebConfiguration : spring.jpa.open-in-view is enabled by default. Therefore, database queries may be performed during view rendering. Explicitly configure spring.jpa.open-in-view to disable this warning
2026-01-01T15:15:20.077+01:00  INFO 151076 --- [           main] o.s.b.a.e.web.EndpointLinksResolver      : Exposing 2 endpoints beneath base path '/actuator'
2026-01-01T15:15:20.185+01:00  INFO 151076 --- [           main] .r.l.i.AssignmentCreationIntegrationTest : Started AssignmentCreationIntegrationTest in 0.731 seconds (process running for 15.053)
Hibernate: insert into app_user (email,first_name,is_enabled,last_name,password,username,id) values (?,?,?,?,?,?,default)
Hibernate: insert into driver (license_expiration_date,license_number,phone_number,user_info_id,id) values (?,?,?,?,default)
Hibernate: insert into vehicle (current_driver_id,current_mileage_km,fuel_consumption_liters_per_100km,fuel_type,last_service_date,license_plate,load_capacity_kg,make,model,next_service_mileage_km,model_year,id) values (?,?,?,?,?,?,?,?,?,?,?,default)
Hibernate: insert into shipment (actual_delivery_date,assignment_id,delivery_sequence,description,destination_address,destination_latitude,destination_longitude,expected_delivery_date,origin_address,origin_latitude,origin_longitude,route_id,shipment_value,status,tracking_number,volume_m3,weight_kg,id) values (?,?,?,?,?,?,?,?,?,?,?,?,?,?,?,?,?,default)
Hibernate: select d1_0.id,d1_0.license_expiration_date,d1_0.license_number,d1_0.phone_number,d1_0.user_info_id,ui1_0.id,ui1_0.email,ui1_0.first_name,ui1_0.is_enabled,ui1_0.last_name,ui1_0.password,ui1_0.username,r1_0.application_user_id,r1_1.id,r1_1.name from driver d1_0 join app_user ui1_0 on ui1_0.id=d1_0.user_info_id left join user_roles r1_0 on ui1_0.id=r1_0.application_user_id left join roles r1_1 on r1_1.id=r1_0.role_id where d1_0.id=?
Hibernate: select v1_0.id,v1_0.current_driver_id,v1_0.current_mileage_km,v1_0.fuel_consumption_liters_per_100km,v1_0.fuel_type,v1_0.last_service_date,v1_0.license_plate,v1_0.load_capacity_kg,v1_0.make,v1_0.model,v1_0.next_service_mileage_km,v1_0.model_year from vehicle v1_0 where v1_0.current_driver_id=?
Hibernate: select v1_0.id,v1_0.current_driver_id,v1_0.current_mileage_km,v1_0.fuel_consumption_liters_per_100km,v1_0.fuel_type,v1_0.last_service_date,v1_0.license_plate,v1_0.load_capacity_kg,v1_0.make,v1_0.model,v1_0.next_service_mileage_km,v1_0.model_year from vehicle v1_0 where v1_0.id=?
Hibernate: select s1_0.id,s1_0.actual_delivery_date,s1_0.assignment_id,s1_0.delivery_sequence,s1_0.description,s1_0.destination_address,s1_0.destination_latitude,s1_0.destination_longitude,s1_0.expected_delivery_date,s1_0.origin_address,s1_0.origin_latitude,s1_0.origin_longitude,s1_0.route_id,s1_0.shipment_value,s1_0.status,s1_0.tracking_number,s1_0.volume_m3,s1_0.weight_kg from shipment s1_0 where s1_0.id in (?)
Hibernate: insert into routes (destination_address,destination_latitude,destination_longitude,estimated_distance_km,estimated_duration_minutes,origin_address,origin_latitude,origin_longitude,status,id) values (?,?,?,?,?,?,?,?,?,default)
Hibernate: insert into assignment (driver_id,end_time,route_id,start_time,status,vehicle_id,id) values (?,?,?,?,?,?,default)
2026-01-01T15:15:20.216+01:00  INFO 151076 --- [           main] j.LocalContainerEntityManagerFactoryBean : Closing JPA EntityManagerFactory for persistence unit 'default'
Hibernate: drop table if exists app_user cascade 
Hibernate: drop table if exists assignment cascade 
Hibernate: drop table if exists driver cascade 
Hibernate: drop table if exists refresh_token cascade 
Hibernate: drop table if exists roles cascade 
Hibernate: drop table if exists routes cascade 
Hibernate: drop table if exists shipment cascade 
Hibernate: drop table if exists user_roles cascade 
Hibernate: drop table if exists vehicle cascade 
2026-01-01T15:15:20.220+01:00  INFO 151076 --- [           main] com.zaxxer.hikari.HikariDataSource       : HikariPool-6 - Shutdown initiated...
2026-01-01T15:15:20.221+01:00  INFO 151076 --- [           main] com.zaxxer.hikari.HikariDataSource       : HikariPool-6 - Shutdown completed.
2026-01-01T15:15:20.226+01:00  INFO 151076 --- [           main] o.s.b.d.r.RestartApplicationListener     : Restart disabled due to context in which it is running

  .   ____          _            __ _ _
 /\\ / ___'_ __ _ _(_)_ __  __ _ \ \ \ \
( ( )\___ | '_ | '_| | '_ \/ _` | \ \ \ \
 \\/  ___)| |_)| | | | | || (_| |  ) ) ) )
  '  |____| .__|_| |_|_| |_\__, | / / / /
 =========|_|==============|___/=/_/_/_/

 :: Spring Boot ::                (v3.5.6)

2026-01-01T15:15:20.245+01:00  INFO 151076 --- [           main] .r.l.i.AssignmentCreationIntegrationTest : Starting AssignmentCreationIntegrationTest using Java 23.0.2 with PID 151076 (started by misla in C:\Users\misla\Desktop\3.SEMESTAR ALGEBRA\RapidJava\Project\rapid-java-project)
2026-01-01T15:15:20.245+01:00  INFO 151076 --- [           main] .r.l.i.AssignmentCreationIntegrationTest : The following 1 profile is active: "test"
2026-01-01T15:15:20.432+01:00  INFO 151076 --- [           main] .s.d.r.c.RepositoryConfigurationDelegate : Bootstrapping Spring Data JPA repositories in DEFAULT mode.
2026-01-01T15:15:20.443+01:00  INFO 151076 --- [           main] .s.d.r.c.RepositoryConfigurationDelegate : Finished Spring Data repository scanning in 9 ms. Found 8 JPA repository interfaces.
2026-01-01T15:15:20.533+01:00  INFO 151076 --- [           main] o.hibernate.jpa.internal.util.LogHelper  : HHH000204: Processing PersistenceUnitInfo [name: default]
2026-01-01T15:15:20.534+01:00  INFO 151076 --- [           main] o.h.c.internal.RegionFactoryInitiator    : HHH000026: Second-level cache disabled
2026-01-01T15:15:20.542+01:00  INFO 151076 --- [           main] o.s.o.j.p.SpringPersistenceUnitInfo      : No LoadTimeWeaver setup: ignoring JPA class transformer
2026-01-01T15:15:20.542+01:00  INFO 151076 --- [           main] com.zaxxer.hikari.HikariDataSource       : HikariPool-7 - Starting...
2026-01-01T15:15:20.544+01:00  INFO 151076 --- [           main] com.zaxxer.hikari.pool.HikariPool        : HikariPool-7 - Added connection conn60: url=jdbc:h2:mem:testdb user=SA
2026-01-01T15:15:20.544+01:00  INFO 151076 --- [           main] com.zaxxer.hikari.HikariDataSource       : HikariPool-7 - Start completed.
2026-01-01T15:15:20.544+01:00  WARN 151076 --- [           main] org.hibernate.orm.deprecation            : HHH90000025: H2Dialect does not need to be specified explicitly using 'hibernate.dialect' (remove the property setting and it will be selected by default)
2026-01-01T15:15:20.545+01:00  INFO 151076 --- [           main] org.hibernate.orm.connections.pooling    : HHH10001005: Database info:
	Database JDBC URL [Connecting through datasource 'HikariDataSource (HikariPool-7)']
	Database driver: undefined/unknown
	Database version: 2.3.232
	Autocommit mode: undefined/unknown
	Isolation level: undefined/unknown
	Minimum pool size: undefined/unknown
	Maximum pool size: undefined/unknown
2026-01-01T15:15:20.616+01:00  INFO 151076 --- [           main] o.h.e.t.j.p.i.JtaPlatformInitiator       : HHH000489: No JTA platform available (set 'hibernate.transaction.jta.platform' to enable JTA platform integration)
Hibernate: drop table if exists app_user cascade 
Hibernate: drop table if exists assignment cascade 
Hibernate: drop table if exists driver cascade 
Hibernate: drop table if exists refresh_token cascade 
Hibernate: drop table if exists roles cascade 
Hibernate: drop table if exists routes cascade 
Hibernate: drop table if exists shipment cascade 
Hibernate: drop table if exists user_roles cascade 
Hibernate: drop table if exists vehicle cascade 
Hibernate: create table app_user (is_enabled boolean, id bigint generated by default as identity, email varchar(255) not null unique, first_name varchar(255), last_name varchar(255), password varchar(255), username varchar(255), primary key (id))
Hibernate: create table assignment (driver_id bigint not null, end_time timestamp(6), id bigint generated by default as identity, route_id bigint not null unique, start_time timestamp(6) not null, vehicle_id bigint not null, status varchar(255) not null, primary key (id))
Hibernate: create table driver (license_expiration_date date, id bigint generated by default as identity, user_info_id bigint not null unique, license_number varchar(255) unique, phone_number varchar(255), primary key (id))
Hibernate: create table refresh_token (id integer generated by default as identity, expiry_date timestamp(6) with time zone, user_id bigint unique, token varchar(255), primary key (id))
Hibernate: create table roles (id bigint generated by default as identity, name varchar(255), primary key (id))
Hibernate: create table routes (destination_latitude float(53), destination_longitude float(53), estimated_distance_km float(53), origin_latitude float(53), origin_longitude float(53), estimated_duration_minutes bigint, id bigint generated by default as identity, destination_address varchar(255), origin_address varchar(255), status enum ('ACTIVE','CALCULATED','CANCELED','COMPLETED','DRAFT') not null, primary key (id))
Hibernate: create table shipment (delivery_sequence integer, destination_latitude float(53), destination_longitude float(53), origin_latitude float(53), origin_longitude float(53), shipment_value numeric(38,2), volume_m3 numeric(38,2), weight_kg numeric(38,2) not null, actual_delivery_date timestamp(6), assignment_id bigint, expected_delivery_date timestamp(6), id bigint generated by default as identity, route_id bigint unique, description varchar(255), destination_address varchar(255) not null, origin_address varchar(255) not null, tracking_number varchar(255) not null unique, status enum ('CANCELED','DELAYED','DELIVERED','IN_TRANSIT','OVERDUE','PENDING','SCHEDULED') not null, primary key (id))
Hibernate: create table user_roles (application_user_id bigint not null, role_id bigint not null)
Hibernate: create table vehicle (fuel_consumption_liters_per_100km numeric(38,2), last_service_date date, load_capacity_kg numeric(38,2), model_year integer, current_driver_id bigint unique, current_mileage_km bigint, id bigint generated by default as identity, next_service_mileage_km bigint, fuel_type varchar(255), license_plate varchar(255) not null unique, make varchar(255) not null, model varchar(255) not null, primary key (id))
Hibernate: alter table if exists assignment add constraint FKlxyhk53rm4gb54bfipxr2i8p8 foreign key (driver_id) references driver
Hibernate: alter table if exists assignment add constraint FK320nijic7fcow72xnld7schta foreign key (route_id) references routes
Hibernate: alter table if exists assignment add constraint FK5s0h3p6bsdhaysqgk03dg10px foreign key (vehicle_id) references vehicle
Hibernate: alter table if exists driver add constraint FKehly913071uevukgy4fx05c4s foreign key (user_info_id) references app_user
Hibernate: alter table if exists refresh_token add constraint FK5wkt2p042y3lwltk29cvpxuh foreign key (user_id) references app_user
Hibernate: alter table if exists shipment add constraint FK6dvmgmimcdtj7e175s93robk6 foreign key (assignment_id) references assignment
Hibernate: alter table if exists shipment add constraint FKghw3j6lueyw6i2udq0973yg1j foreign key (route_id) references routes
Hibernate: alter table if exists user_roles add constraint FKh8ciramu9cc9q3qcqiv4ue8a6 foreign key (role_id) references roles
Hibernate: alter table if exists user_roles add constraint FKj3mvebdkl4w67i9hn3t75fy1w foreign key (application_user_id) references app_user
Hibernate: alter table if exists vehicle add constraint FKqal9l8b6utkrujkgidvju97ww foreign key (current_driver_id) references driver
2026-01-01T15:15:20.631+01:00  INFO 151076 --- [           main] j.LocalContainerEntityManagerFactoryBean : Initialized JPA EntityManagerFactory for persistence unit 'default'
2026-01-01T15:15:20.727+01:00  INFO 151076 --- [           main] r$InitializeUserDetailsManagerConfigurer : Global AuthenticationManager configured with UserDetailsService bean with name userDetailsServiceImpl
2026-01-01T15:15:20.741+01:00  INFO 151076 --- [           main] h.a.r.l.s.ShipmentMaintenanceScheduler   : ShipmentMaintenanceScheduler je inicijaliziran i spreman za rad.
2026-01-01T15:15:20.761+01:00  WARN 151076 --- [           main] JpaBaseConfiguration$JpaWebConfiguration : spring.jpa.open-in-view is enabled by default. Therefore, database queries may be performed during view rendering. Explicitly configure spring.jpa.open-in-view to disable this warning
2026-01-01T15:15:20.842+01:00  INFO 151076 --- [           main] o.s.b.a.e.web.EndpointLinksResolver      : Exposing 2 endpoints beneath base path '/actuator'
2026-01-01T15:15:20.943+01:00  INFO 151076 --- [           main] .r.l.i.AssignmentCreationIntegrationTest : Started AssignmentCreationIntegrationTest in 0.718 seconds (process running for 15.811)
Hibernate: insert into app_user (email,first_name,is_enabled,last_name,password,username,id) values (?,?,?,?,?,?,default)
Hibernate: insert into driver (license_expiration_date,license_number,phone_number,user_info_id,id) values (?,?,?,?,default)
Hibernate: insert into vehicle (current_driver_id,current_mileage_km,fuel_consumption_liters_per_100km,fuel_type,last_service_date,license_plate,load_capacity_kg,make,model,next_service_mileage_km,model_year,id) values (?,?,?,?,?,?,?,?,?,?,?,default)
Hibernate: insert into shipment (actual_delivery_date,assignment_id,delivery_sequence,description,destination_address,destination_latitude,destination_longitude,expected_delivery_date,origin_address,origin_latitude,origin_longitude,route_id,shipment_value,status,tracking_number,volume_m3,weight_kg,id) values (?,?,?,?,?,?,?,?,?,?,?,?,?,?,?,?,?,default)
Hibernate: select d1_0.id,d1_0.license_expiration_date,d1_0.license_number,d1_0.phone_number,d1_0.user_info_id,ui1_0.id,ui1_0.email,ui1_0.first_name,ui1_0.is_enabled,ui1_0.last_name,ui1_0.password,ui1_0.username,r1_0.application_user_id,r1_1.id,r1_1.name from driver d1_0 join app_user ui1_0 on ui1_0.id=d1_0.user_info_id left join user_roles r1_0 on ui1_0.id=r1_0.application_user_id left join roles r1_1 on r1_1.id=r1_0.role_id where d1_0.id=?
Hibernate: select v1_0.id,v1_0.current_driver_id,v1_0.current_mileage_km,v1_0.fuel_consumption_liters_per_100km,v1_0.fuel_type,v1_0.last_service_date,v1_0.license_plate,v1_0.load_capacity_kg,v1_0.make,v1_0.model,v1_0.next_service_mileage_km,v1_0.model_year from vehicle v1_0 where v1_0.current_driver_id=?
Hibernate: select v1_0.id,v1_0.current_driver_id,v1_0.current_mileage_km,v1_0.fuel_consumption_liters_per_100km,v1_0.fuel_type,v1_0.last_service_date,v1_0.license_plate,v1_0.load_capacity_kg,v1_0.make,v1_0.model,v1_0.next_service_mileage_km,v1_0.model_year from vehicle v1_0 where v1_0.id=?
Hibernate: select s1_0.id,s1_0.actual_delivery_date,s1_0.assignment_id,s1_0.delivery_sequence,s1_0.description,s1_0.destination_address,s1_0.destination_latitude,s1_0.destination_longitude,s1_0.expected_delivery_date,s1_0.origin_address,s1_0.origin_latitude,s1_0.origin_longitude,s1_0.route_id,s1_0.shipment_value,s1_0.status,s1_0.tracking_number,s1_0.volume_m3,s1_0.weight_kg from shipment s1_0 where s1_0.id in (?)
Hibernate: insert into routes (destination_address,destination_latitude,destination_longitude,estimated_distance_km,estimated_duration_minutes,origin_address,origin_latitude,origin_longitude,status,id) values (?,?,?,?,?,?,?,?,?,default)
Hibernate: insert into assignment (driver_id,end_time,route_id,start_time,status,vehicle_id,id) values (?,?,?,?,?,?,default)
2026-01-01T15:15:20.972+01:00  INFO 151076 --- [           main] j.LocalContainerEntityManagerFactoryBean : Closing JPA EntityManagerFactory for persistence unit 'default'
Hibernate: drop table if exists app_user cascade 
Hibernate: drop table if exists assignment cascade 
Hibernate: drop table if exists driver cascade 
Hibernate: drop table if exists refresh_token cascade 
Hibernate: drop table if exists roles cascade 
Hibernate: drop table if exists routes cascade 
Hibernate: drop table if exists shipment cascade 
Hibernate: drop table if exists user_roles cascade 
Hibernate: drop table if exists vehicle cascade 
2026-01-01T15:15:20.975+01:00  INFO 151076 --- [           main] com.zaxxer.hikari.HikariDataSource       : HikariPool-7 - Shutdown initiated...
2026-01-01T15:15:20.986+01:00  INFO 151076 --- [           main] com.zaxxer.hikari.HikariDataSource       : HikariPool-7 - Shutdown completed.
2026-01-01T15:15:20.988+01:00  INFO 151076 --- [           main] o.s.b.d.r.RestartApplicationListener     : Restart disabled due to context in which it is running

  .   ____          _            __ _ _
 /\\ / ___'_ __ _ _(_)_ __  __ _ \ \ \ \
( ( )\___ | '_ | '_| | '_ \/ _` | \ \ \ \
 \\/  ___)| |_)| | | | | || (_| |  ) ) ) )
  '  |____| .__|_| |_|_| |_\__, | / / / /
 =========|_|==============|___/=/_/_/_/

 :: Spring Boot ::                (v3.5.6)

2026-01-01T15:15:21.004+01:00  INFO 151076 --- [           main] .r.l.i.AssignmentCreationIntegrationTest : Starting AssignmentCreationIntegrationTest using Java 23.0.2 with PID 151076 (started by misla in C:\Users\misla\Desktop\3.SEMESTAR ALGEBRA\RapidJava\Project\rapid-java-project)
2026-01-01T15:15:21.005+01:00  INFO 151076 --- [           main] .r.l.i.AssignmentCreationIntegrationTest : The following 1 profile is active: "test"
2026-01-01T15:15:21.156+01:00  INFO 151076 --- [           main] .s.d.r.c.RepositoryConfigurationDelegate : Bootstrapping Spring Data JPA repositories in DEFAULT mode.
2026-01-01T15:15:21.164+01:00  INFO 151076 --- [           main] .s.d.r.c.RepositoryConfigurationDelegate : Finished Spring Data repository scanning in 7 ms. Found 8 JPA repository interfaces.
2026-01-01T15:15:21.257+01:00  INFO 151076 --- [           main] o.hibernate.jpa.internal.util.LogHelper  : HHH000204: Processing PersistenceUnitInfo [name: default]
2026-01-01T15:15:21.259+01:00  INFO 151076 --- [           main] o.h.c.internal.RegionFactoryInitiator    : HHH000026: Second-level cache disabled
2026-01-01T15:15:21.264+01:00  INFO 151076 --- [           main] o.s.o.j.p.SpringPersistenceUnitInfo      : No LoadTimeWeaver setup: ignoring JPA class transformer
2026-01-01T15:15:21.265+01:00  INFO 151076 --- [           main] com.zaxxer.hikari.HikariDataSource       : HikariPool-8 - Starting...
2026-01-01T15:15:21.268+01:00  INFO 151076 --- [           main] com.zaxxer.hikari.pool.HikariPool        : HikariPool-8 - Added connection conn70: url=jdbc:h2:mem:testdb user=SA
2026-01-01T15:15:21.268+01:00  INFO 151076 --- [           main] com.zaxxer.hikari.HikariDataSource       : HikariPool-8 - Start completed.
2026-01-01T15:15:21.268+01:00  WARN 151076 --- [           main] org.hibernate.orm.deprecation            : HHH90000025: H2Dialect does not need to be specified explicitly using 'hibernate.dialect' (remove the property setting and it will be selected by default)
2026-01-01T15:15:21.268+01:00  INFO 151076 --- [           main] org.hibernate.orm.connections.pooling    : HHH10001005: Database info:
	Database JDBC URL [Connecting through datasource 'HikariDataSource (HikariPool-8)']
	Database driver: undefined/unknown
	Database version: 2.3.232
	Autocommit mode: undefined/unknown
	Isolation level: undefined/unknown
	Minimum pool size: undefined/unknown
	Maximum pool size: undefined/unknown
2026-01-01T15:15:21.347+01:00  INFO 151076 --- [           main] o.h.e.t.j.p.i.JtaPlatformInitiator       : HHH000489: No JTA platform available (set 'hibernate.transaction.jta.platform' to enable JTA platform integration)
Hibernate: drop table if exists app_user cascade 
Hibernate: drop table if exists assignment cascade 
Hibernate: drop table if exists driver cascade 
Hibernate: drop table if exists refresh_token cascade 
Hibernate: drop table if exists roles cascade 
Hibernate: drop table if exists routes cascade 
Hibernate: drop table if exists shipment cascade 
Hibernate: drop table if exists user_roles cascade 
Hibernate: drop table if exists vehicle cascade 
Hibernate: create table app_user (is_enabled boolean, id bigint generated by default as identity, email varchar(255) not null unique, first_name varchar(255), last_name varchar(255), password varchar(255), username varchar(255), primary key (id))
Hibernate: create table assignment (driver_id bigint not null, end_time timestamp(6), id bigint generated by default as identity, route_id bigint not null unique, start_time timestamp(6) not null, vehicle_id bigint not null, status varchar(255) not null, primary key (id))
Hibernate: create table driver (license_expiration_date date, id bigint generated by default as identity, user_info_id bigint not null unique, license_number varchar(255) unique, phone_number varchar(255), primary key (id))
Hibernate: create table refresh_token (id integer generated by default as identity, expiry_date timestamp(6) with time zone, user_id bigint unique, token varchar(255), primary key (id))
Hibernate: create table roles (id bigint generated by default as identity, name varchar(255), primary key (id))
Hibernate: create table routes (destination_latitude float(53), destination_longitude float(53), estimated_distance_km float(53), origin_latitude float(53), origin_longitude float(53), estimated_duration_minutes bigint, id bigint generated by default as identity, destination_address varchar(255), origin_address varchar(255), status enum ('ACTIVE','CALCULATED','CANCELED','COMPLETED','DRAFT') not null, primary key (id))
Hibernate: create table shipment (delivery_sequence integer, destination_latitude float(53), destination_longitude float(53), origin_latitude float(53), origin_longitude float(53), shipment_value numeric(38,2), volume_m3 numeric(38,2), weight_kg numeric(38,2) not null, actual_delivery_date timestamp(6), assignment_id bigint, expected_delivery_date timestamp(6), id bigint generated by default as identity, route_id bigint unique, description varchar(255), destination_address varchar(255) not null, origin_address varchar(255) not null, tracking_number varchar(255) not null unique, status enum ('CANCELED','DELAYED','DELIVERED','IN_TRANSIT','OVERDUE','PENDING','SCHEDULED') not null, primary key (id))
Hibernate: create table user_roles (application_user_id bigint not null, role_id bigint not null)
Hibernate: create table vehicle (fuel_consumption_liters_per_100km numeric(38,2), last_service_date date, load_capacity_kg numeric(38,2), model_year integer, current_driver_id bigint unique, current_mileage_km bigint, id bigint generated by default as identity, next_service_mileage_km bigint, fuel_type varchar(255), license_plate varchar(255) not null unique, make varchar(255) not null, model varchar(255) not null, primary key (id))
Hibernate: alter table if exists assignment add constraint FKlxyhk53rm4gb54bfipxr2i8p8 foreign key (driver_id) references driver
Hibernate: alter table if exists assignment add constraint FK320nijic7fcow72xnld7schta foreign key (route_id) references routes
Hibernate: alter table if exists assignment add constraint FK5s0h3p6bsdhaysqgk03dg10px foreign key (vehicle_id) references vehicle
Hibernate: alter table if exists driver add constraint FKehly913071uevukgy4fx05c4s foreign key (user_info_id) references app_user
Hibernate: alter table if exists refresh_token add constraint FK5wkt2p042y3lwltk29cvpxuh foreign key (user_id) references app_user
Hibernate: alter table if exists shipment add constraint FK6dvmgmimcdtj7e175s93robk6 foreign key (assignment_id) references assignment
Hibernate: alter table if exists shipment add constraint FKghw3j6lueyw6i2udq0973yg1j foreign key (route_id) references routes
Hibernate: alter table if exists user_roles add constraint FKh8ciramu9cc9q3qcqiv4ue8a6 foreign key (role_id) references roles
Hibernate: alter table if exists user_roles add constraint FKj3mvebdkl4w67i9hn3t75fy1w foreign key (application_user_id) references app_user
Hibernate: alter table if exists vehicle add constraint FKqal9l8b6utkrujkgidvju97ww foreign key (current_driver_id) references driver
2026-01-01T15:15:21.365+01:00  INFO 151076 --- [           main] j.LocalContainerEntityManagerFactoryBean : Initialized JPA EntityManagerFactory for persistence unit 'default'
2026-01-01T15:15:21.472+01:00  INFO 151076 --- [           main] r$InitializeUserDetailsManagerConfigurer : Global AuthenticationManager configured with UserDetailsService bean with name userDetailsServiceImpl
2026-01-01T15:15:21.486+01:00  INFO 151076 --- [           main] h.a.r.l.s.ShipmentMaintenanceScheduler   : ShipmentMaintenanceScheduler je inicijaliziran i spreman za rad.
2026-01-01T15:15:21.501+01:00  WARN 151076 --- [           main] JpaBaseConfiguration$JpaWebConfiguration : spring.jpa.open-in-view is enabled by default. Therefore, database queries may be performed during view rendering. Explicitly configure spring.jpa.open-in-view to disable this warning
2026-01-01T15:15:21.592+01:00  INFO 151076 --- [           main] o.s.b.a.e.web.EndpointLinksResolver      : Exposing 2 endpoints beneath base path '/actuator'
2026-01-01T15:15:21.692+01:00  INFO 151076 --- [           main] .r.l.i.AssignmentCreationIntegrationTest : Started AssignmentCreationIntegrationTest in 0.704 seconds (process running for 16.56)
Hibernate: insert into app_user (email,first_name,is_enabled,last_name,password,username,id) values (?,?,?,?,?,?,default)
Hibernate: insert into driver (license_expiration_date,license_number,phone_number,user_info_id,id) values (?,?,?,?,default)
Hibernate: insert into vehicle (current_driver_id,current_mileage_km,fuel_consumption_liters_per_100km,fuel_type,last_service_date,license_plate,load_capacity_kg,make,model,next_service_mileage_km,model_year,id) values (?,?,?,?,?,?,?,?,?,?,?,default)
Hibernate: insert into shipment (actual_delivery_date,assignment_id,delivery_sequence,description,destination_address,destination_latitude,destination_longitude,expected_delivery_date,origin_address,origin_latitude,origin_longitude,route_id,shipment_value,status,tracking_number,volume_m3,weight_kg,id) values (?,?,?,?,?,?,?,?,?,?,?,?,?,?,?,?,?,default)
Hibernate: select s1_0.id,s1_0.actual_delivery_date,a1_0.id,a1_0.driver_id,a1_0.end_time,a1_0.route_id,r1_0.id,r1_0.destination_address,r1_0.destination_latitude,r1_0.destination_longitude,r1_0.estimated_distance_km,r1_0.estimated_duration_minutes,r1_0.origin_address,r1_0.origin_latitude,r1_0.origin_longitude,r1_0.status,a1_0.start_time,a1_0.status,a1_0.vehicle_id,s1_0.delivery_sequence,s1_0.description,s1_0.destination_address,s1_0.destination_latitude,s1_0.destination_longitude,s1_0.expected_delivery_date,s1_0.origin_address,s1_0.origin_latitude,s1_0.origin_longitude,r2_0.id,a2_0.id,a2_0.driver_id,a2_0.end_time,a2_0.route_id,a2_0.start_time,a2_0.status,a2_0.vehicle_id,r2_0.destination_address,r2_0.destination_latitude,r2_0.destination_longitude,r2_0.estimated_distance_km,r2_0.estimated_duration_minutes,r2_0.origin_address,r2_0.origin_latitude,r2_0.origin_longitude,r2_0.status,s1_0.shipment_value,s1_0.status,s1_0.tracking_number,s1_0.volume_m3,s1_0.weight_kg from shipment s1_0 left join assignment a1_0 on a1_0.id=s1_0.assignment_id left join routes r1_0 on r1_0.id=a1_0.route_id left join routes r2_0 on r2_0.id=s1_0.route_id left join assignment a2_0 on r2_0.id=a2_0.route_id where s1_0.id=?
2026-01-01T15:15:21.717+01:00  INFO 151076 --- [           main] j.LocalContainerEntityManagerFactoryBean : Closing JPA EntityManagerFactory for persistence unit 'default'
Hibernate: drop table if exists app_user cascade 
Hibernate: drop table if exists assignment cascade 
Hibernate: drop table if exists driver cascade 
Hibernate: drop table if exists refresh_token cascade 
Hibernate: drop table if exists roles cascade 
Hibernate: drop table if exists routes cascade 
Hibernate: drop table if exists shipment cascade 
Hibernate: drop table if exists user_roles cascade 
Hibernate: drop table if exists vehicle cascade 
2026-01-01T15:15:21.720+01:00  INFO 151076 --- [           main] com.zaxxer.hikari.HikariDataSource       : HikariPool-8 - Shutdown initiated...
2026-01-01T15:15:21.747+01:00  INFO 151076 --- [           main] com.zaxxer.hikari.HikariDataSource       : HikariPool-8 - Shutdown completed.
2026-01-01T15:15:21.749+01:00  INFO 151076 --- [           main] o.s.b.d.r.RestartApplicationListener     : Restart disabled due to context in which it is running

  .   ____          _            __ _ _
 /\\ / ___'_ __ _ _(_)_ __  __ _ \ \ \ \
( ( )\___ | '_ | '_| | '_ \/ _` | \ \ \ \
 \\/  ___)| |_)| | | | | || (_| |  ) ) ) )
  '  |____| .__|_| |_|_| |_\__, | / / / /
 =========|_|==============|___/=/_/_/_/

 :: Spring Boot ::                (v3.5.6)

2026-01-01T15:15:21.766+01:00  INFO 151076 --- [           main] .r.l.i.AssignmentCreationIntegrationTest : Starting AssignmentCreationIntegrationTest using Java 23.0.2 with PID 151076 (started by misla in C:\Users\misla\Desktop\3.SEMESTAR ALGEBRA\RapidJava\Project\rapid-java-project)
2026-01-01T15:15:21.766+01:00  INFO 151076 --- [           main] .r.l.i.AssignmentCreationIntegrationTest : The following 1 profile is active: "test"
2026-01-01T15:15:21.946+01:00  INFO 151076 --- [           main] .s.d.r.c.RepositoryConfigurationDelegate : Bootstrapping Spring Data JPA repositories in DEFAULT mode.
2026-01-01T15:15:21.961+01:00  INFO 151076 --- [           main] .s.d.r.c.RepositoryConfigurationDelegate : Finished Spring Data repository scanning in 13 ms. Found 8 JPA repository interfaces.
2026-01-01T15:15:22.071+01:00  INFO 151076 --- [           main] o.hibernate.jpa.internal.util.LogHelper  : HHH000204: Processing PersistenceUnitInfo [name: default]
2026-01-01T15:15:22.074+01:00  INFO 151076 --- [           main] o.h.c.internal.RegionFactoryInitiator    : HHH000026: Second-level cache disabled
2026-01-01T15:15:22.080+01:00  INFO 151076 --- [           main] o.s.o.j.p.SpringPersistenceUnitInfo      : No LoadTimeWeaver setup: ignoring JPA class transformer
2026-01-01T15:15:22.081+01:00  INFO 151076 --- [           main] com.zaxxer.hikari.HikariDataSource       : HikariPool-9 - Starting...
2026-01-01T15:15:22.082+01:00  INFO 151076 --- [           main] com.zaxxer.hikari.pool.HikariPool        : HikariPool-9 - Added connection conn80: url=jdbc:h2:mem:testdb user=SA
2026-01-01T15:15:22.082+01:00  INFO 151076 --- [           main] com.zaxxer.hikari.HikariDataSource       : HikariPool-9 - Start completed.
2026-01-01T15:15:22.083+01:00  WARN 151076 --- [           main] org.hibernate.orm.deprecation            : HHH90000025: H2Dialect does not need to be specified explicitly using 'hibernate.dialect' (remove the property setting and it will be selected by default)
2026-01-01T15:15:22.083+01:00  INFO 151076 --- [           main] org.hibernate.orm.connections.pooling    : HHH10001005: Database info:
	Database JDBC URL [Connecting through datasource 'HikariDataSource (HikariPool-9)']
	Database driver: undefined/unknown
	Database version: 2.3.232
	Autocommit mode: undefined/unknown
	Isolation level: undefined/unknown
	Minimum pool size: undefined/unknown
	Maximum pool size: undefined/unknown
2026-01-01T15:15:22.147+01:00  INFO 151076 --- [           main] o.h.e.t.j.p.i.JtaPlatformInitiator       : HHH000489: No JTA platform available (set 'hibernate.transaction.jta.platform' to enable JTA platform integration)
Hibernate: drop table if exists app_user cascade 
Hibernate: drop table if exists assignment cascade 
Hibernate: drop table if exists driver cascade 
Hibernate: drop table if exists refresh_token cascade 
Hibernate: drop table if exists roles cascade 
Hibernate: drop table if exists routes cascade 
Hibernate: drop table if exists shipment cascade 
Hibernate: drop table if exists user_roles cascade 
Hibernate: drop table if exists vehicle cascade 
Hibernate: create table app_user (is_enabled boolean, id bigint generated by default as identity, email varchar(255) not null unique, first_name varchar(255), last_name varchar(255), password varchar(255), username varchar(255), primary key (id))
Hibernate: create table assignment (driver_id bigint not null, end_time timestamp(6), id bigint generated by default as identity, route_id bigint not null unique, start_time timestamp(6) not null, vehicle_id bigint not null, status varchar(255) not null, primary key (id))
Hibernate: create table driver (license_expiration_date date, id bigint generated by default as identity, user_info_id bigint not null unique, license_number varchar(255) unique, phone_number varchar(255), primary key (id))
Hibernate: create table refresh_token (id integer generated by default as identity, expiry_date timestamp(6) with time zone, user_id bigint unique, token varchar(255), primary key (id))
Hibernate: create table roles (id bigint generated by default as identity, name varchar(255), primary key (id))
Hibernate: create table routes (destination_latitude float(53), destination_longitude float(53), estimated_distance_km float(53), origin_latitude float(53), origin_longitude float(53), estimated_duration_minutes bigint, id bigint generated by default as identity, destination_address varchar(255), origin_address varchar(255), status enum ('ACTIVE','CALCULATED','CANCELED','COMPLETED','DRAFT') not null, primary key (id))
Hibernate: create table shipment (delivery_sequence integer, destination_latitude float(53), destination_longitude float(53), origin_latitude float(53), origin_longitude float(53), shipment_value numeric(38,2), volume_m3 numeric(38,2), weight_kg numeric(38,2) not null, actual_delivery_date timestamp(6), assignment_id bigint, expected_delivery_date timestamp(6), id bigint generated by default as identity, route_id bigint unique, description varchar(255), destination_address varchar(255) not null, origin_address varchar(255) not null, tracking_number varchar(255) not null unique, status enum ('CANCELED','DELAYED','DELIVERED','IN_TRANSIT','OVERDUE','PENDING','SCHEDULED') not null, primary key (id))
Hibernate: create table user_roles (application_user_id bigint not null, role_id bigint not null)
Hibernate: create table vehicle (fuel_consumption_liters_per_100km numeric(38,2), last_service_date date, load_capacity_kg numeric(38,2), model_year integer, current_driver_id bigint unique, current_mileage_km bigint, id bigint generated by default as identity, next_service_mileage_km bigint, fuel_type varchar(255), license_plate varchar(255) not null unique, make varchar(255) not null, model varchar(255) not null, primary key (id))
Hibernate: alter table if exists assignment add constraint FKlxyhk53rm4gb54bfipxr2i8p8 foreign key (driver_id) references driver
Hibernate: alter table if exists assignment add constraint FK320nijic7fcow72xnld7schta foreign key (route_id) references routes
Hibernate: alter table if exists assignment add constraint FK5s0h3p6bsdhaysqgk03dg10px foreign key (vehicle_id) references vehicle
Hibernate: alter table if exists driver add constraint FKehly913071uevukgy4fx05c4s foreign key (user_info_id) references app_user
Hibernate: alter table if exists refresh_token add constraint FK5wkt2p042y3lwltk29cvpxuh foreign key (user_id) references app_user
Hibernate: alter table if exists shipment add constraint FK6dvmgmimcdtj7e175s93robk6 foreign key (assignment_id) references assignment
Hibernate: alter table if exists shipment add constraint FKghw3j6lueyw6i2udq0973yg1j foreign key (route_id) references routes
Hibernate: alter table if exists user_roles add constraint FKh8ciramu9cc9q3qcqiv4ue8a6 foreign key (role_id) references roles
Hibernate: alter table if exists user_roles add constraint FKj3mvebdkl4w67i9hn3t75fy1w foreign key (application_user_id) references app_user
Hibernate: alter table if exists vehicle add constraint FKqal9l8b6utkrujkgidvju97ww foreign key (current_driver_id) references driver
2026-01-01T15:15:22.160+01:00  INFO 151076 --- [           main] j.LocalContainerEntityManagerFactoryBean : Initialized JPA EntityManagerFactory for persistence unit 'default'
2026-01-01T15:15:22.235+01:00  INFO 151076 --- [           main] r$InitializeUserDetailsManagerConfigurer : Global AuthenticationManager configured with UserDetailsService bean with name userDetailsServiceImpl
2026-01-01T15:15:22.244+01:00  INFO 151076 --- [           main] h.a.r.l.s.ShipmentMaintenanceScheduler   : ShipmentMaintenanceScheduler je inicijaliziran i spreman za rad.
2026-01-01T15:15:22.256+01:00  WARN 151076 --- [           main] JpaBaseConfiguration$JpaWebConfiguration : spring.jpa.open-in-view is enabled by default. Therefore, database queries may be performed during view rendering. Explicitly configure spring.jpa.open-in-view to disable this warning
2026-01-01T15:15:22.360+01:00  INFO 151076 --- [           main] o.s.b.a.e.web.EndpointLinksResolver      : Exposing 2 endpoints beneath base path '/actuator'
2026-01-01T15:15:22.569+01:00  INFO 151076 --- [           main] .r.l.i.AssignmentCreationIntegrationTest : Started AssignmentCreationIntegrationTest in 0.819 seconds (process running for 17.436)
Hibernate: insert into app_user (email,first_name,is_enabled,last_name,password,username,id) values (?,?,?,?,?,?,default)
Hibernate: insert into driver (license_expiration_date,license_number,phone_number,user_info_id,id) values (?,?,?,?,default)
Hibernate: insert into vehicle (current_driver_id,current_mileage_km,fuel_consumption_liters_per_100km,fuel_type,last_service_date,license_plate,load_capacity_kg,make,model,next_service_mileage_km,model_year,id) values (?,?,?,?,?,?,?,?,?,?,?,default)
Hibernate: insert into shipment (actual_delivery_date,assignment_id,delivery_sequence,description,destination_address,destination_latitude,destination_longitude,expected_delivery_date,origin_address,origin_latitude,origin_longitude,route_id,shipment_value,status,tracking_number,volume_m3,weight_kg,id) values (?,?,?,?,?,?,?,?,?,?,?,?,?,?,?,?,?,default)
Hibernate: insert into shipment (actual_delivery_date,assignment_id,delivery_sequence,description,destination_address,destination_latitude,destination_longitude,expected_delivery_date,origin_address,origin_latitude,origin_longitude,route_id,shipment_value,status,tracking_number,volume_m3,weight_kg,id) values (?,?,?,?,?,?,?,?,?,?,?,?,?,?,?,?,?,default)
Hibernate: select d1_0.id,d1_0.license_expiration_date,d1_0.license_number,d1_0.phone_number,d1_0.user_info_id,ui1_0.id,ui1_0.email,ui1_0.first_name,ui1_0.is_enabled,ui1_0.last_name,ui1_0.password,ui1_0.username,r1_0.application_user_id,r1_1.id,r1_1.name from driver d1_0 join app_user ui1_0 on ui1_0.id=d1_0.user_info_id left join user_roles r1_0 on ui1_0.id=r1_0.application_user_id left join roles r1_1 on r1_1.id=r1_0.role_id where d1_0.id=?
Hibernate: select v1_0.id,v1_0.current_driver_id,v1_0.current_mileage_km,v1_0.fuel_consumption_liters_per_100km,v1_0.fuel_type,v1_0.last_service_date,v1_0.license_plate,v1_0.load_capacity_kg,v1_0.make,v1_0.model,v1_0.next_service_mileage_km,v1_0.model_year from vehicle v1_0 where v1_0.current_driver_id=?
Hibernate: select v1_0.id,v1_0.current_driver_id,v1_0.current_mileage_km,v1_0.fuel_consumption_liters_per_100km,v1_0.fuel_type,v1_0.last_service_date,v1_0.license_plate,v1_0.load_capacity_kg,v1_0.make,v1_0.model,v1_0.next_service_mileage_km,v1_0.model_year from vehicle v1_0 where v1_0.id=?
Hibernate: select s1_0.id,s1_0.actual_delivery_date,s1_0.assignment_id,s1_0.delivery_sequence,s1_0.description,s1_0.destination_address,s1_0.destination_latitude,s1_0.destination_longitude,s1_0.expected_delivery_date,s1_0.origin_address,s1_0.origin_latitude,s1_0.origin_longitude,s1_0.route_id,s1_0.shipment_value,s1_0.status,s1_0.tracking_number,s1_0.volume_m3,s1_0.weight_kg from shipment s1_0 where s1_0.id in (?,?)
Hibernate: insert into routes (destination_address,destination_latitude,destination_longitude,estimated_distance_km,estimated_duration_minutes,origin_address,origin_latitude,origin_longitude,status,id) values (?,?,?,?,?,?,?,?,?,default)
Hibernate: insert into assignment (driver_id,end_time,route_id,start_time,status,vehicle_id,id) values (?,?,?,?,?,?,default)
2026-01-01T15:15:22.626+01:00  INFO 151076 --- [           main] j.LocalContainerEntityManagerFactoryBean : Closing JPA EntityManagerFactory for persistence unit 'default'
Hibernate: drop table if exists app_user cascade 
Hibernate: drop table if exists assignment cascade 
Hibernate: drop table if exists driver cascade 
Hibernate: drop table if exists refresh_token cascade 
Hibernate: drop table if exists roles cascade 
Hibernate: drop table if exists routes cascade 
Hibernate: drop table if exists shipment cascade 
Hibernate: drop table if exists user_roles cascade 
Hibernate: drop table if exists vehicle cascade 
2026-01-01T15:15:22.630+01:00  INFO 151076 --- [           main] com.zaxxer.hikari.HikariDataSource       : HikariPool-9 - Shutdown initiated...
2026-01-01T15:15:22.631+01:00  INFO 151076 --- [           main] com.zaxxer.hikari.HikariDataSource       : HikariPool-9 - Shutdown completed.
2026-01-01T15:15:22.637+01:00  INFO 151076 --- [           main] o.s.b.d.r.RestartApplicationListener     : Restart disabled due to context in which it is running

  .   ____          _            __ _ _
 /\\ / ___'_ __ _ _(_)_ __  __ _ \ \ \ \
( ( )\___ | '_ | '_| | '_ \/ _` | \ \ \ \
 \\/  ___)| |_)| | | | | || (_| |  ) ) ) )
  '  |____| .__|_| |_|_| |_\__, | / / / /
 =========|_|==============|___/=/_/_/_/

 :: Spring Boot ::                (v3.5.6)

2026-01-01T15:15:22.672+01:00  INFO 151076 --- [           main] .r.l.i.AssignmentCreationIntegrationTest : Starting AssignmentCreationIntegrationTest using Java 23.0.2 with PID 151076 (started by misla in C:\Users\misla\Desktop\3.SEMESTAR ALGEBRA\RapidJava\Project\rapid-java-project)
2026-01-01T15:15:22.672+01:00  INFO 151076 --- [           main] .r.l.i.AssignmentCreationIntegrationTest : The following 1 profile is active: "test"
2026-01-01T15:15:22.941+01:00  INFO 151076 --- [           main] .s.d.r.c.RepositoryConfigurationDelegate : Bootstrapping Spring Data JPA repositories in DEFAULT mode.
2026-01-01T15:15:22.951+01:00  INFO 151076 --- [           main] .s.d.r.c.RepositoryConfigurationDelegate : Finished Spring Data repository scanning in 10 ms. Found 8 JPA repository interfaces.
2026-01-01T15:15:23.050+01:00  INFO 151076 --- [           main] o.hibernate.jpa.internal.util.LogHelper  : HHH000204: Processing PersistenceUnitInfo [name: default]
2026-01-01T15:15:23.052+01:00  INFO 151076 --- [           main] o.h.c.internal.RegionFactoryInitiator    : HHH000026: Second-level cache disabled
2026-01-01T15:15:23.058+01:00  INFO 151076 --- [           main] o.s.o.j.p.SpringPersistenceUnitInfo      : No LoadTimeWeaver setup: ignoring JPA class transformer
2026-01-01T15:15:23.059+01:00  INFO 151076 --- [           main] com.zaxxer.hikari.HikariDataSource       : HikariPool-10 - Starting...
2026-01-01T15:15:23.061+01:00  INFO 151076 --- [           main] com.zaxxer.hikari.pool.HikariPool        : HikariPool-10 - Added connection conn90: url=jdbc:h2:mem:testdb user=SA
2026-01-01T15:15:23.061+01:00  INFO 151076 --- [           main] com.zaxxer.hikari.HikariDataSource       : HikariPool-10 - Start completed.
2026-01-01T15:15:23.061+01:00  WARN 151076 --- [           main] org.hibernate.orm.deprecation            : HHH90000025: H2Dialect does not need to be specified explicitly using 'hibernate.dialect' (remove the property setting and it will be selected by default)
2026-01-01T15:15:23.061+01:00  INFO 151076 --- [           main] org.hibernate.orm.connections.pooling    : HHH10001005: Database info:
	Database JDBC URL [Connecting through datasource 'HikariDataSource (HikariPool-10)']
	Database driver: undefined/unknown
	Database version: 2.3.232
	Autocommit mode: undefined/unknown
	Isolation level: undefined/unknown
	Minimum pool size: undefined/unknown
	Maximum pool size: undefined/unknown
2026-01-01T15:15:23.121+01:00  INFO 151076 --- [           main] o.h.e.t.j.p.i.JtaPlatformInitiator       : HHH000489: No JTA platform available (set 'hibernate.transaction.jta.platform' to enable JTA platform integration)
Hibernate: drop table if exists app_user cascade 
Hibernate: drop table if exists assignment cascade 
Hibernate: drop table if exists driver cascade 
Hibernate: drop table if exists refresh_token cascade 
Hibernate: drop table if exists roles cascade 
Hibernate: drop table if exists routes cascade 
Hibernate: drop table if exists shipment cascade 
Hibernate: drop table if exists user_roles cascade 
Hibernate: drop table if exists vehicle cascade 
Hibernate: create table app_user (is_enabled boolean, id bigint generated by default as identity, email varchar(255) not null unique, first_name varchar(255), last_name varchar(255), password varchar(255), username varchar(255), primary key (id))
Hibernate: create table assignment (driver_id bigint not null, end_time timestamp(6), id bigint generated by default as identity, route_id bigint not null unique, start_time timestamp(6) not null, vehicle_id bigint not null, status varchar(255) not null, primary key (id))
Hibernate: create table driver (license_expiration_date date, id bigint generated by default as identity, user_info_id bigint not null unique, license_number varchar(255) unique, phone_number varchar(255), primary key (id))
Hibernate: create table refresh_token (id integer generated by default as identity, expiry_date timestamp(6) with time zone, user_id bigint unique, token varchar(255), primary key (id))
Hibernate: create table roles (id bigint generated by default as identity, name varchar(255), primary key (id))
Hibernate: create table routes (destination_latitude float(53), destination_longitude float(53), estimated_distance_km float(53), origin_latitude float(53), origin_longitude float(53), estimated_duration_minutes bigint, id bigint generated by default as identity, destination_address varchar(255), origin_address varchar(255), status enum ('ACTIVE','CALCULATED','CANCELED','COMPLETED','DRAFT') not null, primary key (id))
Hibernate: create table shipment (delivery_sequence integer, destination_latitude float(53), destination_longitude float(53), origin_latitude float(53), origin_longitude float(53), shipment_value numeric(38,2), volume_m3 numeric(38,2), weight_kg numeric(38,2) not null, actual_delivery_date timestamp(6), assignment_id bigint, expected_delivery_date timestamp(6), id bigint generated by default as identity, route_id bigint unique, description varchar(255), destination_address varchar(255) not null, origin_address varchar(255) not null, tracking_number varchar(255) not null unique, status enum ('CANCELED','DELAYED','DELIVERED','IN_TRANSIT','OVERDUE','PENDING','SCHEDULED') not null, primary key (id))
Hibernate: create table user_roles (application_user_id bigint not null, role_id bigint not null)
Hibernate: create table vehicle (fuel_consumption_liters_per_100km numeric(38,2), last_service_date date, load_capacity_kg numeric(38,2), model_year integer, current_driver_id bigint unique, current_mileage_km bigint, id bigint generated by default as identity, next_service_mileage_km bigint, fuel_type varchar(255), license_plate varchar(255) not null unique, make varchar(255) not null, model varchar(255) not null, primary key (id))
Hibernate: alter table if exists assignment add constraint FKlxyhk53rm4gb54bfipxr2i8p8 foreign key (driver_id) references driver
Hibernate: alter table if exists assignment add constraint FK320nijic7fcow72xnld7schta foreign key (route_id) references routes
Hibernate: alter table if exists assignment add constraint FK5s0h3p6bsdhaysqgk03dg10px foreign key (vehicle_id) references vehicle
Hibernate: alter table if exists driver add constraint FKehly913071uevukgy4fx05c4s foreign key (user_info_id) references app_user
Hibernate: alter table if exists refresh_token add constraint FK5wkt2p042y3lwltk29cvpxuh foreign key (user_id) references app_user
Hibernate: alter table if exists shipment add constraint FK6dvmgmimcdtj7e175s93robk6 foreign key (assignment_id) references assignment
Hibernate: alter table if exists shipment add constraint FKghw3j6lueyw6i2udq0973yg1j foreign key (route_id) references routes
Hibernate: alter table if exists user_roles add constraint FKh8ciramu9cc9q3qcqiv4ue8a6 foreign key (role_id) references roles
Hibernate: alter table if exists user_roles add constraint FKj3mvebdkl4w67i9hn3t75fy1w foreign key (application_user_id) references app_user
Hibernate: alter table if exists vehicle add constraint FKqal9l8b6utkrujkgidvju97ww foreign key (current_driver_id) references driver
2026-01-01T15:15:23.134+01:00  INFO 151076 --- [           main] j.LocalContainerEntityManagerFactoryBean : Initialized JPA EntityManagerFactory for persistence unit 'default'
2026-01-01T15:15:23.216+01:00  INFO 151076 --- [           main] r$InitializeUserDetailsManagerConfigurer : Global AuthenticationManager configured with UserDetailsService bean with name userDetailsServiceImpl
2026-01-01T15:15:23.224+01:00  INFO 151076 --- [           main] h.a.r.l.s.ShipmentMaintenanceScheduler   : ShipmentMaintenanceScheduler je inicijaliziran i spreman za rad.
2026-01-01T15:15:23.237+01:00  WARN 151076 --- [           main] JpaBaseConfiguration$JpaWebConfiguration : spring.jpa.open-in-view is enabled by default. Therefore, database queries may be performed during view rendering. Explicitly configure spring.jpa.open-in-view to disable this warning
2026-01-01T15:15:23.331+01:00  INFO 151076 --- [           main] o.s.b.a.e.web.EndpointLinksResolver      : Exposing 2 endpoints beneath base path '/actuator'
2026-01-01T15:15:23.431+01:00  INFO 151076 --- [           main] .r.l.i.AssignmentCreationIntegrationTest : Started AssignmentCreationIntegrationTest in 0.796 seconds (process running for 18.3)
Hibernate: insert into app_user (email,first_name,is_enabled,last_name,password,username,id) values (?,?,?,?,?,?,default)
Hibernate: insert into driver (license_expiration_date,license_number,phone_number,user_info_id,id) values (?,?,?,?,default)
Hibernate: insert into vehicle (current_driver_id,current_mileage_km,fuel_consumption_liters_per_100km,fuel_type,last_service_date,license_plate,load_capacity_kg,make,model,next_service_mileage_km,model_year,id) values (?,?,?,?,?,?,?,?,?,?,?,default)
Hibernate: insert into shipment (actual_delivery_date,assignment_id,delivery_sequence,description,destination_address,destination_latitude,destination_longitude,expected_delivery_date,origin_address,origin_latitude,origin_longitude,route_id,shipment_value,status,tracking_number,volume_m3,weight_kg,id) values (?,?,?,?,?,?,?,?,?,?,?,?,?,?,?,?,?,default)
Hibernate: select d1_0.id,d1_0.license_expiration_date,d1_0.license_number,d1_0.phone_number,d1_0.user_info_id,ui1_0.id,ui1_0.email,ui1_0.first_name,ui1_0.is_enabled,ui1_0.last_name,ui1_0.password,ui1_0.username,r1_0.application_user_id,r1_1.id,r1_1.name from driver d1_0 join app_user ui1_0 on ui1_0.id=d1_0.user_info_id left join user_roles r1_0 on ui1_0.id=r1_0.application_user_id left join roles r1_1 on r1_1.id=r1_0.role_id where d1_0.id=?
Hibernate: select v1_0.id,v1_0.current_driver_id,v1_0.current_mileage_km,v1_0.fuel_consumption_liters_per_100km,v1_0.fuel_type,v1_0.last_service_date,v1_0.license_plate,v1_0.load_capacity_kg,v1_0.make,v1_0.model,v1_0.next_service_mileage_km,v1_0.model_year from vehicle v1_0 where v1_0.current_driver_id=?
Hibernate: select v1_0.id,v1_0.current_driver_id,v1_0.current_mileage_km,v1_0.fuel_consumption_liters_per_100km,v1_0.fuel_type,v1_0.last_service_date,v1_0.license_plate,v1_0.load_capacity_kg,v1_0.make,v1_0.model,v1_0.next_service_mileage_km,v1_0.model_year from vehicle v1_0 where v1_0.id=?
Hibernate: select s1_0.id,s1_0.actual_delivery_date,s1_0.assignment_id,s1_0.delivery_sequence,s1_0.description,s1_0.destination_address,s1_0.destination_latitude,s1_0.destination_longitude,s1_0.expected_delivery_date,s1_0.origin_address,s1_0.origin_latitude,s1_0.origin_longitude,s1_0.route_id,s1_0.shipment_value,s1_0.status,s1_0.tracking_number,s1_0.volume_m3,s1_0.weight_kg from shipment s1_0 where s1_0.id in (?)
Hibernate: insert into routes (destination_address,destination_latitude,destination_longitude,estimated_distance_km,estimated_duration_minutes,origin_address,origin_latitude,origin_longitude,status,id) values (?,?,?,?,?,?,?,?,?,default)
Hibernate: insert into assignment (driver_id,end_time,route_id,start_time,status,vehicle_id,id) values (?,?,?,?,?,?,default)
2026-01-01T15:15:23.460+01:00  INFO 151076 --- [           main] j.LocalContainerEntityManagerFactoryBean : Closing JPA EntityManagerFactory for persistence unit 'default'
Hibernate: drop table if exists app_user cascade 
Hibernate: drop table if exists assignment cascade 
Hibernate: drop table if exists driver cascade 
Hibernate: drop table if exists refresh_token cascade 
Hibernate: drop table if exists roles cascade 
Hibernate: drop table if exists routes cascade 
Hibernate: drop table if exists shipment cascade 
Hibernate: drop table if exists user_roles cascade 
Hibernate: drop table if exists vehicle cascade 
2026-01-01T15:15:23.461+01:00  INFO 151076 --- [           main] com.zaxxer.hikari.HikariDataSource       : HikariPool-10 - Shutdown initiated...
2026-01-01T15:15:23.501+01:00  INFO 151076 --- [           main] com.zaxxer.hikari.HikariDataSource       : HikariPool-10 - Shutdown completed.
2026-01-01T15:15:23.505+01:00  INFO 151076 --- [           main] o.s.b.d.r.RestartApplicationListener     : Restart disabled due to context in which it is running

  .   ____          _            __ _ _
 /\\ / ___'_ __ _ _(_)_ __  __ _ \ \ \ \
( ( )\___ | '_ | '_| | '_ \/ _` | \ \ \ \
 \\/  ___)| |_)| | | | | || (_| |  ) ) ) )
  '  |____| .__|_| |_|_| |_\__, | / / / /
 =========|_|==============|___/=/_/_/_/

 :: Spring Boot ::                (v3.5.6)

2026-01-01T15:15:23.521+01:00  INFO 151076 --- [           main] .r.l.i.AssignmentCreationIntegrationTest : Starting AssignmentCreationIntegrationTest using Java 23.0.2 with PID 151076 (started by misla in C:\Users\misla\Desktop\3.SEMESTAR ALGEBRA\RapidJava\Project\rapid-java-project)
2026-01-01T15:15:23.521+01:00  INFO 151076 --- [           main] .r.l.i.AssignmentCreationIntegrationTest : The following 1 profile is active: "test"
2026-01-01T15:15:23.668+01:00  INFO 151076 --- [           main] .s.d.r.c.RepositoryConfigurationDelegate : Bootstrapping Spring Data JPA repositories in DEFAULT mode.
2026-01-01T15:15:23.678+01:00  INFO 151076 --- [           main] .s.d.r.c.RepositoryConfigurationDelegate : Finished Spring Data repository scanning in 9 ms. Found 8 JPA repository interfaces.
2026-01-01T15:15:23.750+01:00  INFO 151076 --- [           main] o.hibernate.jpa.internal.util.LogHelper  : HHH000204: Processing PersistenceUnitInfo [name: default]
2026-01-01T15:15:23.753+01:00  INFO 151076 --- [           main] o.h.c.internal.RegionFactoryInitiator    : HHH000026: Second-level cache disabled
2026-01-01T15:15:23.759+01:00  INFO 151076 --- [           main] o.s.o.j.p.SpringPersistenceUnitInfo      : No LoadTimeWeaver setup: ignoring JPA class transformer
2026-01-01T15:15:23.760+01:00  INFO 151076 --- [           main] com.zaxxer.hikari.HikariDataSource       : HikariPool-11 - Starting...
2026-01-01T15:15:23.761+01:00  INFO 151076 --- [           main] com.zaxxer.hikari.pool.HikariPool        : HikariPool-11 - Added connection conn100: url=jdbc:h2:mem:testdb user=SA
2026-01-01T15:15:23.761+01:00  INFO 151076 --- [           main] com.zaxxer.hikari.HikariDataSource       : HikariPool-11 - Start completed.
2026-01-01T15:15:23.761+01:00  WARN 151076 --- [           main] org.hibernate.orm.deprecation            : HHH90000025: H2Dialect does not need to be specified explicitly using 'hibernate.dialect' (remove the property setting and it will be selected by default)
2026-01-01T15:15:23.761+01:00  INFO 151076 --- [           main] org.hibernate.orm.connections.pooling    : HHH10001005: Database info:
	Database JDBC URL [Connecting through datasource 'HikariDataSource (HikariPool-11)']
	Database driver: undefined/unknown
	Database version: 2.3.232
	Autocommit mode: undefined/unknown
	Isolation level: undefined/unknown
	Minimum pool size: undefined/unknown
	Maximum pool size: undefined/unknown
2026-01-01T15:15:23.831+01:00  INFO 151076 --- [           main] o.h.e.t.j.p.i.JtaPlatformInitiator       : HHH000489: No JTA platform available (set 'hibernate.transaction.jta.platform' to enable JTA platform integration)
Hibernate: drop table if exists app_user cascade 
Hibernate: drop table if exists assignment cascade 
Hibernate: drop table if exists driver cascade 
Hibernate: drop table if exists refresh_token cascade 
Hibernate: drop table if exists roles cascade 
Hibernate: drop table if exists routes cascade 
Hibernate: drop table if exists shipment cascade 
Hibernate: drop table if exists user_roles cascade 
Hibernate: drop table if exists vehicle cascade 
Hibernate: create table app_user (is_enabled boolean, id bigint generated by default as identity, email varchar(255) not null unique, first_name varchar(255), last_name varchar(255), password varchar(255), username varchar(255), primary key (id))
Hibernate: create table assignment (driver_id bigint not null, end_time timestamp(6), id bigint generated by default as identity, route_id bigint not null unique, start_time timestamp(6) not null, vehicle_id bigint not null, status varchar(255) not null, primary key (id))
Hibernate: create table driver (license_expiration_date date, id bigint generated by default as identity, user_info_id bigint not null unique, license_number varchar(255) unique, phone_number varchar(255), primary key (id))
Hibernate: create table refresh_token (id integer generated by default as identity, expiry_date timestamp(6) with time zone, user_id bigint unique, token varchar(255), primary key (id))
Hibernate: create table roles (id bigint generated by default as identity, name varchar(255), primary key (id))
Hibernate: create table routes (destination_latitude float(53), destination_longitude float(53), estimated_distance_km float(53), origin_latitude float(53), origin_longitude float(53), estimated_duration_minutes bigint, id bigint generated by default as identity, destination_address varchar(255), origin_address varchar(255), status enum ('ACTIVE','CALCULATED','CANCELED','COMPLETED','DRAFT') not null, primary key (id))
Hibernate: create table shipment (delivery_sequence integer, destination_latitude float(53), destination_longitude float(53), origin_latitude float(53), origin_longitude float(53), shipment_value numeric(38,2), volume_m3 numeric(38,2), weight_kg numeric(38,2) not null, actual_delivery_date timestamp(6), assignment_id bigint, expected_delivery_date timestamp(6), id bigint generated by default as identity, route_id bigint unique, description varchar(255), destination_address varchar(255) not null, origin_address varchar(255) not null, tracking_number varchar(255) not null unique, status enum ('CANCELED','DELAYED','DELIVERED','IN_TRANSIT','OVERDUE','PENDING','SCHEDULED') not null, primary key (id))
Hibernate: create table user_roles (application_user_id bigint not null, role_id bigint not null)
Hibernate: create table vehicle (fuel_consumption_liters_per_100km numeric(38,2), last_service_date date, load_capacity_kg numeric(38,2), model_year integer, current_driver_id bigint unique, current_mileage_km bigint, id bigint generated by default as identity, next_service_mileage_km bigint, fuel_type varchar(255), license_plate varchar(255) not null unique, make varchar(255) not null, model varchar(255) not null, primary key (id))
Hibernate: alter table if exists assignment add constraint FKlxyhk53rm4gb54bfipxr2i8p8 foreign key (driver_id) references driver
Hibernate: alter table if exists assignment add constraint FK320nijic7fcow72xnld7schta foreign key (route_id) references routes
Hibernate: alter table if exists assignment add constraint FK5s0h3p6bsdhaysqgk03dg10px foreign key (vehicle_id) references vehicle
Hibernate: alter table if exists driver add constraint FKehly913071uevukgy4fx05c4s foreign key (user_info_id) references app_user
Hibernate: alter table if exists refresh_token add constraint FK5wkt2p042y3lwltk29cvpxuh foreign key (user_id) references app_user
Hibernate: alter table if exists shipment add constraint FK6dvmgmimcdtj7e175s93robk6 foreign key (assignment_id) references assignment
Hibernate: alter table if exists shipment add constraint FKghw3j6lueyw6i2udq0973yg1j foreign key (route_id) references routes
Hibernate: alter table if exists user_roles add constraint FKh8ciramu9cc9q3qcqiv4ue8a6 foreign key (role_id) references roles
Hibernate: alter table if exists user_roles add constraint FKj3mvebdkl4w67i9hn3t75fy1w foreign key (application_user_id) references app_user
Hibernate: alter table if exists vehicle add constraint FKqal9l8b6utkrujkgidvju97ww foreign key (current_driver_id) references driver
2026-01-01T15:15:23.841+01:00  INFO 151076 --- [           main] j.LocalContainerEntityManagerFactoryBean : Initialized JPA EntityManagerFactory for persistence unit 'default'
2026-01-01T15:15:23.907+01:00  INFO 151076 --- [           main] r$InitializeUserDetailsManagerConfigurer : Global AuthenticationManager configured with UserDetailsService bean with name userDetailsServiceImpl
2026-01-01T15:15:23.914+01:00  INFO 151076 --- [           main] h.a.r.l.s.ShipmentMaintenanceScheduler   : ShipmentMaintenanceScheduler je inicijaliziran i spreman za rad.
2026-01-01T15:15:23.929+01:00  WARN 151076 --- [           main] JpaBaseConfiguration$JpaWebConfiguration : spring.jpa.open-in-view is enabled by default. Therefore, database queries may be performed during view rendering. Explicitly configure spring.jpa.open-in-view to disable this warning
2026-01-01T15:15:24.007+01:00  INFO 151076 --- [           main] o.s.b.a.e.web.EndpointLinksResolver      : Exposing 2 endpoints beneath base path '/actuator'
2026-01-01T15:15:24.099+01:00  INFO 151076 --- [           main] .r.l.i.AssignmentCreationIntegrationTest : Started AssignmentCreationIntegrationTest in 0.594 seconds (process running for 18.968)
Hibernate: insert into app_user (email,first_name,is_enabled,last_name,password,username,id) values (?,?,?,?,?,?,default)
Hibernate: insert into driver (license_expiration_date,license_number,phone_number,user_info_id,id) values (?,?,?,?,default)
Hibernate: insert into vehicle (current_driver_id,current_mileage_km,fuel_consumption_liters_per_100km,fuel_type,last_service_date,license_plate,load_capacity_kg,make,model,next_service_mileage_km,model_year,id) values (?,?,?,?,?,?,?,?,?,?,?,default)
Hibernate: insert into shipment (actual_delivery_date,assignment_id,delivery_sequence,description,destination_address,destination_latitude,destination_longitude,expected_delivery_date,origin_address,origin_latitude,origin_longitude,route_id,shipment_value,status,tracking_number,volume_m3,weight_kg,id) values (?,?,?,?,?,?,?,?,?,?,?,?,?,?,?,?,?,default)
Hibernate: select d1_0.id,d1_0.license_expiration_date,d1_0.license_number,d1_0.phone_number,d1_0.user_info_id,ui1_0.id,ui1_0.email,ui1_0.first_name,ui1_0.is_enabled,ui1_0.last_name,ui1_0.password,ui1_0.username,r1_0.application_user_id,r1_1.id,r1_1.name from driver d1_0 join app_user ui1_0 on ui1_0.id=d1_0.user_info_id left join user_roles r1_0 on ui1_0.id=r1_0.application_user_id left join roles r1_1 on r1_1.id=r1_0.role_id where d1_0.id=?
Hibernate: select v1_0.id,v1_0.current_driver_id,v1_0.current_mileage_km,v1_0.fuel_consumption_liters_per_100km,v1_0.fuel_type,v1_0.last_service_date,v1_0.license_plate,v1_0.load_capacity_kg,v1_0.make,v1_0.model,v1_0.next_service_mileage_km,v1_0.model_year from vehicle v1_0 where v1_0.current_driver_id=?
Hibernate: select v1_0.id,v1_0.current_driver_id,v1_0.current_mileage_km,v1_0.fuel_consumption_liters_per_100km,v1_0.fuel_type,v1_0.last_service_date,v1_0.license_plate,v1_0.load_capacity_kg,v1_0.make,v1_0.model,v1_0.next_service_mileage_km,v1_0.model_year from vehicle v1_0 where v1_0.id=?
Hibernate: select s1_0.id,s1_0.actual_delivery_date,s1_0.assignment_id,s1_0.delivery_sequence,s1_0.description,s1_0.destination_address,s1_0.destination_latitude,s1_0.destination_longitude,s1_0.expected_delivery_date,s1_0.origin_address,s1_0.origin_latitude,s1_0.origin_longitude,s1_0.route_id,s1_0.shipment_value,s1_0.status,s1_0.tracking_number,s1_0.volume_m3,s1_0.weight_kg from shipment s1_0 where s1_0.id in (?)
Hibernate: insert into routes (destination_address,destination_latitude,destination_longitude,estimated_distance_km,estimated_duration_minutes,origin_address,origin_latitude,origin_longitude,status,id) values (?,?,?,?,?,?,?,?,?,default)
Hibernate: insert into assignment (driver_id,end_time,route_id,start_time,status,vehicle_id,id) values (?,?,?,?,?,?,default)
2026-01-01T15:15:24.124+01:00  INFO 151076 --- [           main] j.LocalContainerEntityManagerFactoryBean : Closing JPA EntityManagerFactory for persistence unit 'default'
Hibernate: drop table if exists app_user cascade 
Hibernate: drop table if exists assignment cascade 
Hibernate: drop table if exists driver cascade 
Hibernate: drop table if exists refresh_token cascade 
Hibernate: drop table if exists roles cascade 
Hibernate: drop table if exists routes cascade 
Hibernate: drop table if exists shipment cascade 
Hibernate: drop table if exists user_roles cascade 
Hibernate: drop table if exists vehicle cascade 
2026-01-01T15:15:24.126+01:00  INFO 151076 --- [           main] com.zaxxer.hikari.HikariDataSource       : HikariPool-11 - Shutdown initiated...
2026-01-01T15:15:24.127+01:00  INFO 151076 --- [           main] com.zaxxer.hikari.HikariDataSource       : HikariPool-11 - Shutdown completed.
2026-01-01T15:15:24.131+01:00  INFO 151076 --- [           main] o.s.b.d.r.RestartApplicationListener     : Restart disabled due to context in which it is running

  .   ____          _            __ _ _
 /\\ / ___'_ __ _ _(_)_ __  __ _ \ \ \ \
( ( )\___ | '_ | '_| | '_ \/ _` | \ \ \ \
 \\/  ___)| |_)| | | | | || (_| |  ) ) ) )
  '  |____| .__|_| |_|_| |_\__, | / / / /
 =========|_|==============|___/=/_/_/_/

 :: Spring Boot ::                (v3.5.6)

2026-01-01T15:15:24.149+01:00  INFO 151076 --- [           main] .r.l.i.AssignmentCreationIntegrationTest : Starting AssignmentCreationIntegrationTest using Java 23.0.2 with PID 151076 (started by misla in C:\Users\misla\Desktop\3.SEMESTAR ALGEBRA\RapidJava\Project\rapid-java-project)
2026-01-01T15:15:24.149+01:00  INFO 151076 --- [           main] .r.l.i.AssignmentCreationIntegrationTest : The following 1 profile is active: "test"
2026-01-01T15:15:24.295+01:00  INFO 151076 --- [           main] .s.d.r.c.RepositoryConfigurationDelegate : Bootstrapping Spring Data JPA repositories in DEFAULT mode.
2026-01-01T15:15:24.303+01:00  INFO 151076 --- [           main] .s.d.r.c.RepositoryConfigurationDelegate : Finished Spring Data repository scanning in 7 ms. Found 8 JPA repository interfaces.
2026-01-01T15:15:24.398+01:00  INFO 151076 --- [           main] o.hibernate.jpa.internal.util.LogHelper  : HHH000204: Processing PersistenceUnitInfo [name: default]
2026-01-01T15:15:24.400+01:00  INFO 151076 --- [           main] o.h.c.internal.RegionFactoryInitiator    : HHH000026: Second-level cache disabled
2026-01-01T15:15:24.407+01:00  INFO 151076 --- [           main] o.s.o.j.p.SpringPersistenceUnitInfo      : No LoadTimeWeaver setup: ignoring JPA class transformer
2026-01-01T15:15:24.408+01:00  INFO 151076 --- [           main] com.zaxxer.hikari.HikariDataSource       : HikariPool-12 - Starting...
2026-01-01T15:15:24.409+01:00  INFO 151076 --- [           main] com.zaxxer.hikari.pool.HikariPool        : HikariPool-12 - Added connection conn109: url=jdbc:h2:mem:testdb user=SA
2026-01-01T15:15:24.409+01:00  INFO 151076 --- [           main] com.zaxxer.hikari.HikariDataSource       : HikariPool-12 - Start completed.
2026-01-01T15:15:24.409+01:00  WARN 151076 --- [           main] org.hibernate.orm.deprecation            : HHH90000025: H2Dialect does not need to be specified explicitly using 'hibernate.dialect' (remove the property setting and it will be selected by default)
2026-01-01T15:15:24.409+01:00  INFO 151076 --- [           main] org.hibernate.orm.connections.pooling    : HHH10001005: Database info:
	Database JDBC URL [Connecting through datasource 'HikariDataSource (HikariPool-12)']
	Database driver: undefined/unknown
	Database version: 2.3.232
	Autocommit mode: undefined/unknown
	Isolation level: undefined/unknown
	Minimum pool size: undefined/unknown
	Maximum pool size: undefined/unknown
2026-01-01T15:15:24.462+01:00  INFO 151076 --- [           main] o.h.e.t.j.p.i.JtaPlatformInitiator       : HHH000489: No JTA platform available (set 'hibernate.transaction.jta.platform' to enable JTA platform integration)
Hibernate: drop table if exists app_user cascade 
Hibernate: drop table if exists assignment cascade 
Hibernate: drop table if exists driver cascade 
Hibernate: drop table if exists refresh_token cascade 
Hibernate: drop table if exists roles cascade 
Hibernate: drop table if exists routes cascade 
Hibernate: drop table if exists shipment cascade 
Hibernate: drop table if exists user_roles cascade 
Hibernate: drop table if exists vehicle cascade 
Hibernate: create table app_user (is_enabled boolean, id bigint generated by default as identity, email varchar(255) not null unique, first_name varchar(255), last_name varchar(255), password varchar(255), username varchar(255), primary key (id))
Hibernate: create table assignment (driver_id bigint not null, end_time timestamp(6), id bigint generated by default as identity, route_id bigint not null unique, start_time timestamp(6) not null, vehicle_id bigint not null, status varchar(255) not null, primary key (id))
Hibernate: create table driver (license_expiration_date date, id bigint generated by default as identity, user_info_id bigint not null unique, license_number varchar(255) unique, phone_number varchar(255), primary key (id))
Hibernate: create table refresh_token (id integer generated by default as identity, expiry_date timestamp(6) with time zone, user_id bigint unique, token varchar(255), primary key (id))
Hibernate: create table roles (id bigint generated by default as identity, name varchar(255), primary key (id))
Hibernate: create table routes (destination_latitude float(53), destination_longitude float(53), estimated_distance_km float(53), origin_latitude float(53), origin_longitude float(53), estimated_duration_minutes bigint, id bigint generated by default as identity, destination_address varchar(255), origin_address varchar(255), status enum ('ACTIVE','CALCULATED','CANCELED','COMPLETED','DRAFT') not null, primary key (id))
Hibernate: create table shipment (delivery_sequence integer, destination_latitude float(53), destination_longitude float(53), origin_latitude float(53), origin_longitude float(53), shipment_value numeric(38,2), volume_m3 numeric(38,2), weight_kg numeric(38,2) not null, actual_delivery_date timestamp(6), assignment_id bigint, expected_delivery_date timestamp(6), id bigint generated by default as identity, route_id bigint unique, description varchar(255), destination_address varchar(255) not null, origin_address varchar(255) not null, tracking_number varchar(255) not null unique, status enum ('CANCELED','DELAYED','DELIVERED','IN_TRANSIT','OVERDUE','PENDING','SCHEDULED') not null, primary key (id))
Hibernate: create table user_roles (application_user_id bigint not null, role_id bigint not null)
Hibernate: create table vehicle (fuel_consumption_liters_per_100km numeric(38,2), last_service_date date, load_capacity_kg numeric(38,2), model_year integer, current_driver_id bigint unique, current_mileage_km bigint, id bigint generated by default as identity, next_service_mileage_km bigint, fuel_type varchar(255), license_plate varchar(255) not null unique, make varchar(255) not null, model varchar(255) not null, primary key (id))
Hibernate: alter table if exists assignment add constraint FKlxyhk53rm4gb54bfipxr2i8p8 foreign key (driver_id) references driver
Hibernate: alter table if exists assignment add constraint FK320nijic7fcow72xnld7schta foreign key (route_id) references routes
Hibernate: alter table if exists assignment add constraint FK5s0h3p6bsdhaysqgk03dg10px foreign key (vehicle_id) references vehicle
Hibernate: alter table if exists driver add constraint FKehly913071uevukgy4fx05c4s foreign key (user_info_id) references app_user
Hibernate: alter table if exists refresh_token add constraint FK5wkt2p042y3lwltk29cvpxuh foreign key (user_id) references app_user
Hibernate: alter table if exists shipment add constraint FK6dvmgmimcdtj7e175s93robk6 foreign key (assignment_id) references assignment
Hibernate: alter table if exists shipment add constraint FKghw3j6lueyw6i2udq0973yg1j foreign key (route_id) references routes
Hibernate: alter table if exists user_roles add constraint FKh8ciramu9cc9q3qcqiv4ue8a6 foreign key (role_id) references roles
Hibernate: alter table if exists user_roles add constraint FKj3mvebdkl4w67i9hn3t75fy1w foreign key (application_user_id) references app_user
Hibernate: alter table if exists vehicle add constraint FKqal9l8b6utkrujkgidvju97ww foreign key (current_driver_id) references driver
2026-01-01T15:15:24.472+01:00  INFO 151076 --- [           main] j.LocalContainerEntityManagerFactoryBean : Initialized JPA EntityManagerFactory for persistence unit 'default'
2026-01-01T15:15:24.568+01:00  INFO 151076 --- [           main] r$InitializeUserDetailsManagerConfigurer : Global AuthenticationManager configured with UserDetailsService bean with name userDetailsServiceImpl
2026-01-01T15:15:24.575+01:00  INFO 151076 --- [           main] h.a.r.l.s.ShipmentMaintenanceScheduler   : ShipmentMaintenanceScheduler je inicijaliziran i spreman za rad.
2026-01-01T15:15:24.589+01:00  WARN 151076 --- [           main] JpaBaseConfiguration$JpaWebConfiguration : spring.jpa.open-in-view is enabled by default. Therefore, database queries may be performed during view rendering. Explicitly configure spring.jpa.open-in-view to disable this warning
2026-01-01T15:15:24.669+01:00  INFO 151076 --- [           main] o.s.b.a.e.web.EndpointLinksResolver      : Exposing 2 endpoints beneath base path '/actuator'
2026-01-01T15:15:24.754+01:00  INFO 151076 --- [           main] .r.l.i.AssignmentCreationIntegrationTest : Started AssignmentCreationIntegrationTest in 0.624 seconds (process running for 19.622)
Hibernate: insert into app_user (email,first_name,is_enabled,last_name,password,username,id) values (?,?,?,?,?,?,default)
Hibernate: insert into driver (license_expiration_date,license_number,phone_number,user_info_id,id) values (?,?,?,?,default)
Hibernate: insert into vehicle (current_driver_id,current_mileage_km,fuel_consumption_liters_per_100km,fuel_type,last_service_date,license_plate,load_capacity_kg,make,model,next_service_mileage_km,model_year,id) values (?,?,?,?,?,?,?,?,?,?,?,default)
Hibernate: insert into shipment (actual_delivery_date,assignment_id,delivery_sequence,description,destination_address,destination_latitude,destination_longitude,expected_delivery_date,origin_address,origin_latitude,origin_longitude,route_id,shipment_value,status,tracking_number,volume_m3,weight_kg,id) values (?,?,?,?,?,?,?,?,?,?,?,?,?,?,?,?,?,default)
Hibernate: select d1_0.id,d1_0.license_expiration_date,d1_0.license_number,d1_0.phone_number,d1_0.user_info_id,ui1_0.id,ui1_0.email,ui1_0.first_name,ui1_0.is_enabled,ui1_0.last_name,ui1_0.password,ui1_0.username,r1_0.application_user_id,r1_1.id,r1_1.name from driver d1_0 join app_user ui1_0 on ui1_0.id=d1_0.user_info_id left join user_roles r1_0 on ui1_0.id=r1_0.application_user_id left join roles r1_1 on r1_1.id=r1_0.role_id where d1_0.id=?
Hibernate: select v1_0.id,v1_0.current_driver_id,v1_0.current_mileage_km,v1_0.fuel_consumption_liters_per_100km,v1_0.fuel_type,v1_0.last_service_date,v1_0.license_plate,v1_0.load_capacity_kg,v1_0.make,v1_0.model,v1_0.next_service_mileage_km,v1_0.model_year from vehicle v1_0 where v1_0.current_driver_id=?
Hibernate: select v1_0.id,v1_0.current_driver_id,v1_0.current_mileage_km,v1_0.fuel_consumption_liters_per_100km,v1_0.fuel_type,v1_0.last_service_date,v1_0.license_plate,v1_0.load_capacity_kg,v1_0.make,v1_0.model,v1_0.next_service_mileage_km,v1_0.model_year from vehicle v1_0 where v1_0.id=?
2026-01-01T15:15:24.775+01:00  INFO 151076 --- [           main] j.LocalContainerEntityManagerFactoryBean : Closing JPA EntityManagerFactory for persistence unit 'default'
Hibernate: drop table if exists app_user cascade 
Hibernate: drop table if exists assignment cascade 
Hibernate: drop table if exists driver cascade 
Hibernate: drop table if exists refresh_token cascade 
Hibernate: drop table if exists roles cascade 
Hibernate: drop table if exists routes cascade 
Hibernate: drop table if exists shipment cascade 
Hibernate: drop table if exists user_roles cascade 
Hibernate: drop table if exists vehicle cascade 
2026-01-01T15:15:24.776+01:00  INFO 151076 --- [           main] com.zaxxer.hikari.HikariDataSource       : HikariPool-12 - Shutdown initiated...
2026-01-01T15:15:24.795+01:00  INFO 151076 --- [           main] com.zaxxer.hikari.HikariDataSource       : HikariPool-12 - Shutdown completed.
2026-01-01T15:15:24.797+01:00  INFO 151076 --- [           main] o.s.b.d.r.RestartApplicationListener     : Restart disabled due to context in which it is running

  .   ____          _            __ _ _
 /\\ / ___'_ __ _ _(_)_ __  __ _ \ \ \ \
( ( )\___ | '_ | '_| | '_ \/ _` | \ \ \ \
 \\/  ___)| |_)| | | | | || (_| |  ) ) ) )
  '  |____| .__|_| |_|_| |_\__, | / / / /
 =========|_|==============|___/=/_/_/_/

 :: Spring Boot ::                (v3.5.6)

2026-01-01T15:15:24.813+01:00  INFO 151076 --- [           main] .r.l.i.AssignmentCreationIntegrationTest : Starting AssignmentCreationIntegrationTest using Java 23.0.2 with PID 151076 (started by misla in C:\Users\misla\Desktop\3.SEMESTAR ALGEBRA\RapidJava\Project\rapid-java-project)
2026-01-01T15:15:24.813+01:00  INFO 151076 --- [           main] .r.l.i.AssignmentCreationIntegrationTest : The following 1 profile is active: "test"
2026-01-01T15:15:24.931+01:00  INFO 151076 --- [           main] .s.d.r.c.RepositoryConfigurationDelegate : Bootstrapping Spring Data JPA repositories in DEFAULT mode.
2026-01-01T15:15:24.942+01:00  INFO 151076 --- [           main] .s.d.r.c.RepositoryConfigurationDelegate : Finished Spring Data repository scanning in 10 ms. Found 8 JPA repository interfaces.
2026-01-01T15:15:25.022+01:00  INFO 151076 --- [           main] o.hibernate.jpa.internal.util.LogHelper  : HHH000204: Processing PersistenceUnitInfo [name: default]
2026-01-01T15:15:25.025+01:00  INFO 151076 --- [           main] o.h.c.internal.RegionFactoryInitiator    : HHH000026: Second-level cache disabled
2026-01-01T15:15:25.035+01:00  INFO 151076 --- [           main] o.s.o.j.p.SpringPersistenceUnitInfo      : No LoadTimeWeaver setup: ignoring JPA class transformer
2026-01-01T15:15:25.036+01:00  INFO 151076 --- [           main] com.zaxxer.hikari.HikariDataSource       : HikariPool-13 - Starting...
2026-01-01T15:15:25.039+01:00  INFO 151076 --- [           main] com.zaxxer.hikari.pool.HikariPool        : HikariPool-13 - Added connection conn117: url=jdbc:h2:mem:testdb user=SA
2026-01-01T15:15:25.039+01:00  INFO 151076 --- [           main] com.zaxxer.hikari.HikariDataSource       : HikariPool-13 - Start completed.
2026-01-01T15:15:25.039+01:00  WARN 151076 --- [           main] org.hibernate.orm.deprecation            : HHH90000025: H2Dialect does not need to be specified explicitly using 'hibernate.dialect' (remove the property setting and it will be selected by default)
2026-01-01T15:15:25.040+01:00  INFO 151076 --- [           main] org.hibernate.orm.connections.pooling    : HHH10001005: Database info:
	Database JDBC URL [Connecting through datasource 'HikariDataSource (HikariPool-13)']
	Database driver: undefined/unknown
	Database version: 2.3.232
	Autocommit mode: undefined/unknown
	Isolation level: undefined/unknown
	Minimum pool size: undefined/unknown
	Maximum pool size: undefined/unknown
2026-01-01T15:15:25.095+01:00  INFO 151076 --- [           main] o.h.e.t.j.p.i.JtaPlatformInitiator       : HHH000489: No JTA platform available (set 'hibernate.transaction.jta.platform' to enable JTA platform integration)
Hibernate: drop table if exists app_user cascade 
Hibernate: drop table if exists assignment cascade 
Hibernate: drop table if exists driver cascade 
Hibernate: drop table if exists refresh_token cascade 
Hibernate: drop table if exists roles cascade 
Hibernate: drop table if exists routes cascade 
Hibernate: drop table if exists shipment cascade 
Hibernate: drop table if exists user_roles cascade 
Hibernate: drop table if exists vehicle cascade 
Hibernate: create table app_user (is_enabled boolean, id bigint generated by default as identity, email varchar(255) not null unique, first_name varchar(255), last_name varchar(255), password varchar(255), username varchar(255), primary key (id))
Hibernate: create table assignment (driver_id bigint not null, end_time timestamp(6), id bigint generated by default as identity, route_id bigint not null unique, start_time timestamp(6) not null, vehicle_id bigint not null, status varchar(255) not null, primary key (id))
Hibernate: create table driver (license_expiration_date date, id bigint generated by default as identity, user_info_id bigint not null unique, license_number varchar(255) unique, phone_number varchar(255), primary key (id))
Hibernate: create table refresh_token (id integer generated by default as identity, expiry_date timestamp(6) with time zone, user_id bigint unique, token varchar(255), primary key (id))
Hibernate: create table roles (id bigint generated by default as identity, name varchar(255), primary key (id))
Hibernate: create table routes (destination_latitude float(53), destination_longitude float(53), estimated_distance_km float(53), origin_latitude float(53), origin_longitude float(53), estimated_duration_minutes bigint, id bigint generated by default as identity, destination_address varchar(255), origin_address varchar(255), status enum ('ACTIVE','CALCULATED','CANCELED','COMPLETED','DRAFT') not null, primary key (id))
Hibernate: create table shipment (delivery_sequence integer, destination_latitude float(53), destination_longitude float(53), origin_latitude float(53), origin_longitude float(53), shipment_value numeric(38,2), volume_m3 numeric(38,2), weight_kg numeric(38,2) not null, actual_delivery_date timestamp(6), assignment_id bigint, expected_delivery_date timestamp(6), id bigint generated by default as identity, route_id bigint unique, description varchar(255), destination_address varchar(255) not null, origin_address varchar(255) not null, tracking_number varchar(255) not null unique, status enum ('CANCELED','DELAYED','DELIVERED','IN_TRANSIT','OVERDUE','PENDING','SCHEDULED') not null, primary key (id))
Hibernate: create table user_roles (application_user_id bigint not null, role_id bigint not null)
Hibernate: create table vehicle (fuel_consumption_liters_per_100km numeric(38,2), last_service_date date, load_capacity_kg numeric(38,2), model_year integer, current_driver_id bigint unique, current_mileage_km bigint, id bigint generated by default as identity, next_service_mileage_km bigint, fuel_type varchar(255), license_plate varchar(255) not null unique, make varchar(255) not null, model varchar(255) not null, primary key (id))
Hibernate: alter table if exists assignment add constraint FKlxyhk53rm4gb54bfipxr2i8p8 foreign key (driver_id) references driver
Hibernate: alter table if exists assignment add constraint FK320nijic7fcow72xnld7schta foreign key (route_id) references routes
Hibernate: alter table if exists assignment add constraint FK5s0h3p6bsdhaysqgk03dg10px foreign key (vehicle_id) references vehicle
Hibernate: alter table if exists driver add constraint FKehly913071uevukgy4fx05c4s foreign key (user_info_id) references app_user
Hibernate: alter table if exists refresh_token add constraint FK5wkt2p042y3lwltk29cvpxuh foreign key (user_id) references app_user
Hibernate: alter table if exists shipment add constraint FK6dvmgmimcdtj7e175s93robk6 foreign key (assignment_id) references assignment
Hibernate: alter table if exists shipment add constraint FKghw3j6lueyw6i2udq0973yg1j foreign key (route_id) references routes
Hibernate: alter table if exists user_roles add constraint FKh8ciramu9cc9q3qcqiv4ue8a6 foreign key (role_id) references roles
Hibernate: alter table if exists user_roles add constraint FKj3mvebdkl4w67i9hn3t75fy1w foreign key (application_user_id) references app_user
Hibernate: alter table if exists vehicle add constraint FKqal9l8b6utkrujkgidvju97ww foreign key (current_driver_id) references driver
2026-01-01T15:15:25.104+01:00  INFO 151076 --- [           main] j.LocalContainerEntityManagerFactoryBean : Initialized JPA EntityManagerFactory for persistence unit 'default'
2026-01-01T15:15:25.174+01:00  INFO 151076 --- [           main] r$InitializeUserDetailsManagerConfigurer : Global AuthenticationManager configured with UserDetailsService bean with name userDetailsServiceImpl
2026-01-01T15:15:25.180+01:00  INFO 151076 --- [           main] h.a.r.l.s.ShipmentMaintenanceScheduler   : ShipmentMaintenanceScheduler je inicijaliziran i spreman za rad.
2026-01-01T15:15:25.192+01:00  WARN 151076 --- [           main] JpaBaseConfiguration$JpaWebConfiguration : spring.jpa.open-in-view is enabled by default. Therefore, database queries may be performed during view rendering. Explicitly configure spring.jpa.open-in-view to disable this warning
2026-01-01T15:15:25.256+01:00  INFO 151076 --- [           main] o.s.b.a.e.web.EndpointLinksResolver      : Exposing 2 endpoints beneath base path '/actuator'
2026-01-01T15:15:25.353+01:00  INFO 151076 --- [           main] .r.l.i.AssignmentCreationIntegrationTest : Started AssignmentCreationIntegrationTest in 0.556 seconds (process running for 20.221)
Hibernate: insert into app_user (email,first_name,is_enabled,last_name,password,username,id) values (?,?,?,?,?,?,default)
Hibernate: insert into driver (license_expiration_date,license_number,phone_number,user_info_id,id) values (?,?,?,?,default)
Hibernate: insert into vehicle (current_driver_id,current_mileage_km,fuel_consumption_liters_per_100km,fuel_type,last_service_date,license_plate,load_capacity_kg,make,model,next_service_mileage_km,model_year,id) values (?,?,?,?,?,?,?,?,?,?,?,default)
Hibernate: insert into shipment (actual_delivery_date,assignment_id,delivery_sequence,description,destination_address,destination_latitude,destination_longitude,expected_delivery_date,origin_address,origin_latitude,origin_longitude,route_id,shipment_value,status,tracking_number,volume_m3,weight_kg,id) values (?,?,?,?,?,?,?,?,?,?,?,?,?,?,?,?,?,default)
Hibernate: select d1_0.id,d1_0.license_expiration_date,d1_0.license_number,d1_0.phone_number,d1_0.user_info_id,ui1_0.id,ui1_0.email,ui1_0.first_name,ui1_0.is_enabled,ui1_0.last_name,ui1_0.password,ui1_0.username,r1_0.application_user_id,r1_1.id,r1_1.name from driver d1_0 join app_user ui1_0 on ui1_0.id=d1_0.user_info_id left join user_roles r1_0 on ui1_0.id=r1_0.application_user_id left join roles r1_1 on r1_1.id=r1_0.role_id where d1_0.id=?
Hibernate: select v1_0.id,v1_0.current_driver_id,v1_0.current_mileage_km,v1_0.fuel_consumption_liters_per_100km,v1_0.fuel_type,v1_0.last_service_date,v1_0.license_plate,v1_0.load_capacity_kg,v1_0.make,v1_0.model,v1_0.next_service_mileage_km,v1_0.model_year from vehicle v1_0 where v1_0.current_driver_id=?
Hibernate: select v1_0.id,v1_0.current_driver_id,v1_0.current_mileage_km,v1_0.fuel_consumption_liters_per_100km,v1_0.fuel_type,v1_0.last_service_date,v1_0.license_plate,v1_0.load_capacity_kg,v1_0.make,v1_0.model,v1_0.next_service_mileage_km,v1_0.model_year from vehicle v1_0 where v1_0.id=?
Hibernate: select s1_0.id,s1_0.actual_delivery_date,s1_0.assignment_id,s1_0.delivery_sequence,s1_0.description,s1_0.destination_address,s1_0.destination_latitude,s1_0.destination_longitude,s1_0.expected_delivery_date,s1_0.origin_address,s1_0.origin_latitude,s1_0.origin_longitude,s1_0.route_id,s1_0.shipment_value,s1_0.status,s1_0.tracking_number,s1_0.volume_m3,s1_0.weight_kg from shipment s1_0 where s1_0.id in (?)
Hibernate: insert into routes (destination_address,destination_latitude,destination_longitude,estimated_distance_km,estimated_duration_minutes,origin_address,origin_latitude,origin_longitude,status,id) values (?,?,?,?,?,?,?,?,?,default)
Hibernate: insert into assignment (driver_id,end_time,route_id,start_time,status,vehicle_id,id) values (?,?,?,?,?,?,default)
2026-01-01T15:15:25.382+01:00  INFO 151076 --- [           main] j.LocalContainerEntityManagerFactoryBean : Closing JPA EntityManagerFactory for persistence unit 'default'
Hibernate: drop table if exists app_user cascade 
Hibernate: drop table if exists assignment cascade 
Hibernate: drop table if exists driver cascade 
Hibernate: drop table if exists refresh_token cascade 
Hibernate: drop table if exists roles cascade 
Hibernate: drop table if exists routes cascade 
Hibernate: drop table if exists shipment cascade 
Hibernate: drop table if exists user_roles cascade 
Hibernate: drop table if exists vehicle cascade 
2026-01-01T15:15:25.384+01:00  INFO 151076 --- [           main] com.zaxxer.hikari.HikariDataSource       : HikariPool-13 - Shutdown initiated...
2026-01-01T15:15:25.386+01:00  INFO 151076 --- [           main] com.zaxxer.hikari.HikariDataSource       : HikariPool-13 - Shutdown completed.
2026-01-01T15:15:25.390+01:00  INFO 151076 --- [           main] o.s.b.d.r.RestartApplicationListener     : Restart disabled due to context in which it is running

  .   ____          _            __ _ _
 /\\ / ___'_ __ _ _(_)_ __  __ _ \ \ \ \
( ( )\___ | '_ | '_| | '_ \/ _` | \ \ \ \
 \\/  ___)| |_)| | | | | || (_| |  ) ) ) )
  '  |____| .__|_| |_|_| |_\__, | / / / /
 =========|_|==============|___/=/_/_/_/

 :: Spring Boot ::                (v3.5.6)

2026-01-01T15:15:25.403+01:00  INFO 151076 --- [           main] .r.l.i.AssignmentCreationIntegrationTest : Starting AssignmentCreationIntegrationTest using Java 23.0.2 with PID 151076 (started by misla in C:\Users\misla\Desktop\3.SEMESTAR ALGEBRA\RapidJava\Project\rapid-java-project)
2026-01-01T15:15:25.403+01:00  INFO 151076 --- [           main] .r.l.i.AssignmentCreationIntegrationTest : The following 1 profile is active: "test"
2026-01-01T15:15:25.531+01:00  INFO 151076 --- [           main] .s.d.r.c.RepositoryConfigurationDelegate : Bootstrapping Spring Data JPA repositories in DEFAULT mode.
2026-01-01T15:15:25.539+01:00  INFO 151076 --- [           main] .s.d.r.c.RepositoryConfigurationDelegate : Finished Spring Data repository scanning in 7 ms. Found 8 JPA repository interfaces.
2026-01-01T15:15:25.619+01:00  INFO 151076 --- [           main] o.hibernate.jpa.internal.util.LogHelper  : HHH000204: Processing PersistenceUnitInfo [name: default]
2026-01-01T15:15:25.620+01:00  INFO 151076 --- [           main] o.h.c.internal.RegionFactoryInitiator    : HHH000026: Second-level cache disabled
2026-01-01T15:15:25.627+01:00  INFO 151076 --- [           main] o.s.o.j.p.SpringPersistenceUnitInfo      : No LoadTimeWeaver setup: ignoring JPA class transformer
2026-01-01T15:15:25.627+01:00  INFO 151076 --- [           main] com.zaxxer.hikari.HikariDataSource       : HikariPool-14 - Starting...
2026-01-01T15:15:25.629+01:00  INFO 151076 --- [           main] com.zaxxer.hikari.pool.HikariPool        : HikariPool-14 - Added connection conn125: url=jdbc:h2:mem:testdb user=SA
2026-01-01T15:15:25.629+01:00  INFO 151076 --- [           main] com.zaxxer.hikari.HikariDataSource       : HikariPool-14 - Start completed.
2026-01-01T15:15:25.629+01:00  WARN 151076 --- [           main] org.hibernate.orm.deprecation            : HHH90000025: H2Dialect does not need to be specified explicitly using 'hibernate.dialect' (remove the property setting and it will be selected by default)
2026-01-01T15:15:25.629+01:00  INFO 151076 --- [           main] org.hibernate.orm.connections.pooling    : HHH10001005: Database info:
	Database JDBC URL [Connecting through datasource 'HikariDataSource (HikariPool-14)']
	Database driver: undefined/unknown
	Database version: 2.3.232
	Autocommit mode: undefined/unknown
	Isolation level: undefined/unknown
	Minimum pool size: undefined/unknown
	Maximum pool size: undefined/unknown
2026-01-01T15:15:25.688+01:00  INFO 151076 --- [           main] o.h.e.t.j.p.i.JtaPlatformInitiator       : HHH000489: No JTA platform available (set 'hibernate.transaction.jta.platform' to enable JTA platform integration)
Hibernate: drop table if exists app_user cascade 
Hibernate: drop table if exists assignment cascade 
Hibernate: drop table if exists driver cascade 
Hibernate: drop table if exists refresh_token cascade 
Hibernate: drop table if exists roles cascade 
Hibernate: drop table if exists routes cascade 
Hibernate: drop table if exists shipment cascade 
Hibernate: drop table if exists user_roles cascade 
Hibernate: drop table if exists vehicle cascade 
Hibernate: create table app_user (is_enabled boolean, id bigint generated by default as identity, email varchar(255) not null unique, first_name varchar(255), last_name varchar(255), password varchar(255), username varchar(255), primary key (id))
Hibernate: create table assignment (driver_id bigint not null, end_time timestamp(6), id bigint generated by default as identity, route_id bigint not null unique, start_time timestamp(6) not null, vehicle_id bigint not null, status varchar(255) not null, primary key (id))
Hibernate: create table driver (license_expiration_date date, id bigint generated by default as identity, user_info_id bigint not null unique, license_number varchar(255) unique, phone_number varchar(255), primary key (id))
Hibernate: create table refresh_token (id integer generated by default as identity, expiry_date timestamp(6) with time zone, user_id bigint unique, token varchar(255), primary key (id))
Hibernate: create table roles (id bigint generated by default as identity, name varchar(255), primary key (id))
Hibernate: create table routes (destination_latitude float(53), destination_longitude float(53), estimated_distance_km float(53), origin_latitude float(53), origin_longitude float(53), estimated_duration_minutes bigint, id bigint generated by default as identity, destination_address varchar(255), origin_address varchar(255), status enum ('ACTIVE','CALCULATED','CANCELED','COMPLETED','DRAFT') not null, primary key (id))
Hibernate: create table shipment (delivery_sequence integer, destination_latitude float(53), destination_longitude float(53), origin_latitude float(53), origin_longitude float(53), shipment_value numeric(38,2), volume_m3 numeric(38,2), weight_kg numeric(38,2) not null, actual_delivery_date timestamp(6), assignment_id bigint, expected_delivery_date timestamp(6), id bigint generated by default as identity, route_id bigint unique, description varchar(255), destination_address varchar(255) not null, origin_address varchar(255) not null, tracking_number varchar(255) not null unique, status enum ('CANCELED','DELAYED','DELIVERED','IN_TRANSIT','OVERDUE','PENDING','SCHEDULED') not null, primary key (id))
Hibernate: create table user_roles (application_user_id bigint not null, role_id bigint not null)
Hibernate: create table vehicle (fuel_consumption_liters_per_100km numeric(38,2), last_service_date date, load_capacity_kg numeric(38,2), model_year integer, current_driver_id bigint unique, current_mileage_km bigint, id bigint generated by default as identity, next_service_mileage_km bigint, fuel_type varchar(255), license_plate varchar(255) not null unique, make varchar(255) not null, model varchar(255) not null, primary key (id))
Hibernate: alter table if exists assignment add constraint FKlxyhk53rm4gb54bfipxr2i8p8 foreign key (driver_id) references driver
Hibernate: alter table if exists assignment add constraint FK320nijic7fcow72xnld7schta foreign key (route_id) references routes
Hibernate: alter table if exists assignment add constraint FK5s0h3p6bsdhaysqgk03dg10px foreign key (vehicle_id) references vehicle
Hibernate: alter table if exists driver add constraint FKehly913071uevukgy4fx05c4s foreign key (user_info_id) references app_user
Hibernate: alter table if exists refresh_token add constraint FK5wkt2p042y3lwltk29cvpxuh foreign key (user_id) references app_user
Hibernate: alter table if exists shipment add constraint FK6dvmgmimcdtj7e175s93robk6 foreign key (assignment_id) references assignment
Hibernate: alter table if exists shipment add constraint FKghw3j6lueyw6i2udq0973yg1j foreign key (route_id) references routes
Hibernate: alter table if exists user_roles add constraint FKh8ciramu9cc9q3qcqiv4ue8a6 foreign key (role_id) references roles
Hibernate: alter table if exists user_roles add constraint FKj3mvebdkl4w67i9hn3t75fy1w foreign key (application_user_id) references app_user
Hibernate: alter table if exists vehicle add constraint FKqal9l8b6utkrujkgidvju97ww foreign key (current_driver_id) references driver
2026-01-01T15:15:25.697+01:00  INFO 151076 --- [           main] j.LocalContainerEntityManagerFactoryBean : Initialized JPA EntityManagerFactory for persistence unit 'default'
2026-01-01T15:15:25.766+01:00  INFO 151076 --- [           main] r$InitializeUserDetailsManagerConfigurer : Global AuthenticationManager configured with UserDetailsService bean with name userDetailsServiceImpl
2026-01-01T15:15:25.773+01:00  INFO 151076 --- [           main] h.a.r.l.s.ShipmentMaintenanceScheduler   : ShipmentMaintenanceScheduler je inicijaliziran i spreman za rad.
2026-01-01T15:15:25.796+01:00  WARN 151076 --- [           main] JpaBaseConfiguration$JpaWebConfiguration : spring.jpa.open-in-view is enabled by default. Therefore, database queries may be performed during view rendering. Explicitly configure spring.jpa.open-in-view to disable this warning
2026-01-01T15:15:25.890+01:00  INFO 151076 --- [           main] o.s.b.a.e.web.EndpointLinksResolver      : Exposing 2 endpoints beneath base path '/actuator'
2026-01-01T15:15:25.977+01:00  INFO 151076 --- [           main] .r.l.i.AssignmentCreationIntegrationTest : Started AssignmentCreationIntegrationTest in 0.588 seconds (process running for 20.845)
Hibernate: insert into app_user (email,first_name,is_enabled,last_name,password,username,id) values (?,?,?,?,?,?,default)
Hibernate: insert into driver (license_expiration_date,license_number,phone_number,user_info_id,id) values (?,?,?,?,default)
Hibernate: insert into vehicle (current_driver_id,current_mileage_km,fuel_consumption_liters_per_100km,fuel_type,last_service_date,license_plate,load_capacity_kg,make,model,next_service_mileage_km,model_year,id) values (?,?,?,?,?,?,?,?,?,?,?,default)
Hibernate: insert into shipment (actual_delivery_date,assignment_id,delivery_sequence,description,destination_address,destination_latitude,destination_longitude,expected_delivery_date,origin_address,origin_latitude,origin_longitude,route_id,shipment_value,status,tracking_number,volume_m3,weight_kg,id) values (?,?,?,?,?,?,?,?,?,?,?,?,?,?,?,?,?,default)
Hibernate: insert into shipment (actual_delivery_date,assignment_id,delivery_sequence,description,destination_address,destination_latitude,destination_longitude,expected_delivery_date,origin_address,origin_latitude,origin_longitude,route_id,shipment_value,status,tracking_number,volume_m3,weight_kg,id) values (?,?,?,?,?,?,?,?,?,?,?,?,?,?,?,?,?,default)
Hibernate: insert into shipment (actual_delivery_date,assignment_id,delivery_sequence,description,destination_address,destination_latitude,destination_longitude,expected_delivery_date,origin_address,origin_latitude,origin_longitude,route_id,shipment_value,status,tracking_number,volume_m3,weight_kg,id) values (?,?,?,?,?,?,?,?,?,?,?,?,?,?,?,?,?,default)
Hibernate: insert into shipment (actual_delivery_date,assignment_id,delivery_sequence,description,destination_address,destination_latitude,destination_longitude,expected_delivery_date,origin_address,origin_latitude,origin_longitude,route_id,shipment_value,status,tracking_number,volume_m3,weight_kg,id) values (?,?,?,?,?,?,?,?,?,?,?,?,?,?,?,?,?,default)
Hibernate: select d1_0.id,d1_0.license_expiration_date,d1_0.license_number,d1_0.phone_number,d1_0.user_info_id,ui1_0.id,ui1_0.email,ui1_0.first_name,ui1_0.is_enabled,ui1_0.last_name,ui1_0.password,ui1_0.username,r1_0.application_user_id,r1_1.id,r1_1.name from driver d1_0 join app_user ui1_0 on ui1_0.id=d1_0.user_info_id left join user_roles r1_0 on ui1_0.id=r1_0.application_user_id left join roles r1_1 on r1_1.id=r1_0.role_id where d1_0.id=?
Hibernate: select v1_0.id,v1_0.current_driver_id,v1_0.current_mileage_km,v1_0.fuel_consumption_liters_per_100km,v1_0.fuel_type,v1_0.last_service_date,v1_0.license_plate,v1_0.load_capacity_kg,v1_0.make,v1_0.model,v1_0.next_service_mileage_km,v1_0.model_year from vehicle v1_0 where v1_0.current_driver_id=?
Hibernate: select v1_0.id,v1_0.current_driver_id,v1_0.current_mileage_km,v1_0.fuel_consumption_liters_per_100km,v1_0.fuel_type,v1_0.last_service_date,v1_0.license_plate,v1_0.load_capacity_kg,v1_0.make,v1_0.model,v1_0.next_service_mileage_km,v1_0.model_year from vehicle v1_0 where v1_0.id=?
Hibernate: select s1_0.id,s1_0.actual_delivery_date,s1_0.assignment_id,s1_0.delivery_sequence,s1_0.description,s1_0.destination_address,s1_0.destination_latitude,s1_0.destination_longitude,s1_0.expected_delivery_date,s1_0.origin_address,s1_0.origin_latitude,s1_0.origin_longitude,s1_0.route_id,s1_0.shipment_value,s1_0.status,s1_0.tracking_number,s1_0.volume_m3,s1_0.weight_kg from shipment s1_0 where s1_0.id in (?,?,?)
Hibernate: insert into routes (destination_address,destination_latitude,destination_longitude,estimated_distance_km,estimated_duration_minutes,origin_address,origin_latitude,origin_longitude,status,id) values (?,?,?,?,?,?,?,?,?,default)
Hibernate: insert into assignment (driver_id,end_time,route_id,start_time,status,vehicle_id,id) values (?,?,?,?,?,?,default)
2026-01-01T15:15:26.003+01:00  INFO 151076 --- [           main] j.LocalContainerEntityManagerFactoryBean : Closing JPA EntityManagerFactory for persistence unit 'default'
Hibernate: drop table if exists app_user cascade 
Hibernate: drop table if exists assignment cascade 
Hibernate: drop table if exists driver cascade 
Hibernate: drop table if exists refresh_token cascade 
Hibernate: drop table if exists roles cascade 
Hibernate: drop table if exists routes cascade 
Hibernate: drop table if exists shipment cascade 
Hibernate: drop table if exists user_roles cascade 
Hibernate: drop table if exists vehicle cascade 
2026-01-01T15:15:26.006+01:00  INFO 151076 --- [           main] com.zaxxer.hikari.HikariDataSource       : HikariPool-14 - Shutdown initiated...
2026-01-01T15:15:26.030+01:00  INFO 151076 --- [           main] com.zaxxer.hikari.HikariDataSource       : HikariPool-14 - Shutdown completed.
[ERROR] Tests run: 14, Failures: 0, Errors: 10, Skipped: 0, Time elapsed: 20.38 s <<< FAILURE! -- in hr.algebra.rapid.logisticsandfleetmanagementsystem.integration.AssignmentCreationIntegrationTest
[ERROR] hr.algebra.rapid.logisticsandfleetmanagementsystem.integration.AssignmentCreationIntegrationTest.testDeleteAssignmentFlow -- Time elapsed: 0.213 s <<< ERROR!
java.lang.NullPointerException: Cannot invoke "java.util.Collection.toArray()" because "c" is null
	at java.base/java.util.ArrayList.<init>(ArrayList.java:182)
	at hr.algebra.rapid.logisticsandfleetmanagementsystem.service.impl.AssignmentServiceImpl.optimizeAssignmentOrder(AssignmentServiceImpl.java:257)
	at java.base/jdk.internal.reflect.DirectMethodHandleAccessor.invoke(DirectMethodHandleAccessor.java:103)
	at java.base/java.lang.reflect.Method.invoke(Method.java:580)
	at org.springframework.aop.support.AopUtils.invokeJoinpointUsingReflection(AopUtils.java:360)
	at org.springframework.aop.framework.ReflectiveMethodInvocation.invokeJoinpoint(ReflectiveMethodInvocation.java:196)
	at org.springframework.aop.framework.ReflectiveMethodInvocation.proceed(ReflectiveMethodInvocation.java:163)
	at org.springframework.transaction.interceptor.TransactionAspectSupport.invokeWithinTransaction(TransactionAspectSupport.java:380)
	at org.springframework.transaction.interceptor.TransactionInterceptor.invoke(TransactionInterceptor.java:119)
	at org.springframework.aop.framework.ReflectiveMethodInvocation.proceed(ReflectiveMethodInvocation.java:184)
	at org.springframework.aop.framework.CglibAopProxy$DynamicAdvisedInterceptor.intercept(CglibAopProxy.java:728)
	at hr.algebra.rapid.logisticsandfleetmanagementsystem.service.impl.AssignmentServiceImpl$$SpringCGLIB$$1.optimizeAssignmentOrder(<generated>)
	at java.base/jdk.internal.reflect.DirectMethodHandleAccessor.invoke(DirectMethodHandleAccessor.java:103)
	at java.base/java.lang.reflect.Method.invoke(Method.java:580)
	at org.springframework.aop.support.AopUtils.invokeJoinpointUsingReflection(AopUtils.java:360)
	at org.springframework.aop.framework.CglibAopProxy$DynamicAdvisedInterceptor.intercept(CglibAopProxy.java:724)
	at hr.algebra.rapid.logisticsandfleetmanagementsystem.service.impl.AssignmentServiceImpl$$SpringCGLIB$$0.optimizeAssignmentOrder(<generated>)
	at hr.algebra.rapid.logisticsandfleetmanagementsystem.service.impl.AssignmentServiceImpl.createAssignment(AssignmentServiceImpl.java:146)
	at java.base/jdk.internal.reflect.DirectMethodHandleAccessor.invoke(DirectMethodHandleAccessor.java:103)
	at java.base/java.lang.reflect.Method.invoke(Method.java:580)
	at org.springframework.aop.support.AopUtils.invokeJoinpointUsingReflection(AopUtils.java:360)
	at org.springframework.aop.framework.ReflectiveMethodInvocation.invokeJoinpoint(ReflectiveMethodInvocation.java:196)
	at org.springframework.aop.framework.ReflectiveMethodInvocation.proceed(ReflectiveMethodInvocation.java:163)
	at org.springframework.transaction.interceptor.TransactionAspectSupport.invokeWithinTransaction(TransactionAspectSupport.java:380)
	at org.springframework.transaction.interceptor.TransactionInterceptor.invoke(TransactionInterceptor.java:119)
	at org.springframework.aop.framework.ReflectiveMethodInvocation.proceed(ReflectiveMethodInvocation.java:184)
	at org.springframework.aop.framework.CglibAopProxy$DynamicAdvisedInterceptor.intercept(CglibAopProxy.java:728)
	at hr.algebra.rapid.logisticsandfleetmanagementsystem.service.impl.AssignmentServiceImpl$$SpringCGLIB$$1.createAssignment(<generated>)
	at hr.algebra.rapid.logisticsandfleetmanagementsystem.integration.AssignmentCreationIntegrationTest.testDeleteAssignmentFlow(AssignmentCreationIntegrationTest.java:134)
	at java.base/java.lang.reflect.Method.invoke(Method.java:580)
	at java.base/java.util.ArrayList.forEach(ArrayList.java:1597)
	at java.base/java.util.ArrayList.forEach(ArrayList.java:1597)

[ERROR] hr.algebra.rapid.logisticsandfleetmanagementsystem.integration.AssignmentCreationIntegrationTest.testCreateAssignmentPersistence -- Time elapsed: 0.035 s <<< ERROR!
java.lang.NullPointerException: Cannot invoke "java.util.Collection.toArray()" because "c" is null
	at java.base/java.util.ArrayList.<init>(ArrayList.java:182)
	at hr.algebra.rapid.logisticsandfleetmanagementsystem.service.impl.AssignmentServiceImpl.optimizeAssignmentOrder(AssignmentServiceImpl.java:257)
	at java.base/jdk.internal.reflect.DirectMethodHandleAccessor.invoke(DirectMethodHandleAccessor.java:103)
	at java.base/java.lang.reflect.Method.invoke(Method.java:580)
	at org.springframework.aop.support.AopUtils.invokeJoinpointUsingReflection(AopUtils.java:360)
	at org.springframework.aop.framework.ReflectiveMethodInvocation.invokeJoinpoint(ReflectiveMethodInvocation.java:196)
	at org.springframework.aop.framework.ReflectiveMethodInvocation.proceed(ReflectiveMethodInvocation.java:163)
	at org.springframework.transaction.interceptor.TransactionAspectSupport.invokeWithinTransaction(TransactionAspectSupport.java:380)
	at org.springframework.transaction.interceptor.TransactionInterceptor.invoke(TransactionInterceptor.java:119)
	at org.springframework.aop.framework.ReflectiveMethodInvocation.proceed(ReflectiveMethodInvocation.java:184)
	at org.springframework.aop.framework.CglibAopProxy$DynamicAdvisedInterceptor.intercept(CglibAopProxy.java:728)
	at hr.algebra.rapid.logisticsandfleetmanagementsystem.service.impl.AssignmentServiceImpl$$SpringCGLIB$$1.optimizeAssignmentOrder(<generated>)
	at java.base/jdk.internal.reflect.DirectMethodHandleAccessor.invoke(DirectMethodHandleAccessor.java:103)
	at java.base/java.lang.reflect.Method.invoke(Method.java:580)
	at org.springframework.aop.support.AopUtils.invokeJoinpointUsingReflection(AopUtils.java:360)
	at org.springframework.aop.framework.CglibAopProxy$DynamicAdvisedInterceptor.intercept(CglibAopProxy.java:724)
	at hr.algebra.rapid.logisticsandfleetmanagementsystem.service.impl.AssignmentServiceImpl$$SpringCGLIB$$0.optimizeAssignmentOrder(<generated>)
	at hr.algebra.rapid.logisticsandfleetmanagementsystem.service.impl.AssignmentServiceImpl.createAssignment(AssignmentServiceImpl.java:146)
	at java.base/jdk.internal.reflect.DirectMethodHandleAccessor.invoke(DirectMethodHandleAccessor.java:103)
	at java.base/java.lang.reflect.Method.invoke(Method.java:580)
	at org.springframework.aop.support.AopUtils.invokeJoinpointUsingReflection(AopUtils.java:360)
	at org.springframework.aop.framework.ReflectiveMethodInvocation.invokeJoinpoint(ReflectiveMethodInvocation.java:196)
	at org.springframework.aop.framework.ReflectiveMethodInvocation.proceed(ReflectiveMethodInvocation.java:163)
	at org.springframework.transaction.interceptor.TransactionAspectSupport.invokeWithinTransaction(TransactionAspectSupport.java:380)
	at org.springframework.transaction.interceptor.TransactionInterceptor.invoke(TransactionInterceptor.java:119)
	at org.springframework.aop.framework.ReflectiveMethodInvocation.proceed(ReflectiveMethodInvocation.java:184)
	at org.springframework.aop.framework.CglibAopProxy$DynamicAdvisedInterceptor.intercept(CglibAopProxy.java:728)
	at hr.algebra.rapid.logisticsandfleetmanagementsystem.service.impl.AssignmentServiceImpl$$SpringCGLIB$$1.createAssignment(<generated>)
	at hr.algebra.rapid.logisticsandfleetmanagementsystem.integration.AssignmentCreationIntegrationTest.testCreateAssignmentPersistence(AssignmentCreationIntegrationTest.java:153)
	at java.base/java.lang.reflect.Method.invoke(Method.java:580)
	at java.base/java.util.ArrayList.forEach(ArrayList.java:1597)
	at java.base/java.util.ArrayList.forEach(ArrayList.java:1597)

[ERROR] hr.algebra.rapid.logisticsandfleetmanagementsystem.integration.AssignmentCreationIntegrationTest.testCompleteAssignmentSuccess -- Time elapsed: 0.034 s <<< ERROR!
java.lang.NullPointerException: Cannot invoke "java.util.Collection.toArray()" because "c" is null
	at java.base/java.util.ArrayList.<init>(ArrayList.java:182)
	at hr.algebra.rapid.logisticsandfleetmanagementsystem.service.impl.AssignmentServiceImpl.optimizeAssignmentOrder(AssignmentServiceImpl.java:257)
	at java.base/jdk.internal.reflect.DirectMethodHandleAccessor.invoke(DirectMethodHandleAccessor.java:103)
	at java.base/java.lang.reflect.Method.invoke(Method.java:580)
	at org.springframework.aop.support.AopUtils.invokeJoinpointUsingReflection(AopUtils.java:360)
	at org.springframework.aop.framework.ReflectiveMethodInvocation.invokeJoinpoint(ReflectiveMethodInvocation.java:196)
	at org.springframework.aop.framework.ReflectiveMethodInvocation.proceed(ReflectiveMethodInvocation.java:163)
	at org.springframework.transaction.interceptor.TransactionAspectSupport.invokeWithinTransaction(TransactionAspectSupport.java:380)
	at org.springframework.transaction.interceptor.TransactionInterceptor.invoke(TransactionInterceptor.java:119)
	at org.springframework.aop.framework.ReflectiveMethodInvocation.proceed(ReflectiveMethodInvocation.java:184)
	at org.springframework.aop.framework.CglibAopProxy$DynamicAdvisedInterceptor.intercept(CglibAopProxy.java:728)
	at hr.algebra.rapid.logisticsandfleetmanagementsystem.service.impl.AssignmentServiceImpl$$SpringCGLIB$$1.optimizeAssignmentOrder(<generated>)
	at java.base/jdk.internal.reflect.DirectMethodHandleAccessor.invoke(DirectMethodHandleAccessor.java:103)
	at java.base/java.lang.reflect.Method.invoke(Method.java:580)
	at org.springframework.aop.support.AopUtils.invokeJoinpointUsingReflection(AopUtils.java:360)
	at org.springframework.aop.framework.CglibAopProxy$DynamicAdvisedInterceptor.intercept(CglibAopProxy.java:724)
	at hr.algebra.rapid.logisticsandfleetmanagementsystem.service.impl.AssignmentServiceImpl$$SpringCGLIB$$0.optimizeAssignmentOrder(<generated>)
	at hr.algebra.rapid.logisticsandfleetmanagementsystem.service.impl.AssignmentServiceImpl.createAssignment(AssignmentServiceImpl.java:146)
	at java.base/jdk.internal.reflect.DirectMethodHandleAccessor.invoke(DirectMethodHandleAccessor.java:103)
	at java.base/java.lang.reflect.Method.invoke(Method.java:580)
	at org.springframework.aop.support.AopUtils.invokeJoinpointUsingReflection(AopUtils.java:360)
	at org.springframework.aop.framework.ReflectiveMethodInvocation.invokeJoinpoint(ReflectiveMethodInvocation.java:196)
	at org.springframework.aop.framework.ReflectiveMethodInvocation.proceed(ReflectiveMethodInvocation.java:163)
	at org.springframework.transaction.interceptor.TransactionAspectSupport.invokeWithinTransaction(TransactionAspectSupport.java:380)
	at org.springframework.transaction.interceptor.TransactionInterceptor.invoke(TransactionInterceptor.java:119)
	at org.springframework.aop.framework.ReflectiveMethodInvocation.proceed(ReflectiveMethodInvocation.java:184)
	at org.springframework.aop.framework.CglibAopProxy$DynamicAdvisedInterceptor.intercept(CglibAopProxy.java:728)
	at hr.algebra.rapid.logisticsandfleetmanagementsystem.service.impl.AssignmentServiceImpl$$SpringCGLIB$$1.createAssignment(<generated>)
	at hr.algebra.rapid.logisticsandfleetmanagementsystem.integration.AssignmentCreationIntegrationTest.testCompleteAssignmentSuccess(AssignmentCreationIntegrationTest.java:222)
	at java.base/java.lang.reflect.Method.invoke(Method.java:580)
	at java.base/java.util.ArrayList.forEach(ArrayList.java:1597)
	at java.base/java.util.ArrayList.forEach(ArrayList.java:1597)

[ERROR] hr.algebra.rapid.logisticsandfleetmanagementsystem.integration.AssignmentCreationIntegrationTest.testUpdateAssignmentStatusDirectly -- Time elapsed: 0.033 s <<< ERROR!
java.lang.NullPointerException: Cannot invoke "java.util.Collection.toArray()" because "c" is null
	at java.base/java.util.ArrayList.<init>(ArrayList.java:182)
	at hr.algebra.rapid.logisticsandfleetmanagementsystem.service.impl.AssignmentServiceImpl.optimizeAssignmentOrder(AssignmentServiceImpl.java:257)
	at java.base/jdk.internal.reflect.DirectMethodHandleAccessor.invoke(DirectMethodHandleAccessor.java:103)
	at java.base/java.lang.reflect.Method.invoke(Method.java:580)
	at org.springframework.aop.support.AopUtils.invokeJoinpointUsingReflection(AopUtils.java:360)
	at org.springframework.aop.framework.ReflectiveMethodInvocation.invokeJoinpoint(ReflectiveMethodInvocation.java:196)
	at org.springframework.aop.framework.ReflectiveMethodInvocation.proceed(ReflectiveMethodInvocation.java:163)
	at org.springframework.transaction.interceptor.TransactionAspectSupport.invokeWithinTransaction(TransactionAspectSupport.java:380)
	at org.springframework.transaction.interceptor.TransactionInterceptor.invoke(TransactionInterceptor.java:119)
	at org.springframework.aop.framework.ReflectiveMethodInvocation.proceed(ReflectiveMethodInvocation.java:184)
	at org.springframework.aop.framework.CglibAopProxy$DynamicAdvisedInterceptor.intercept(CglibAopProxy.java:728)
	at hr.algebra.rapid.logisticsandfleetmanagementsystem.service.impl.AssignmentServiceImpl$$SpringCGLIB$$1.optimizeAssignmentOrder(<generated>)
	at java.base/jdk.internal.reflect.DirectMethodHandleAccessor.invoke(DirectMethodHandleAccessor.java:103)
	at java.base/java.lang.reflect.Method.invoke(Method.java:580)
	at org.springframework.aop.support.AopUtils.invokeJoinpointUsingReflection(AopUtils.java:360)
	at org.springframework.aop.framework.CglibAopProxy$DynamicAdvisedInterceptor.intercept(CglibAopProxy.java:724)
	at hr.algebra.rapid.logisticsandfleetmanagementsystem.service.impl.AssignmentServiceImpl$$SpringCGLIB$$0.optimizeAssignmentOrder(<generated>)
	at hr.algebra.rapid.logisticsandfleetmanagementsystem.service.impl.AssignmentServiceImpl.createAssignment(AssignmentServiceImpl.java:146)
	at java.base/jdk.internal.reflect.DirectMethodHandleAccessor.invoke(DirectMethodHandleAccessor.java:103)
	at java.base/java.lang.reflect.Method.invoke(Method.java:580)
	at org.springframework.aop.support.AopUtils.invokeJoinpointUsingReflection(AopUtils.java:360)
	at org.springframework.aop.framework.ReflectiveMethodInvocation.invokeJoinpoint(ReflectiveMethodInvocation.java:196)
	at org.springframework.aop.framework.ReflectiveMethodInvocation.proceed(ReflectiveMethodInvocation.java:163)
	at org.springframework.transaction.interceptor.TransactionAspectSupport.invokeWithinTransaction(TransactionAspectSupport.java:380)
	at org.springframework.transaction.interceptor.TransactionInterceptor.invoke(TransactionInterceptor.java:119)
	at org.springframework.aop.framework.ReflectiveMethodInvocation.proceed(ReflectiveMethodInvocation.java:184)
	at org.springframework.aop.framework.CglibAopProxy$DynamicAdvisedInterceptor.intercept(CglibAopProxy.java:728)
	at hr.algebra.rapid.logisticsandfleetmanagementsystem.service.impl.AssignmentServiceImpl$$SpringCGLIB$$1.createAssignment(<generated>)
	at hr.algebra.rapid.logisticsandfleetmanagementsystem.integration.AssignmentCreationIntegrationTest.testUpdateAssignmentStatusDirectly(AssignmentCreationIntegrationTest.java:310)
	at java.base/java.lang.reflect.Method.invoke(Method.java:580)
	at java.base/java.util.ArrayList.forEach(ArrayList.java:1597)
	at java.base/java.util.ArrayList.forEach(ArrayList.java:1597)

[ERROR] hr.algebra.rapid.logisticsandfleetmanagementsystem.integration.AssignmentCreationIntegrationTest.testCompleteAssignmentBeforeStartFails -- Time elapsed: 0.040 s <<< ERROR!
java.lang.NullPointerException: Cannot invoke "java.util.Collection.toArray()" because "c" is null
	at java.base/java.util.ArrayList.<init>(ArrayList.java:182)
	at hr.algebra.rapid.logisticsandfleetmanagementsystem.service.impl.AssignmentServiceImpl.optimizeAssignmentOrder(AssignmentServiceImpl.java:257)
	at java.base/jdk.internal.reflect.DirectMethodHandleAccessor.invoke(DirectMethodHandleAccessor.java:103)
	at java.base/java.lang.reflect.Method.invoke(Method.java:580)
	at org.springframework.aop.support.AopUtils.invokeJoinpointUsingReflection(AopUtils.java:360)
	at org.springframework.aop.framework.ReflectiveMethodInvocation.invokeJoinpoint(ReflectiveMethodInvocation.java:196)
	at org.springframework.aop.framework.ReflectiveMethodInvocation.proceed(ReflectiveMethodInvocation.java:163)
	at org.springframework.transaction.interceptor.TransactionAspectSupport.invokeWithinTransaction(TransactionAspectSupport.java:380)
	at org.springframework.transaction.interceptor.TransactionInterceptor.invoke(TransactionInterceptor.java:119)
	at org.springframework.aop.framework.ReflectiveMethodInvocation.proceed(ReflectiveMethodInvocation.java:184)
	at org.springframework.aop.framework.CglibAopProxy$DynamicAdvisedInterceptor.intercept(CglibAopProxy.java:728)
	at hr.algebra.rapid.logisticsandfleetmanagementsystem.service.impl.AssignmentServiceImpl$$SpringCGLIB$$1.optimizeAssignmentOrder(<generated>)
	at java.base/jdk.internal.reflect.DirectMethodHandleAccessor.invoke(DirectMethodHandleAccessor.java:103)
	at java.base/java.lang.reflect.Method.invoke(Method.java:580)
	at org.springframework.aop.support.AopUtils.invokeJoinpointUsingReflection(AopUtils.java:360)
	at org.springframework.aop.framework.CglibAopProxy$DynamicAdvisedInterceptor.intercept(CglibAopProxy.java:724)
	at hr.algebra.rapid.logisticsandfleetmanagementsystem.service.impl.AssignmentServiceImpl$$SpringCGLIB$$0.optimizeAssignmentOrder(<generated>)
	at hr.algebra.rapid.logisticsandfleetmanagementsystem.service.impl.AssignmentServiceImpl.createAssignment(AssignmentServiceImpl.java:146)
	at java.base/jdk.internal.reflect.DirectMethodHandleAccessor.invoke(DirectMethodHandleAccessor.java:103)
	at java.base/java.lang.reflect.Method.invoke(Method.java:580)
	at org.springframework.aop.support.AopUtils.invokeJoinpointUsingReflection(AopUtils.java:360)
	at org.springframework.aop.framework.ReflectiveMethodInvocation.invokeJoinpoint(ReflectiveMethodInvocation.java:196)
	at org.springframework.aop.framework.ReflectiveMethodInvocation.proceed(ReflectiveMethodInvocation.java:163)
	at org.springframework.transaction.interceptor.TransactionAspectSupport.invokeWithinTransaction(TransactionAspectSupport.java:380)
	at org.springframework.transaction.interceptor.TransactionInterceptor.invoke(TransactionInterceptor.java:119)
	at org.springframework.aop.framework.ReflectiveMethodInvocation.proceed(ReflectiveMethodInvocation.java:184)
	at org.springframework.aop.framework.CglibAopProxy$DynamicAdvisedInterceptor.intercept(CglibAopProxy.java:728)
	at hr.algebra.rapid.logisticsandfleetmanagementsystem.service.impl.AssignmentServiceImpl$$SpringCGLIB$$1.createAssignment(<generated>)
	at hr.algebra.rapid.logisticsandfleetmanagementsystem.integration.AssignmentCreationIntegrationTest.testCompleteAssignmentBeforeStartFails(AssignmentCreationIntegrationTest.java:299)
	at java.base/java.lang.reflect.Method.invoke(Method.java:580)
	at java.base/java.util.ArrayList.forEach(ArrayList.java:1597)
	at java.base/java.util.ArrayList.forEach(ArrayList.java:1597)

[ERROR] hr.algebra.rapid.logisticsandfleetmanagementsystem.integration.AssignmentCreationIntegrationTest.testOptimizeAssignmentOrderWithMultipleShipments -- Time elapsed: 0.057 s <<< ERROR!
java.lang.NullPointerException: Cannot invoke "java.util.Collection.toArray()" because "c" is null
	at java.base/java.util.ArrayList.<init>(ArrayList.java:182)
	at hr.algebra.rapid.logisticsandfleetmanagementsystem.service.impl.AssignmentServiceImpl.optimizeAssignmentOrder(AssignmentServiceImpl.java:257)
	at java.base/jdk.internal.reflect.DirectMethodHandleAccessor.invoke(DirectMethodHandleAccessor.java:103)
	at java.base/java.lang.reflect.Method.invoke(Method.java:580)
	at org.springframework.aop.support.AopUtils.invokeJoinpointUsingReflection(AopUtils.java:360)
	at org.springframework.aop.framework.ReflectiveMethodInvocation.invokeJoinpoint(ReflectiveMethodInvocation.java:196)
	at org.springframework.aop.framework.ReflectiveMethodInvocation.proceed(ReflectiveMethodInvocation.java:163)
	at org.springframework.transaction.interceptor.TransactionAspectSupport.invokeWithinTransaction(TransactionAspectSupport.java:380)
	at org.springframework.transaction.interceptor.TransactionInterceptor.invoke(TransactionInterceptor.java:119)
	at org.springframework.aop.framework.ReflectiveMethodInvocation.proceed(ReflectiveMethodInvocation.java:184)
	at org.springframework.aop.framework.CglibAopProxy$DynamicAdvisedInterceptor.intercept(CglibAopProxy.java:728)
	at hr.algebra.rapid.logisticsandfleetmanagementsystem.service.impl.AssignmentServiceImpl$$SpringCGLIB$$1.optimizeAssignmentOrder(<generated>)
	at java.base/jdk.internal.reflect.DirectMethodHandleAccessor.invoke(DirectMethodHandleAccessor.java:103)
	at java.base/java.lang.reflect.Method.invoke(Method.java:580)
	at org.springframework.aop.support.AopUtils.invokeJoinpointUsingReflection(AopUtils.java:360)
	at org.springframework.aop.framework.CglibAopProxy$DynamicAdvisedInterceptor.intercept(CglibAopProxy.java:724)
	at hr.algebra.rapid.logisticsandfleetmanagementsystem.service.impl.AssignmentServiceImpl$$SpringCGLIB$$0.optimizeAssignmentOrder(<generated>)
	at hr.algebra.rapid.logisticsandfleetmanagementsystem.service.impl.AssignmentServiceImpl.createAssignment(AssignmentServiceImpl.java:146)
	at java.base/jdk.internal.reflect.DirectMethodHandleAccessor.invoke(DirectMethodHandleAccessor.java:103)
	at java.base/java.lang.reflect.Method.invoke(Method.java:580)
	at org.springframework.aop.support.AopUtils.invokeJoinpointUsingReflection(AopUtils.java:360)
	at org.springframework.aop.framework.ReflectiveMethodInvocation.invokeJoinpoint(ReflectiveMethodInvocation.java:196)
	at org.springframework.aop.framework.ReflectiveMethodInvocation.proceed(ReflectiveMethodInvocation.java:163)
	at org.springframework.transaction.interceptor.TransactionAspectSupport.invokeWithinTransaction(TransactionAspectSupport.java:380)
	at org.springframework.transaction.interceptor.TransactionInterceptor.invoke(TransactionInterceptor.java:119)
	at org.springframework.aop.framework.ReflectiveMethodInvocation.proceed(ReflectiveMethodInvocation.java:184)
	at org.springframework.aop.framework.CglibAopProxy$DynamicAdvisedInterceptor.intercept(CglibAopProxy.java:728)
	at hr.algebra.rapid.logisticsandfleetmanagementsystem.service.impl.AssignmentServiceImpl$$SpringCGLIB$$1.createAssignment(<generated>)
	at hr.algebra.rapid.logisticsandfleetmanagementsystem.integration.AssignmentCreationIntegrationTest.testOptimizeAssignmentOrderWithMultipleShipments(AssignmentCreationIntegrationTest.java:204)
	at java.base/java.lang.reflect.Method.invoke(Method.java:580)
	at java.base/java.util.ArrayList.forEach(ArrayList.java:1597)
	at java.base/java.util.ArrayList.forEach(ArrayList.java:1597)

[ERROR] hr.algebra.rapid.logisticsandfleetmanagementsystem.integration.AssignmentCreationIntegrationTest.testStartAssignmentWithWrongDriver -- Time elapsed: 0.067 s <<< ERROR!
java.lang.NullPointerException: Cannot invoke "java.util.Collection.toArray()" because "c" is null
	at java.base/java.util.ArrayList.<init>(ArrayList.java:182)
	at hr.algebra.rapid.logisticsandfleetmanagementsystem.service.impl.AssignmentServiceImpl.optimizeAssignmentOrder(AssignmentServiceImpl.java:257)
	at java.base/jdk.internal.reflect.DirectMethodHandleAccessor.invoke(DirectMethodHandleAccessor.java:103)
	at java.base/java.lang.reflect.Method.invoke(Method.java:580)
	at org.springframework.aop.support.AopUtils.invokeJoinpointUsingReflection(AopUtils.java:360)
	at org.springframework.aop.framework.ReflectiveMethodInvocation.invokeJoinpoint(ReflectiveMethodInvocation.java:196)
	at org.springframework.aop.framework.ReflectiveMethodInvocation.proceed(ReflectiveMethodInvocation.java:163)
	at org.springframework.transaction.interceptor.TransactionAspectSupport.invokeWithinTransaction(TransactionAspectSupport.java:380)
	at org.springframework.transaction.interceptor.TransactionInterceptor.invoke(TransactionInterceptor.java:119)
	at org.springframework.aop.framework.ReflectiveMethodInvocation.proceed(ReflectiveMethodInvocation.java:184)
	at org.springframework.aop.framework.CglibAopProxy$DynamicAdvisedInterceptor.intercept(CglibAopProxy.java:728)
	at hr.algebra.rapid.logisticsandfleetmanagementsystem.service.impl.AssignmentServiceImpl$$SpringCGLIB$$1.optimizeAssignmentOrder(<generated>)
	at java.base/jdk.internal.reflect.DirectMethodHandleAccessor.invoke(DirectMethodHandleAccessor.java:103)
	at java.base/java.lang.reflect.Method.invoke(Method.java:580)
	at org.springframework.aop.support.AopUtils.invokeJoinpointUsingReflection(AopUtils.java:360)
	at org.springframework.aop.framework.CglibAopProxy$DynamicAdvisedInterceptor.intercept(CglibAopProxy.java:724)
	at hr.algebra.rapid.logisticsandfleetmanagementsystem.service.impl.AssignmentServiceImpl$$SpringCGLIB$$0.optimizeAssignmentOrder(<generated>)
	at hr.algebra.rapid.logisticsandfleetmanagementsystem.service.impl.AssignmentServiceImpl.createAssignment(AssignmentServiceImpl.java:146)
	at java.base/jdk.internal.reflect.DirectMethodHandleAccessor.invoke(DirectMethodHandleAccessor.java:103)
	at java.base/java.lang.reflect.Method.invoke(Method.java:580)
	at org.springframework.aop.support.AopUtils.invokeJoinpointUsingReflection(AopUtils.java:360)
	at org.springframework.aop.framework.ReflectiveMethodInvocation.invokeJoinpoint(ReflectiveMethodInvocation.java:196)
	at org.springframework.aop.framework.ReflectiveMethodInvocation.proceed(ReflectiveMethodInvocation.java:163)
	at org.springframework.transaction.interceptor.TransactionAspectSupport.invokeWithinTransaction(TransactionAspectSupport.java:380)
	at org.springframework.transaction.interceptor.TransactionInterceptor.invoke(TransactionInterceptor.java:119)
	at org.springframework.aop.framework.ReflectiveMethodInvocation.proceed(ReflectiveMethodInvocation.java:184)
	at org.springframework.aop.framework.CglibAopProxy$DynamicAdvisedInterceptor.intercept(CglibAopProxy.java:728)
	at hr.algebra.rapid.logisticsandfleetmanagementsystem.service.impl.AssignmentServiceImpl$$SpringCGLIB$$1.createAssignment(<generated>)
	at hr.algebra.rapid.logisticsandfleetmanagementsystem.integration.AssignmentCreationIntegrationTest.testStartAssignmentWithWrongDriver(AssignmentCreationIntegrationTest.java:268)
	at java.base/java.lang.reflect.Method.invoke(Method.java:580)
	at java.base/java.util.ArrayList.forEach(ArrayList.java:1597)
	at java.base/java.util.ArrayList.forEach(ArrayList.java:1597)

[ERROR] hr.algebra.rapid.logisticsandfleetmanagementsystem.integration.AssignmentCreationIntegrationTest.testFindAssignmentsByDriver -- Time elapsed: 0.025 s <<< ERROR!
java.lang.NullPointerException: Cannot invoke "java.util.Collection.toArray()" because "c" is null
	at java.base/java.util.ArrayList.<init>(ArrayList.java:182)
	at hr.algebra.rapid.logisticsandfleetmanagementsystem.service.impl.AssignmentServiceImpl.optimizeAssignmentOrder(AssignmentServiceImpl.java:257)
	at java.base/jdk.internal.reflect.DirectMethodHandleAccessor.invoke(DirectMethodHandleAccessor.java:103)
	at java.base/java.lang.reflect.Method.invoke(Method.java:580)
	at org.springframework.aop.support.AopUtils.invokeJoinpointUsingReflection(AopUtils.java:360)
	at org.springframework.aop.framework.ReflectiveMethodInvocation.invokeJoinpoint(ReflectiveMethodInvocation.java:196)
	at org.springframework.aop.framework.ReflectiveMethodInvocation.proceed(ReflectiveMethodInvocation.java:163)
	at org.springframework.transaction.interceptor.TransactionAspectSupport.invokeWithinTransaction(TransactionAspectSupport.java:380)
	at org.springframework.transaction.interceptor.TransactionInterceptor.invoke(TransactionInterceptor.java:119)
	at org.springframework.aop.framework.ReflectiveMethodInvocation.proceed(ReflectiveMethodInvocation.java:184)
	at org.springframework.aop.framework.CglibAopProxy$DynamicAdvisedInterceptor.intercept(CglibAopProxy.java:728)
	at hr.algebra.rapid.logisticsandfleetmanagementsystem.service.impl.AssignmentServiceImpl$$SpringCGLIB$$1.optimizeAssignmentOrder(<generated>)
	at java.base/jdk.internal.reflect.DirectMethodHandleAccessor.invoke(DirectMethodHandleAccessor.java:103)
	at java.base/java.lang.reflect.Method.invoke(Method.java:580)
	at org.springframework.aop.support.AopUtils.invokeJoinpointUsingReflection(AopUtils.java:360)
	at org.springframework.aop.framework.CglibAopProxy$DynamicAdvisedInterceptor.intercept(CglibAopProxy.java:724)
	at hr.algebra.rapid.logisticsandfleetmanagementsystem.service.impl.AssignmentServiceImpl$$SpringCGLIB$$0.optimizeAssignmentOrder(<generated>)
	at hr.algebra.rapid.logisticsandfleetmanagementsystem.service.impl.AssignmentServiceImpl.createAssignment(AssignmentServiceImpl.java:146)
	at java.base/jdk.internal.reflect.DirectMethodHandleAccessor.invoke(DirectMethodHandleAccessor.java:103)
	at java.base/java.lang.reflect.Method.invoke(Method.java:580)
	at org.springframework.aop.support.AopUtils.invokeJoinpointUsingReflection(AopUtils.java:360)
	at org.springframework.aop.framework.ReflectiveMethodInvocation.invokeJoinpoint(ReflectiveMethodInvocation.java:196)
	at org.springframework.aop.framework.ReflectiveMethodInvocation.proceed(ReflectiveMethodInvocation.java:163)
	at org.springframework.transaction.interceptor.TransactionAspectSupport.invokeWithinTransaction(TransactionAspectSupport.java:380)
	at org.springframework.transaction.interceptor.TransactionInterceptor.invoke(TransactionInterceptor.java:119)
	at org.springframework.aop.framework.ReflectiveMethodInvocation.proceed(ReflectiveMethodInvocation.java:184)
	at org.springframework.aop.framework.CglibAopProxy$DynamicAdvisedInterceptor.intercept(CglibAopProxy.java:728)
	at hr.algebra.rapid.logisticsandfleetmanagementsystem.service.impl.AssignmentServiceImpl$$SpringCGLIB$$1.createAssignment(<generated>)
	at hr.algebra.rapid.logisticsandfleetmanagementsystem.integration.AssignmentCreationIntegrationTest.testFindAssignmentsByDriver(AssignmentCreationIntegrationTest.java:256)
	at java.base/java.lang.reflect.Method.invoke(Method.java:580)
	at java.base/java.util.ArrayList.forEach(ArrayList.java:1597)
	at java.base/java.util.ArrayList.forEach(ArrayList.java:1597)

[ERROR] hr.algebra.rapid.logisticsandfleetmanagementsystem.integration.AssignmentCreationIntegrationTest.testStartAssignmentWorkflow -- Time elapsed: 0.030 s <<< ERROR!
java.lang.NullPointerException: Cannot invoke "java.util.Collection.toArray()" because "c" is null
	at java.base/java.util.ArrayList.<init>(ArrayList.java:182)
	at hr.algebra.rapid.logisticsandfleetmanagementsystem.service.impl.AssignmentServiceImpl.optimizeAssignmentOrder(AssignmentServiceImpl.java:257)
	at java.base/jdk.internal.reflect.DirectMethodHandleAccessor.invoke(DirectMethodHandleAccessor.java:103)
	at java.base/java.lang.reflect.Method.invoke(Method.java:580)
	at org.springframework.aop.support.AopUtils.invokeJoinpointUsingReflection(AopUtils.java:360)
	at org.springframework.aop.framework.ReflectiveMethodInvocation.invokeJoinpoint(ReflectiveMethodInvocation.java:196)
	at org.springframework.aop.framework.ReflectiveMethodInvocation.proceed(ReflectiveMethodInvocation.java:163)
	at org.springframework.transaction.interceptor.TransactionAspectSupport.invokeWithinTransaction(TransactionAspectSupport.java:380)
	at org.springframework.transaction.interceptor.TransactionInterceptor.invoke(TransactionInterceptor.java:119)
	at org.springframework.aop.framework.ReflectiveMethodInvocation.proceed(ReflectiveMethodInvocation.java:184)
	at org.springframework.aop.framework.CglibAopProxy$DynamicAdvisedInterceptor.intercept(CglibAopProxy.java:728)
	at hr.algebra.rapid.logisticsandfleetmanagementsystem.service.impl.AssignmentServiceImpl$$SpringCGLIB$$1.optimizeAssignmentOrder(<generated>)
	at java.base/jdk.internal.reflect.DirectMethodHandleAccessor.invoke(DirectMethodHandleAccessor.java:103)
	at java.base/java.lang.reflect.Method.invoke(Method.java:580)
	at org.springframework.aop.support.AopUtils.invokeJoinpointUsingReflection(AopUtils.java:360)
	at org.springframework.aop.framework.CglibAopProxy$DynamicAdvisedInterceptor.intercept(CglibAopProxy.java:724)
	at hr.algebra.rapid.logisticsandfleetmanagementsystem.service.impl.AssignmentServiceImpl$$SpringCGLIB$$0.optimizeAssignmentOrder(<generated>)
	at hr.algebra.rapid.logisticsandfleetmanagementsystem.service.impl.AssignmentServiceImpl.createAssignment(AssignmentServiceImpl.java:146)
	at java.base/jdk.internal.reflect.DirectMethodHandleAccessor.invoke(DirectMethodHandleAccessor.java:103)
	at java.base/java.lang.reflect.Method.invoke(Method.java:580)
	at org.springframework.aop.support.AopUtils.invokeJoinpointUsingReflection(AopUtils.java:360)
	at org.springframework.aop.framework.ReflectiveMethodInvocation.invokeJoinpoint(ReflectiveMethodInvocation.java:196)
	at org.springframework.aop.framework.ReflectiveMethodInvocation.proceed(ReflectiveMethodInvocation.java:163)
	at org.springframework.transaction.interceptor.TransactionAspectSupport.invokeWithinTransaction(TransactionAspectSupport.java:380)
	at org.springframework.transaction.interceptor.TransactionInterceptor.invoke(TransactionInterceptor.java:119)
	at org.springframework.aop.framework.ReflectiveMethodInvocation.proceed(ReflectiveMethodInvocation.java:184)
	at org.springframework.aop.framework.CglibAopProxy$DynamicAdvisedInterceptor.intercept(CglibAopProxy.java:728)
	at hr.algebra.rapid.logisticsandfleetmanagementsystem.service.impl.AssignmentServiceImpl$$SpringCGLIB$$1.createAssignment(<generated>)
	at hr.algebra.rapid.logisticsandfleetmanagementsystem.integration.AssignmentCreationIntegrationTest.testStartAssignmentWorkflow(AssignmentCreationIntegrationTest.java:165)
	at java.base/java.lang.reflect.Method.invoke(Method.java:580)
	at java.base/java.util.ArrayList.forEach(ArrayList.java:1597)
	at java.base/java.util.ArrayList.forEach(ArrayList.java:1597)

[ERROR] hr.algebra.rapid.logisticsandfleetmanagementsystem.integration.AssignmentCreationIntegrationTest.testNearestNeighborRouteOptimization -- Time elapsed: 0.051 s <<< ERROR!
java.lang.NullPointerException: Cannot invoke "java.util.Collection.toArray()" because "c" is null
	at java.base/java.util.ArrayList.<init>(ArrayList.java:182)
	at hr.algebra.rapid.logisticsandfleetmanagementsystem.service.impl.AssignmentServiceImpl.optimizeAssignmentOrder(AssignmentServiceImpl.java:257)
	at java.base/jdk.internal.reflect.DirectMethodHandleAccessor.invoke(DirectMethodHandleAccessor.java:103)
	at java.base/java.lang.reflect.Method.invoke(Method.java:580)
	at org.springframework.aop.support.AopUtils.invokeJoinpointUsingReflection(AopUtils.java:360)
	at org.springframework.aop.framework.ReflectiveMethodInvocation.invokeJoinpoint(ReflectiveMethodInvocation.java:196)
	at org.springframework.aop.framework.ReflectiveMethodInvocation.proceed(ReflectiveMethodInvocation.java:163)
	at org.springframework.transaction.interceptor.TransactionAspectSupport.invokeWithinTransaction(TransactionAspectSupport.java:380)
	at org.springframework.transaction.interceptor.TransactionInterceptor.invoke(TransactionInterceptor.java:119)
	at org.springframework.aop.framework.ReflectiveMethodInvocation.proceed(ReflectiveMethodInvocation.java:184)
	at org.springframework.aop.framework.CglibAopProxy$DynamicAdvisedInterceptor.intercept(CglibAopProxy.java:728)
	at hr.algebra.rapid.logisticsandfleetmanagementsystem.service.impl.AssignmentServiceImpl$$SpringCGLIB$$1.optimizeAssignmentOrder(<generated>)
	at java.base/jdk.internal.reflect.DirectMethodHandleAccessor.invoke(DirectMethodHandleAccessor.java:103)
	at java.base/java.lang.reflect.Method.invoke(Method.java:580)
	at org.springframework.aop.support.AopUtils.invokeJoinpointUsingReflection(AopUtils.java:360)
	at org.springframework.aop.framework.CglibAopProxy$DynamicAdvisedInterceptor.intercept(CglibAopProxy.java:724)
	at hr.algebra.rapid.logisticsandfleetmanagementsystem.service.impl.AssignmentServiceImpl$$SpringCGLIB$$0.optimizeAssignmentOrder(<generated>)
	at hr.algebra.rapid.logisticsandfleetmanagementsystem.service.impl.AssignmentServiceImpl.createAssignment(AssignmentServiceImpl.java:146)
	at java.base/jdk.internal.reflect.DirectMethodHandleAccessor.invoke(DirectMethodHandleAccessor.java:103)
	at java.base/java.lang.reflect.Method.invoke(Method.java:580)
	at org.springframework.aop.support.AopUtils.invokeJoinpointUsingReflection(AopUtils.java:360)
	at org.springframework.aop.framework.ReflectiveMethodInvocation.invokeJoinpoint(ReflectiveMethodInvocation.java:196)
	at org.springframework.aop.framework.ReflectiveMethodInvocation.proceed(ReflectiveMethodInvocation.java:163)
	at org.springframework.transaction.interceptor.TransactionAspectSupport.invokeWithinTransaction(TransactionAspectSupport.java:380)
	at org.springframework.transaction.interceptor.TransactionInterceptor.invoke(TransactionInterceptor.java:119)
	at org.springframework.aop.framework.ReflectiveMethodInvocation.proceed(ReflectiveMethodInvocation.java:184)
	at org.springframework.aop.framework.CglibAopProxy$DynamicAdvisedInterceptor.intercept(CglibAopProxy.java:728)
	at hr.algebra.rapid.logisticsandfleetmanagementsystem.service.impl.AssignmentServiceImpl$$SpringCGLIB$$1.createAssignment(<generated>)
	at hr.algebra.rapid.logisticsandfleetmanagementsystem.integration.AssignmentCreationIntegrationTest.testNearestNeighborRouteOptimization(AssignmentCreationIntegrationTest.java:387)
	at java.base/java.lang.reflect.Method.invoke(Method.java:580)
	at java.base/java.util.ArrayList.forEach(ArrayList.java:1597)
	at java.base/java.util.ArrayList.forEach(ArrayList.java:1597)

[INFO] 
[INFO] Results:
[INFO] 
[ERROR] Errors: 
[ERROR]   AssignmentCreationIntegrationTest.testCompleteAssignmentBeforeStartFails:299 ╗ NullPointer Cannot invoke "java.util.Collection.toArray()" because "c" is null
[ERROR]   AssignmentCreationIntegrationTest.testCompleteAssignmentSuccess:222 ╗ NullPointer Cannot invoke "java.util.Collection.toArray()" because "c" is null
[ERROR]   AssignmentCreationIntegrationTest.testCreateAssignmentPersistence:153 ╗ NullPointer Cannot invoke "java.util.Collection.toArray()" because "c" is null
[ERROR]   AssignmentCreationIntegrationTest.testDeleteAssignmentFlow:134 ╗ NullPointer Cannot invoke "java.util.Collection.toArray()" because "c" is null
[ERROR]   AssignmentCreationIntegrationTest.testFindAssignmentsByDriver:256 ╗ NullPointer Cannot invoke "java.util.Collection.toArray()" because "c" is null
[ERROR]   AssignmentCreationIntegrationTest.testNearestNeighborRouteOptimization:387 ╗ NullPointer Cannot invoke "java.util.Collection.toArray()" because "c" is null
[ERROR]   AssignmentCreationIntegrationTest.testOptimizeAssignmentOrderWithMultipleShipments:204 ╗ NullPointer Cannot invoke "java.util.Collection.toArray()" because "c" is null
[ERROR]   AssignmentCreationIntegrationTest.testStartAssignmentWithWrongDriver:268 ╗ NullPointer Cannot invoke "java.util.Collection.toArray()" because "c" is null
[ERROR]   AssignmentCreationIntegrationTest.testStartAssignmentWorkflow:165 ╗ NullPointer Cannot invoke "java.util.Collection.toArray()" because "c" is null
[ERROR]   AssignmentCreationIntegrationTest.testUpdateAssignmentStatusDirectly:310 ╗ NullPointer Cannot invoke "java.util.Collection.toArray()" because "c" is null
[INFO] 
[ERROR] Tests run: 14, Failures: 0, Errors: 10, Skipped: 0
[INFO] 
[INFO] ------------------------------------------------------------------------
[INFO] BUILD FAILURE
[INFO] ------------------------------------------------------------------------
[INFO] Total time:  23.187 s
[INFO] Finished at: 2026-01-01T15:15:26+01:00
[INFO] ------------------------------------------------------------------------
[ERROR] Failed to execute goal org.apache.maven.plugins:maven-surefire-plugin:3.5.4:test (default-test) on project LogisticsAndFleetManagementSystem: 
[ERROR] 
[ERROR] See C:\Users\misla\Desktop\3.SEMESTAR ALGEBRA\RapidJava\Project\rapid-java-project\target\surefire-reports for the individual test results.
[ERROR] See dump files (if any exist) [date].dump, [date]-jvmRun[N].dump and [date].dumpstream.
[ERROR] -> [Help 1]
[ERROR] 
[ERROR] To see the full stack trace of the errors, re-run Maven with the -e switch.
[ERROR] Re-run Maven using the -X switch to enable full debug logging.
[ERROR] 
[ERROR] For more information about the errors and possible solutions, please read the following articles:
[ERROR] [Help 1] http://cwiki.apache.org/confluence/display/MAVEN/MojoFailureException
